169.234.207.226 - hosubl [04/Apr/2015:12:22:36 -0700] "GET /allTogetherDrawV10/ajax/fetch HTTP/1.1" 200 36 "http://crowd-coding-dev.appspot.com/allTogetherDrawV10" "Mozilla/5.0 (Windows NT 6.1) AppleWebKit/537.36 (KHTML, like Gecko) Chrome/41.0.2272.118 Safari/537.36" "crowd-coding-dev.appspot.com" ms=75 cpu_ms=41 cpm_usd=0.000004 instance=00c61b117c6eeee6beec32809ef77dfc1ecae9eb app_engine_release=1.9.18
A 12:22:52.151 2015-04-04  200      36 B    78ms /allTogetherDrawV10/ajax/fetch
169.234.207.226 - hosubl [04/Apr/2015:12:22:52 -0700] "GET /allTogetherDrawV10/ajax/fetch HTTP/1.1" 200 36 "http://crowd-coding-dev.appspot.com/allTogetherDrawV10" "Mozilla/5.0 (Windows NT 6.1) AppleWebKit/537.36 (KHTML, like Gecko) Chrome/41.0.2272.118 Safari/537.36" "crowd-coding-dev.appspot.com" ms=78 cpu_ms=82 cpm_usd=0.000004 instance=00c61b117c6eeee6beec32809ef77dfc1ecae9eb app_engine_release=1.9.18
A 12:23:07.365 2015-04-04  200      36 B    66ms /allTogetherDrawV10/ajax/fetch
169.234.207.226 - hosubl [04/Apr/2015:12:23:07 -0700] "GET /allTogetherDrawV10/ajax/fetch HTTP/1.1" 200 36 "http://crowd-coding-dev.appspot.com/allTogetherDrawV10" "Mozilla/5.0 (Windows NT 6.1) AppleWebKit/537.36 (KHTML, like Gecko) Chrome/41.0.2272.118 Safari/537.36" "crowd-coding-dev.appspot.com" ms=66 cpu_ms=20 cpm_usd=0.000004 instance=00c61b117c6eeee6beec32809ef77dfc1ecae9eb app_engine_release=1.9.18
A 12:23:22.536 2015-04-04  200      36 B    69ms /allTogetherDrawV10/ajax/fetch
169.234.207.226 - hosubl [04/Apr/2015:12:23:22 -0700] "GET /allTogetherDrawV10/ajax/fetch HTTP/1.1" 200 36 "http://crowd-coding-dev.appspot.com/allTogetherDrawV10" "Mozilla/5.0 (Windows NT 6.1) AppleWebKit/537.36 (KHTML, like Gecko) Chrome/41.0.2272.118 Safari/537.36" "crowd-coding-dev.appspot.com" ms=69 cpu_ms=41 cpm_usd=0.000004 instance=00c61b117c6eeee6beec32809ef77dfc1ecae9eb app_engine_release=1.9.18
A 12:23:24.494 2015-04-04  200      36 B   268ms /allTogetherDrawV10/ajax/enqueue?type=WriteTest&key=4828464645406720-5668600916475904&skip=false&disablepoint=false
187.36.44.59 - joaohenrique.jhsp [04/Apr/2015:12:23:24 -0700] "POST /allTogetherDrawV10/ajax/enqueue?type=WriteTest&key=4828464645406720-5668600916475904&skip=false&disablepoint=false HTTP/1.1" 200 36 "http://crowd-coding-dev.appspot.com/allTogetherDrawV10" "Mozilla/5.0 (Windows NT 6.1; WOW64) AppleWebKit/537.36 (KHTML, like Gecko) Chrome/41.0.2272.101 Safari/537.36" "crowd-coding-dev.appspot.com" ms=268 cpu_ms=53 cpm_usd=0.000082 instance=00c61b117c6eeee6beec32809ef77dfc1ecae9eb app_engine_release=1.9.18
A 12:23:24.796 2015-04-04  200       0 B   379ms /worker
0.1.0.2 - - [04/Apr/2015:12:23:24 -0700] "POST /worker HTTP/1.1" 200 0 "http://crowd-coding-dev.appspot.com/allTogetherDrawV10/ajax/enqueue?type=WriteTest&key=4828464645406720-5668600916475904&skip=false&disablepoint=false" "AppEngine-Google; (+http://code.google.com/appengine)" "crowd-coding-dev.appspot.com" ms=379 cpu_ms=153 cpm_usd=0.000341 queue_name=default task_name=21413694936966910541 instance=00c61b117c6eeee6beec32809ef77dfc1ecae9eb app_engine_release=1.9.18
A 12:23:38.918 2015-04-04  200     106 B   1.29s /allTogetherDrawV10/ajax/fetch
169.234.207.226 - hosubl [04/Apr/2015:12:23:38 -0700] "GET /allTogetherDrawV10/ajax/fetch HTTP/1.1" 200 106 "http://crowd-coding-dev.appspot.com/allTogetherDrawV10" "Mozilla/5.0 (Windows NT 6.1) AppleWebKit/537.36 (KHTML, like Gecko) Chrome/41.0.2272.118 Safari/537.36" "crowd-coding-dev.appspot.com" ms=1286 cpu_ms=103 cpm_usd=0.000211 instance=00c61b117c6eeee6beec32809ef77dfc1ecae9eb app_engine_release=1.9.18
A 12:23:40.464 2015-04-04  200      36 B    82ms /allTogetherDrawV10/ajax/fetch
187.36.44.59 - joaohenrique.jhsp [04/Apr/2015:12:23:40 -0700] "GET /allTogetherDrawV10/ajax/fetch HTTP/1.1" 200 36 "http://crowd-coding-dev.appspot.com/allTogetherDrawV10" "Mozilla/5.0 (Windows NT 6.1; WOW64) AppleWebKit/537.36 (KHTML, like Gecko) Chrome/41.0.2272.101 Safari/537.36" "crowd-coding-dev.appspot.com" ms=82 cpu_ms=41 cpm_usd=0.000004 instance=00c61b117c6eeee6beec32809ef77dfc1ecae9eb app_engine_release=1.9.18
A 12:23:49.304 2015-04-04  200      36 B   252ms /allTogetherDrawV10/ajax/enqueue?type=Review&key=4828464645406720-5741031244955648&skip=false&disablepoint=false
169.234.207.226 - hosubl [04/Apr/2015:12:23:49 -0700] "POST /allTogetherDrawV10/ajax/enqueue?type=Review&key=4828464645406720-5741031244955648&skip=false&disablepoint=false HTTP/1.1" 200 36 "http://crowd-coding-dev.appspot.com/allTogetherDrawV10" "Mozilla/5.0 (Windows NT 6.1) AppleWebKit/537.36 (KHTML, like Gecko) Chrome/41.0.2272.118 Safari/537.36" "crowd-coding-dev.appspot.com" ms=252 cpu_ms=54 cpm_usd=0.000081 instance=00c61b117c6eeee6beec32809ef77dfc1ecae9eb app_engine_release=1.9.18
A 12:23:50.611 2015-04-04  200       0 B   1.38s /worker
0.1.0.2 - - [04/Apr/2015:12:23:50 -0700] "POST /worker HTTP/1.1" 200 0 "http://crowd-coding-dev.appspot.com/allTogetherDrawV10/ajax/enqueue?type=Review&key=4828464645406720-5741031244955648&skip=false&disablepoint=false" "AppEngine-Google; (+http://code.google.com/appengine)" "crowd-coding-dev.appspot.com" ms=1381 cpu_ms=298 cpm_usd=0.000942 queue_name=default task_name=13852049031958583511 instance=00c61b117c6eeee6beec32809ef77dfc1ecae9eb app_engine_release=1.9.18
A 12:23:56.464 2015-04-04  200      36 B    84ms /allTogetherDrawV10/ajax/fetch
187.36.44.59 - joaohenrique.jhsp [04/Apr/2015:12:23:56 -0700] "GET /allTogetherDrawV10/ajax/fetch HTTP/1.1" 200 36 "http://crowd-coding-dev.appspot.com/allTogetherDrawV10" "Mozilla/5.0 (Windows NT 6.1; WOW64) AppleWebKit/537.36 (KHTML, like Gecko) Chrome/41.0.2272.101 Safari/537.36" "crowd-coding-dev.appspot.com" ms=84 cpu_ms=41 cpm_usd=0.000004 instance=00c61b117c6eeee6beec32809ef77dfc1ecae9eb app_engine_release=1.9.18
A 12:24:04.554 2015-04-04  200      36 B   143ms /allTogetherDrawV10/ajax/fetch
169.234.207.226 - hosubl [04/Apr/2015:12:24:04 -0700] "GET /allTogetherDrawV10/ajax/fetch HTTP/1.1" 200 36 "http://crowd-coding-dev.appspot.com/allTogetherDrawV10" "Mozilla/5.0 (Windows NT 6.1) AppleWebKit/537.36 (KHTML, like Gecko) Chrome/41.0.2272.118 Safari/537.36" "crowd-coding-dev.appspot.com" ms=143 cpu_ms=62 cpm_usd=0.000004 instance=00c61b117c6eeee6beec32809ef77dfc1ecae9eb app_engine_release=1.9.18
A 12:24:10.328 2015-04-04  200      36 B   262ms /allTogetherDrawV10/ajax/enqueue?type=Review&key=6604251220410368-6270652252160000&skip=false&disablepoint=false
128.195.58.186 - vijay.0288 [04/Apr/2015:12:24:10 -0700] "POST /allTogetherDrawV10/ajax/enqueue?type=Review&key=6604251220410368-6270652252160000&skip=false&disablepoint=false HTTP/1.1" 200 36 "http://crowd-coding-dev.appspot.com/allTogetherDrawV10" "Mozilla/5.0 (Windows NT 6.1; WOW64) AppleWebKit/537.36 (KHTML, like Gecko) Chrome/41.0.2272.118 Safari/537.36" "crowd-coding-dev.appspot.com" ms=262 cpu_ms=53 cpm_usd=0.000078 instance=00c61b117c6eeee6beec32809ef77dfc1ecae9eb app_engine_release=1.9.18
A 12:24:12.078 2015-04-04  200     106 B   354ms /allTogetherDrawV10/ajax/fetch
187.36.44.59 - joaohenrique.jhsp [04/Apr/2015:12:24:12 -0700] "GET /allTogetherDrawV10/ajax/fetch HTTP/1.1" 200 106 "http://crowd-coding-dev.appspot.com/allTogetherDrawV10" "Mozilla/5.0 (Windows NT 6.1; WOW64) AppleWebKit/537.36 (KHTML, like Gecko) Chrome/41.0.2272.101 Safari/537.36" "crowd-coding-dev.appspot.com" ms=354 cpu_ms=52 cpm_usd=0.000207 instance=00c61b117c6eeee6beec32809ef77dfc1ecae9eb app_engine_release=1.9.18
A 12:24:15.011 2015-04-04  200       0 B   4.75s /worker
0.1.0.2 - - [04/Apr/2015:12:24:15 -0700] "POST /worker HTTP/1.1" 200 0 "http://crowd-coding-dev.appspot.com/allTogetherDrawV10/ajax/enqueue?type=Review&key=6604251220410368-6270652252160000&skip=false&disablepoint=false" "AppEngine-Google; (+http://code.google.com/appengine)" "crowd-coding-dev.appspot.com" ms=4751 cpu_ms=310 cpm_usd=0.000833 queue_name=default task_name=47992694936966910541 instance=00c61b117c6eeee6beec32809ef77dfc1ecae9eb app_engine_release=1.9.18
A 12:24:19.728 2015-04-04  200      36 B    66ms /allTogetherDrawV10/ajax/fetch
169.234.207.226 - hosubl [04/Apr/2015:12:24:19 -0700] "GET /allTogetherDrawV10/ajax/fetch HTTP/1.1" 200 36 "http://crowd-coding-dev.appspot.com/allTogetherDrawV10" "Mozilla/5.0 (Windows NT 6.1) AppleWebKit/537.36 (KHTML, like Gecko) Chrome/41.0.2272.118 Safari/537.36" "crowd-coding-dev.appspot.com" ms=66 cpu_ms=41 cpm_usd=0.000004 instance=00c61b117c6eeee6beec32809ef77dfc1ecae9eb app_engine_release=1.9.18
A 12:24:25.488 2015-04-04  200      36 B    65ms /allTogetherDrawV10/ajax/fetch
128.195.58.186 - vijay.0288 [04/Apr/2015:12:24:25 -0700] "GET /allTogetherDrawV10/ajax/fetch HTTP/1.1" 200 36 - "Mozilla/5.0 (Windows NT 6.1; WOW64) AppleWebKit/537.36 (KHTML, like Gecko) Chrome/41.0.2272.118 Safari/537.36" "crowd-coding-dev.appspot.com" ms=65 cpu_ms=82 cpm_usd=0.000004 instance=00c61b117c6eeee6beec32809ef77dfc1ecae9eb app_engine_release=1.9.18
A 12:24:34.935 2015-04-04  200      36 B    66ms /allTogetherDrawV10/ajax/fetch
169.234.207.226 - hosubl [04/Apr/2015:12:24:34 -0700] "GET /allTogetherDrawV10/ajax/fetch HTTP/1.1" 200 36 "http://crowd-coding-dev.appspot.com/allTogetherDrawV10" "Mozilla/5.0 (Windows NT 6.1) AppleWebKit/537.36 (KHTML, like Gecko) Chrome/41.0.2272.118 Safari/537.36" "crowd-coding-dev.appspot.com" ms=66 cpu_ms=20 cpm_usd=0.000004 instance=00c61b117c6eeee6beec32809ef77dfc1ecae9eb app_engine_release=1.9.18
A 12:24:40.704 2015-04-04  200      36 B   126ms /allTogetherDrawV10/ajax/fetch
128.195.58.186 - vijay.0288 [04/Apr/2015:12:24:40 -0700] "GET /allTogetherDrawV10/ajax/fetch HTTP/1.1" 200 36 - "Mozilla/5.0 (Windows NT 6.1; WOW64) AppleWebKit/537.36 (KHTML, like Gecko) Chrome/41.0.2272.118 Safari/537.36" "crowd-coding-dev.appspot.com" ms=126 cpu_ms=41 cpm_usd=0.000004 instance=00c61b117c6eeee6beec32809ef77dfc1ecae9eb app_engine_release=1.9.18
A 12:24:50.098 2015-04-04  200      36 B    67ms /allTogetherDrawV10/ajax/fetch
169.234.207.226 - hosubl [04/Apr/2015:12:24:50 -0700] "GET /allTogetherDrawV10/ajax/fetch HTTP/1.1" 200 36 "http://crowd-coding-dev.appspot.com/allTogetherDrawV10" "Mozilla/5.0 (Windows NT 6.1) AppleWebKit/537.36 (KHTML, like Gecko) Chrome/41.0.2272.118 Safari/537.36" "crowd-coding-dev.appspot.com" ms=67 cpu_ms=41 cpm_usd=0.000004 instance=00c61b117c6eeee6beec32809ef77dfc1ecae9eb app_engine_release=1.9.18
A 12:24:55.863 2015-04-04  200      36 B    74ms /allTogetherDrawV10/ajax/fetch
128.195.58.186 - vijay.0288 [04/Apr/2015:12:24:55 -0700] "GET /allTogetherDrawV10/ajax/fetch HTTP/1.1" 200 36 - "Mozilla/5.0 (Windows NT 6.1; WOW64) AppleWebKit/537.36 (KHTML, like Gecko) Chrome/41.0.2272.118 Safari/537.36" "crowd-coding-dev.appspot.com" ms=74 cpu_ms=41 cpm_usd=0.000004 instance=00c61b117c6eeee6beec32809ef77dfc1ecae9eb app_engine_release=1.9.18
A 12:25:05.303 2015-04-04  200      36 B   120ms /allTogetherDrawV10/ajax/fetch
169.234.207.226 - hosubl [04/Apr/2015:12:25:05 -0700] "GET /allTogetherDrawV10/ajax/fetch HTTP/1.1" 200 36 "http://crowd-coding-dev.appspot.com/allTogetherDrawV10" "Mozilla/5.0 (Windows NT 6.1) AppleWebKit/537.36 (KHTML, like Gecko) Chrome/41.0.2272.118 Safari/537.36" "crowd-coding-dev.appspot.com" ms=120 cpu_ms=62 cpm_usd=0.000004 instance=00c61b117c6eeee6beec32809ef77dfc1ecae9eb app_engine_release=1.9.18
A 12:25:11.025 2015-04-04  200      36 B    64ms /allTogetherDrawV10/ajax/fetch
128.195.58.186 - vijay.0288 [04/Apr/2015:12:25:11 -0700] "GET /allTogetherDrawV10/ajax/fetch HTTP/1.1" 200 36 - "Mozilla/5.0 (Windows NT 6.1; WOW64) AppleWebKit/537.36 (KHTML, like Gecko) Chrome/41.0.2272.118 Safari/537.36" "crowd-coding-dev.appspot.com" ms=64 cpu_ms=41 cpm_usd=0.000004 instance=00c61b117c6eeee6beec32809ef77dfc1ecae9eb app_engine_release=1.9.18
A 12:25:20.478 2015-04-04  200      36 B    75ms /allTogetherDrawV10/ajax/fetch
169.234.207.226 - hosubl [04/Apr/2015:12:25:20 -0700] "GET /allTogetherDrawV10/ajax/fetch HTTP/1.1" 200 36 "http://crowd-coding-dev.appspot.com/allTogetherDrawV10" "Mozilla/5.0 (Windows NT 6.1) AppleWebKit/537.36 (KHTML, like Gecko) Chrome/41.0.2272.118 Safari/537.36" "crowd-coding-dev.appspot.com" ms=75 cpu_ms=62 cpm_usd=0.000004 instance=00c61b117c6eeee6beec32809ef77dfc1ecae9eb app_engine_release=1.9.18
A 12:25:26.200 2015-04-04  200      36 B    71ms /allTogetherDrawV10/ajax/fetch
128.195.58.186 - vijay.0288 [04/Apr/2015:12:25:26 -0700] "GET /allTogetherDrawV10/ajax/fetch HTTP/1.1" 200 36 - "Mozilla/5.0 (Windows NT 6.1; WOW64) AppleWebKit/537.36 (KHTML, like Gecko) Chrome/41.0.2272.118 Safari/537.36" "crowd-coding-dev.appspot.com" ms=71 cpu_ms=62 cpm_usd=0.000004 instance=00c61b117c6eeee6beec32809ef77dfc1ecae9eb app_engine_release=1.9.18
A 12:25:35.706 2015-04-04  200      36 B    72ms /allTogetherDrawV10/ajax/fetch
169.234.207.226 - hosubl [04/Apr/2015:12:25:35 -0700] "GET /allTogetherDrawV10/ajax/fetch HTTP/1.1" 200 36 "http://crowd-coding-dev.appspot.com/allTogetherDrawV10" "Mozilla/5.0 (Windows NT 6.1) AppleWebKit/537.36 (KHTML, like Gecko) Chrome/41.0.2272.118 Safari/537.36" "crowd-coding-dev.appspot.com" ms=72 cpu_ms=41 cpm_usd=0.000004 instance=00c61b117c6eeee6beec32809ef77dfc1ecae9eb app_engine_release=1.9.18
A 12:25:41.359 2015-04-04  200      36 B    67ms /allTogetherDrawV10/ajax/fetch
128.195.58.186 - vijay.0288 [04/Apr/2015:12:25:41 -0700] "GET /allTogetherDrawV10/ajax/fetch HTTP/1.1" 200 36 - "Mozilla/5.0 (Windows NT 6.1; WOW64) AppleWebKit/537.36 (KHTML, like Gecko) Chrome/41.0.2272.118 Safari/537.36" "crowd-coding-dev.appspot.com" ms=67 cpu_ms=41 cpm_usd=0.000004 instance=00c61b117c6eeee6beec32809ef77dfc1ecae9eb app_engine_release=1.9.18
A 12:25:50.874 2015-04-04  200      36 B    65ms /allTogetherDrawV10/ajax/fetch
169.234.207.226 - hosubl [04/Apr/2015:12:25:50 -0700] "GET /allTogetherDrawV10/ajax/fetch HTTP/1.1" 200 36 "http://crowd-coding-dev.appspot.com/allTogetherDrawV10" "Mozilla/5.0 (Windows NT 6.1) AppleWebKit/537.36 (KHTML, like Gecko) Chrome/41.0.2272.118 Safari/537.36" "crowd-coding-dev.appspot.com" ms=65 cpu_ms=41 cpm_usd=0.000004 instance=00c61b117c6eeee6beec32809ef77dfc1ecae9eb app_engine_release=1.9.18
A 12:25:56.539 2015-04-04  200      36 B    68ms /allTogetherDrawV10/ajax/fetch
128.195.58.186 - vijay.0288 [04/Apr/2015:12:25:56 -0700] "GET /allTogetherDrawV10/ajax/fetch HTTP/1.1" 200 36 - "Mozilla/5.0 (Windows NT 6.1; WOW64) AppleWebKit/537.36 (KHTML, like Gecko) Chrome/41.0.2272.118 Safari/537.36" "crowd-coding-dev.appspot.com" ms=68 cpu_ms=41 cpm_usd=0.000004 instance=00c61b117c6eeee6beec32809ef77dfc1ecae9eb app_engine_release=1.9.18
A 12:26:06.098 2015-04-04  200      36 B    83ms /allTogetherDrawV10/ajax/fetch
169.234.207.226 - hosubl [04/Apr/2015:12:26:06 -0700] "GET /allTogetherDrawV10/ajax/fetch HTTP/1.1" 200 36 "http://crowd-coding-dev.appspot.com/allTogetherDrawV10" "Mozilla/5.0 (Windows NT 6.1) AppleWebKit/537.36 (KHTML, like Gecko) Chrome/41.0.2272.118 Safari/537.36" "crowd-coding-dev.appspot.com" ms=83 cpu_ms=62 cpm_usd=0.000004 instance=00c61b117c6eeee6beec32809ef77dfc1ecae9eb app_engine_release=1.9.18
A 12:26:06.740 2015-04-04  200      36 B   299ms /allTogetherDrawV10/ajax/enqueue?type=Review&key=6559197281910784-5178081291534336&skip=false&disablepoint=false
169.234.40.197 - ejshin1 [04/Apr/2015:12:26:06 -0700] "POST /allTogetherDrawV10/ajax/enqueue?type=Review&key=6559197281910784-5178081291534336&skip=false&disablepoint=false HTTP/1.1" 200 36 - "Mozilla/5.0 (Windows NT 6.3; WOW64) AppleWebKit/537.36 (KHTML, like Gecko) Chrome/41.0.2272.118 Safari/537.36" "crowd-coding-dev.appspot.com" ms=299 cpu_ms=37 cpm_usd=0.000080 instance=00c61b117c6eeee6beec32809ef77dfc1ecae9eb app_engine_release=1.9.18
A 12:26:07.914 2015-04-04  200       0 B   1.27s /worker
0.1.0.2 - - [04/Apr/2015:12:26:07 -0700] "POST /worker HTTP/1.1" 200 0 "http://crowd-coding-dev.appspot.com/allTogetherDrawV10/ajax/enqueue?type=Review&key=6559197281910784-5178081291534336&skip=false&disablepoint=false" "AppEngine-Google; (+http://code.google.com/appengine)" "crowd-coding-dev.appspot.com" ms=1275 cpu_ms=253 cpm_usd=0.000896 queue_name=default task_name=8644480927388605327 instance=00c61b117c6eeee6beec32809ef77dfc1ecae9eb app_engine_release=1.9.18
A 12:26:11.959 2015-04-04  200     106 B   279ms /allTogetherDrawV10/ajax/fetch
128.195.58.186 - vijay.0288 [04/Apr/2015:12:26:11 -0700] "GET /allTogetherDrawV10/ajax/fetch HTTP/1.1" 200 106 - "Mozilla/5.0 (Windows NT 6.1; WOW64) AppleWebKit/537.36 (KHTML, like Gecko) Chrome/41.0.2272.118 Safari/537.36" "crowd-coding-dev.appspot.com" ms=279 cpu_ms=62 cpm_usd=0.000211 instance=00c61b117c6eeee6beec32809ef77dfc1ecae9eb app_engine_release=1.9.18
A 12:26:21.283 2015-04-04  200      36 B    68ms /allTogetherDrawV10/ajax/fetch
169.234.207.226 - hosubl [04/Apr/2015:12:26:21 -0700] "GET /allTogetherDrawV10/ajax/fetch HTTP/1.1" 200 36 "http://crowd-coding-dev.appspot.com/allTogetherDrawV10" "Mozilla/5.0 (Windows NT 6.1) AppleWebKit/537.36 (KHTML, like Gecko) Chrome/41.0.2272.118 Safari/537.36" "crowd-coding-dev.appspot.com" ms=68 cpu_ms=62 cpm_usd=0.000004 instance=00c61b117c6eeee6beec32809ef77dfc1ecae9eb app_engine_release=1.9.18
A 12:26:21.897 2015-04-04  200      36 B    66ms /allTogetherDrawV10/ajax/fetch
169.234.40.197 - ejshin1 [04/Apr/2015:12:26:21 -0700] "GET /allTogetherDrawV10/ajax/fetch HTTP/1.1" 200 36 - "Mozilla/5.0 (Windows NT 6.3; WOW64) AppleWebKit/537.36 (KHTML, like Gecko) Chrome/41.0.2272.118 Safari/537.36" "crowd-coding-dev.appspot.com" ms=66 cpu_ms=41 cpm_usd=0.000004 instance=00c61b117c6eeee6beec32809ef77dfc1ecae9eb app_engine_release=1.9.18
A 12:26:36.561 2015-04-04  200      36 B   118ms /allTogetherDrawV10/ajax/fetch
169.234.207.226 - hosubl [04/Apr/2015:12:26:36 -0700] "GET /allTogetherDrawV10/ajax/fetch HTTP/1.1" 200 36 "http://crowd-coding-dev.appspot.com/allTogetherDrawV10" "Mozilla/5.0 (Windows NT 6.1) AppleWebKit/537.36 (KHTML, like Gecko) Chrome/41.0.2272.118 Safari/537.36" "crowd-coding-dev.appspot.com" ms=118 cpu_ms=62 cpm_usd=0.000004 instance=00c61b117c6eeee6beec32809ef77dfc1ecae9eb app_engine_release=1.9.18
A 12:26:37.058 2015-04-04  200      36 B    71ms /allTogetherDrawV10/ajax/fetch
169.234.40.197 - ejshin1 [04/Apr/2015:12:26:37 -0700] "GET /allTogetherDrawV10/ajax/fetch HTTP/1.1" 200 36 - "Mozilla/5.0 (Windows NT 6.3; WOW64) AppleWebKit/537.36 (KHTML, like Gecko) Chrome/41.0.2272.118 Safari/537.36" "crowd-coding-dev.appspot.com" ms=71 cpu_ms=20 cpm_usd=0.000004 instance=00c61b117c6eeee6beec32809ef77dfc1ecae9eb app_engine_release=1.9.18
A 12:26:43.604 2015-04-04  200      36 B   279ms /allTogetherDrawV10/ajax/enqueue?type=WriteTestCases&key=6559197281910784-5733935958982656&skip=false&disablepoint=false
128.195.58.186 - vijay.0288 [04/Apr/2015:12:26:43 -0700] "POST /allTogetherDrawV10/ajax/enqueue?type=WriteTestCases&key=6559197281910784-5733935958982656&skip=false&disablepoint=false HTTP/1.1" 200 36 "http://crowd-coding-dev.appspot.com/allTogetherDrawV10" "Mozilla/5.0 (Windows NT 6.1; WOW64) AppleWebKit/537.36 (KHTML, like Gecko) Chrome/41.0.2272.118 Safari/537.36" "crowd-coding-dev.appspot.com" ms=279 cpu_ms=35 cpm_usd=0.000081 instance=00c61b117c6eeee6beec32809ef77dfc1ecae9eb app_engine_release=1.9.18
A 12:26:44.745 2015-04-04  200       0 B   1.24s /worker
0.1.0.2 - - [04/Apr/2015:12:26:44 -0700] "POST /worker HTTP/1.1" 200 0 "http://crowd-coding-dev.appspot.com/allTogetherDrawV10/ajax/enqueue?type=WriteTestCases&key=6559197281910784-5733935958982656&skip=false&disablepoint=false" "AppEngine-Google; (+http://code.google.com/appengine)" "crowd-coding-dev.appspot.com" ms=1240 cpu_ms=151 cpm_usd=0.000336 queue_name=default task_name=4568688336305402547 instance=00c61b117c6eeee6beec32809ef77dfc1ecae9eb app_engine_release=1.9.18
A 12:26:52.020 2015-04-04  200     106 B   362ms /allTogetherDrawV10/ajax/fetch
169.234.207.226 - hosubl [04/Apr/2015:12:26:52 -0700] "GET /allTogetherDrawV10/ajax/fetch HTTP/1.1" 200 106 "http://crowd-coding-dev.appspot.com/allTogetherDrawV10" "Mozilla/5.0 (Windows NT 6.1) AppleWebKit/537.36 (KHTML, like Gecko) Chrome/41.0.2272.118 Safari/537.36" "crowd-coding-dev.appspot.com" ms=362 cpu_ms=82 cpm_usd=0.000208 instance=00c61b117c6eeee6beec32809ef77dfc1ecae9eb app_engine_release=1.9.18
A 12:26:52.222 2015-04-04  200      36 B    76ms /allTogetherDrawV10/ajax/fetch
169.234.40.197 - ejshin1 [04/Apr/2015:12:26:52 -0700] "GET /allTogetherDrawV10/ajax/fetch HTTP/1.1" 200 36 - "Mozilla/5.0 (Windows NT 6.3; WOW64) AppleWebKit/537.36 (KHTML, like Gecko) Chrome/41.0.2272.118 Safari/537.36" "crowd-coding-dev.appspot.com" ms=76 cpu_ms=41 cpm_usd=0.000004 instance=00c61b117c6eeee6beec32809ef77dfc1ecae9eb app_engine_release=1.9.18
A 12:26:58.792 2015-04-04  200      36 B    97ms /allTogetherDrawV10/ajax/fetch
128.195.58.186 - vijay.0288 [04/Apr/2015:12:26:58 -0700] "GET /allTogetherDrawV10/ajax/fetch HTTP/1.1" 200 36 - "Mozilla/5.0 (Windows NT 6.1; WOW64) AppleWebKit/537.36 (KHTML, like Gecko) Chrome/41.0.2272.118 Safari/537.36" "crowd-coding-dev.appspot.com" ms=97 cpu_ms=20 cpm_usd=0.000004 instance=00c61b117c6eeee6beec32809ef77dfc1ecae9eb app_engine_release=1.9.18
A 12:27:07.386 2015-04-04  200      36 B    77ms /allTogetherDrawV10/ajax/fetch
169.234.40.197 - ejshin1 [04/Apr/2015:12:27:07 -0700] "GET /allTogetherDrawV10/ajax/fetch HTTP/1.1" 200 36 - "Mozilla/5.0 (Windows NT 6.3; WOW64) AppleWebKit/537.36 (KHTML, like Gecko) Chrome/41.0.2272.118 Safari/537.36" "crowd-coding-dev.appspot.com" ms=77 cpu_ms=41 cpm_usd=0.000004 instance=00c61b117c6eeee6beec32809ef77dfc1ecae9eb app_engine_release=1.9.18
A 12:27:13.953 2015-04-04  200      36 B    69ms /allTogetherDrawV10/ajax/fetch
128.195.58.186 - vijay.0288 [04/Apr/2015:12:27:13 -0700] "GET /allTogetherDrawV10/ajax/fetch HTTP/1.1" 200 36 - "Mozilla/5.0 (Windows NT 6.1; WOW64) AppleWebKit/537.36 (KHTML, like Gecko) Chrome/41.0.2272.118 Safari/537.36" "crowd-coding-dev.appspot.com" ms=69 cpu_ms=41 cpm_usd=0.000004 instance=00c61b117c6eeee6beec32809ef77dfc1ecae9eb app_engine_release=1.9.18
A 12:27:22.603 2015-04-04  200      36 B    76ms /allTogetherDrawV10/ajax/fetch
169.234.40.197 - ejshin1 [04/Apr/2015:12:27:22 -0700] "GET /allTogetherDrawV10/ajax/fetch HTTP/1.1" 200 36 - "Mozilla/5.0 (Windows NT 6.3; WOW64) AppleWebKit/537.36 (KHTML, like Gecko) Chrome/41.0.2272.118 Safari/537.36" "crowd-coding-dev.appspot.com" ms=76 cpu_ms=41 cpm_usd=0.000004 instance=00c61b117c6eeee6beec32809ef77dfc1ecae9eb app_engine_release=1.9.18
A 12:27:29.173 2015-04-04  200      36 B    85ms /allTogetherDrawV10/ajax/fetch
128.195.58.186 - vijay.0288 [04/Apr/2015:12:27:29 -0700] "GET /allTogetherDrawV10/ajax/fetch HTTP/1.1" 200 36 - "Mozilla/5.0 (Windows NT 6.1; WOW64) AppleWebKit/537.36 (KHTML, like Gecko) Chrome/41.0.2272.118 Safari/537.36" "crowd-coding-dev.appspot.com" ms=85 cpu_ms=41 cpm_usd=0.000004 instance=00c61b117c6eeee6beec32809ef77dfc1ecae9eb app_engine_release=1.9.18
A 12:27:37.752 2015-04-04  200      36 B    65ms /allTogetherDrawV10/ajax/fetch
169.234.40.197 - ejshin1 [04/Apr/2015:12:27:37 -0700] "GET /allTogetherDrawV10/ajax/fetch HTTP/1.1" 200 36 - "Mozilla/5.0 (Windows NT 6.3; WOW64) AppleWebKit/537.36 (KHTML, like Gecko) Chrome/41.0.2272.118 Safari/537.36" "crowd-coding-dev.appspot.com" ms=65 cpu_ms=20 cpm_usd=0.000004 instance=00c61b117c6eeee6beec32809ef77dfc1ecae9eb app_engine_release=1.9.18
A 12:27:41.347 2015-04-04  200      36 B   340ms /allTogetherDrawV10/ajax/enqueue?type=DebugTestFailure&key=6528006960971776-5122315436163072&skip=false&disablepoint=false
190.55.216.196 - charig [04/Apr/2015:12:27:41 -0700] "POST /allTogetherDrawV10/ajax/enqueue?type=DebugTestFailure&key=6528006960971776-5122315436163072&skip=false&disablepoint=false HTTP/1.1" 200 36 "http://crowd-coding-dev.appspot.com/allTogetherDrawV10" "Mozilla/5.0 (Macintosh; Intel Mac OS X 10_10_2) AppleWebKit/537.36 (KHTML, like Gecko) Chrome/41.0.2272.89 Safari/537.36" "crowd-coding-dev.appspot.com" ms=340 cpu_ms=41 cpm_usd=0.000080 instance=00c61b117c6eeee6beec32809ef77dfc1ecae9eb app_engine_release=1.9.18
A 12:27:41.659 2015-04-04  200       0 B   391ms /worker
0.1.0.2 - - [04/Apr/2015:12:27:41 -0700] "POST /worker HTTP/1.1" 200 0 "http://crowd-coding-dev.appspot.com/allTogetherDrawV10/ajax/enqueue?type=DebugTestFailure&key=6528006960971776-5122315436163072&skip=false&disablepoint=false" "AppEngine-Google; (+http://code.google.com/appengine)" "crowd-coding-dev.appspot.com" ms=391 cpu_ms=166 cpm_usd=0.000330 queue_name=default task_name=8039688336305402547 instance=00c61b117c6eeee6beec32809ef77dfc1ecae9eb app_engine_release=1.9.18
A 12:27:44.607 2015-04-04  200     106 B   306ms /allTogetherDrawV10/ajax/fetch
128.195.58.186 - vijay.0288 [04/Apr/2015:12:27:44 -0700] "GET /allTogetherDrawV10/ajax/fetch HTTP/1.1" 200 106 - "Mozilla/5.0 (Windows NT 6.1; WOW64) AppleWebKit/537.36 (KHTML, like Gecko) Chrome/41.0.2272.118 Safari/537.36" "crowd-coding-dev.appspot.com" ms=306 cpu_ms=62 cpm_usd=0.000206 instance=00c61b117c6eeee6beec32809ef77dfc1ecae9eb app_engine_release=1.9.18
A 12:27:48.642 2015-04-04  200      36 B   216ms /allTogetherDrawV10/ajax/enqueue?type=Review&key=4825824448479232-5707702298738688&skip=true&disablepoint=false
169.234.0.156 - f.ricci89 [04/Apr/2015:12:27:48 -0700] "POST /allTogetherDrawV10/ajax/enqueue?type=Review&key=4825824448479232-5707702298738688&skip=true&disablepoint=false HTTP/1.1" 200 36 - "Mozilla/5.0 (Windows NT 6.3; WOW64) AppleWebKit/537.36 (KHTML, like Gecko) Chrome/41.0.2272.118 Safari/537.36" "crowd-coding-dev.appspot.com" ms=216 cpu_ms=26 cpm_usd=0.000082 instance=00c61b117c6eeee6beec32809ef77dfc1ecae9eb app_engine_release=1.9.18
A 12:27:48.885 2015-04-04  200       0 B   317ms /worker
0.1.0.2 - - [04/Apr/2015:12:27:48 -0700] "POST /worker HTTP/1.1" 200 0 "http://crowd-coding-dev.appspot.com/allTogetherDrawV10/ajax/enqueue?type=Review&key=4825824448479232-5707702298738688&skip=true&disablepoint=false" "AppEngine-Google; (+http://code.google.com/appengine)" "crowd-coding-dev.appspot.com" ms=317 cpu_ms=98 cpm_usd=0.000226 queue_name=default task_name=39382049031958583511 instance=00c61b117c6eeee6beec32809ef77dfc1ecae9eb app_engine_release=1.9.18
A 12:27:52.107 2015-04-04  200     106 B   837ms /allTogetherDrawV10/ajax/enqueue?type=Review&key=6559197281910784-5170986005561344&skip=false&disablepoint=false
169.234.207.226 - hosubl [04/Apr/2015:12:27:52 -0700] "POST /allTogetherDrawV10/ajax/enqueue?type=Review&key=6559197281910784-5170986005561344&skip=false&disablepoint=false HTTP/1.1" 200 106 "http://crowd-coding-dev.appspot.com/allTogetherDrawV10" "Mozilla/5.0 (Windows NT 6.1) AppleWebKit/537.36 (KHTML, like Gecko) Chrome/41.0.2272.118 Safari/537.36" "crowd-coding-dev.appspot.com" ms=837 cpu_ms=53 cpm_usd=0.000249 instance=00c61b117c6eeee6beec32809ef77dfc1ecae9eb app_engine_release=1.9.18
W 12:27:52.660 2015-04-04  200      36 B   346ms /allTogetherDrawV10/ajax/enqueue?type=WriteFunctionDescription&key=6535090704220160-5685265389584384&skip=false&disablepoint=false
174.109.240.56 - aglawand [04/Apr/2015:12:27:52 -0700] "POST /allTogetherDrawV10/ajax/enqueue?type=WriteFunctionDescription&key=6535090704220160-5685265389584384&skip=false&disablepoint=false HTTP/1.1" 200 36 "http://crowd-coding-dev.appspot.com/allTogetherDrawV10" "Mozilla/5.0 (Windows NT 6.3; WOW64) AppleWebKit/537.36 (KHTML, like Gecko) Chrome/41.0.2272.118 Safari/537.36" "crowd-coding-dev.appspot.com" ms=346 cpu_ms=51 cpm_usd=0.000238 instance=00c61b117c6eeee6beec32809ef77dfc1ecae9eb app_engine_release=1.9.18
W 12:27:52.405 com.googlecode.objectify.impl.TransactorNo transactNew: Optimistic concurrency failure for com.crowdcoding.servlets.CrowdServlet$2@67b49e (retrying): java.util.ConcurrentModificationException: too much contention on these datastore entities. please try again. entity group key: app: "s~crowd-coding-dev"
  path <
    Element {
      type: "Project"
      name: "allTogetherDrawV10"
    }
  >
A 12:27:52.965 2015-04-04  200      36 B   128ms /allTogetherDrawV10/ajax/fetch
169.234.40.197 - ejshin1 [04/Apr/2015:12:27:52 -0700] "GET /allTogetherDrawV10/ajax/fetch HTTP/1.1" 200 36 - "Mozilla/5.0 (Windows NT 6.3; WOW64) AppleWebKit/537.36 (KHTML, like Gecko) Chrome/41.0.2272.118 Safari/537.36" "crowd-coding-dev.appspot.com" ms=128 cpu_ms=18 cpm_usd=0.000004 instance=00c61b117c6eeee6beec32809ef77dfc1ecae9eb app_engine_release=1.9.18
A 12:27:56.820 2015-04-04  200     106 B   282ms /allTogetherDrawV10/ajax/fetch
190.55.216.196 - charig [04/Apr/2015:12:27:56 -0700] "GET /allTogetherDrawV10/ajax/fetch HTTP/1.1" 200 106 - "Mozilla/5.0 (Macintosh; Intel Mac OS X 10_10_2) AppleWebKit/537.36 (KHTML, like Gecko) Chrome/41.0.2272.89 Safari/537.36" "crowd-coding-dev.appspot.com" ms=282 cpu_ms=38 cpm_usd=0.000219 instance=00c61b117c6eeee6beec32809ef77dfc1ecae9eb app_engine_release=1.9.18
A 12:27:56.826 2015-04-04  200       0 B   4.78s /worker
0.1.0.2 - - [04/Apr/2015:12:27:56 -0700] "POST /worker HTTP/1.1" 200 0 "http://crowd-coding-dev.appspot.com/allTogetherDrawV10/ajax/enqueue?type=Review&key=6559197281910784-5170986005561344&skip=false&disablepoint=false" "AppEngine-Google; (+http://code.google.com/appengine)" "crowd-coding-dev.appspot.com" ms=4775 cpu_ms=753 cpm_usd=0.002298 queue_name=default task_name=95862049031958583511 instance=00c61b117c6eeee6beec32809ef77dfc1ecae9eb app_engine_release=1.9.18
A 12:28:02.418 2015-04-04  200       0 B   1.29s /worker
0.1.0.2 - - [04/Apr/2015:12:28:02 -0700] "POST /worker HTTP/1.1" 200 0 "http://crowd-coding-dev.appspot.com/allTogetherDrawV10/ajax/enqueue?type=WriteFunctionDescription&key=6535090704220160-5685265389584384&skip=false&disablepoint=false" "AppEngine-Google; (+http://code.google.com/appengine)" "crowd-coding-dev.appspot.com" ms=1291 cpu_ms=145 cpm_usd=0.000331 queue_name=default task_name=23623694936966910541 instance=00c61b117c6eeee6beec32809ef77dfc1ecae9eb app_engine_release=1.9.18
A 12:28:08.027 2015-04-04  200     106 B   294ms /allTogetherDrawV10/ajax/fetch
174.109.240.56 - aglawand [04/Apr/2015:12:28:08 -0700] "GET /allTogetherDrawV10/ajax/fetch HTTP/1.1" 200 106 "http://crowd-coding-dev.appspot.com/allTogetherDrawV10" "Mozilla/5.0 (Windows NT 6.3; WOW64) AppleWebKit/537.36 (KHTML, like Gecko) Chrome/41.0.2272.118 Safari/537.36" "crowd-coding-dev.appspot.com" ms=294 cpu_ms=62 cpm_usd=0.000220 instance=00c61b117c6eeee6beec32809ef77dfc1ecae9eb app_engine_release=1.9.18
A 12:28:08.605 2015-04-04  200     106 B   551ms /allTogetherDrawV10/ajax/fetch
169.234.40.197 - ejshin1 [04/Apr/2015:12:28:08 -0700] "GET /allTogetherDrawV10/ajax/fetch HTTP/1.1" 200 106 - "Mozilla/5.0 (Windows NT 6.3; WOW64) AppleWebKit/537.36 (KHTML, like Gecko) Chrome/41.0.2272.118 Safari/537.36" "crowd-coding-dev.appspot.com" ms=551 cpu_ms=291 cpm_usd=0.000206 instance=00c61b117c6eeee6beec32809ef77dfc1ecae9eb app_engine_release=1.9.18
A 12:28:40.283 2015-04-04  200     106 B   349ms /allTogetherDrawV10/ajax/enqueue?type=WriteTest&key=5792495153709056-5629499534213120&skip=false&disablepoint=false
174.109.240.56 - aglawand [04/Apr/2015:12:28:40 -0700] "POST /allTogetherDrawV10/ajax/enqueue?type=WriteTest&key=5792495153709056-5629499534213120&skip=false&disablepoint=false HTTP/1.1" 200 106 "http://crowd-coding-dev.appspot.com/allTogetherDrawV10" "Mozilla/5.0 (Windows NT 6.3; WOW64) AppleWebKit/537.36 (KHTML, like Gecko) Chrome/41.0.2272.118 Safari/537.36" "crowd-coding-dev.appspot.com" ms=349 cpu_ms=57 cpm_usd=0.000262 instance=00c61b117c6eeee6beec32809ef77dfc1ecae9eb app_engine_release=1.9.18
A 12:28:40.617 2015-04-04  200       0 B   442ms /worker
0.1.0.2 - - [04/Apr/2015:12:28:40 -0700] "POST /worker HTTP/1.1" 200 0 "http://crowd-coding-dev.appspot.com/allTogetherDrawV10/ajax/enqueue?type=WriteTest&key=5792495153709056-5629499534213120&skip=false&disablepoint=false" "AppEngine-Google; (+http://code.google.com/appengine)" "crowd-coding-dev.appspot.com" ms=442 cpu_ms=171 cpm_usd=0.000342 queue_name=default task_name=3515480927388605327 instance=00c61b117c6eeee6beec32809ef77dfc1ecae9eb app_engine_release=1.9.18
A 12:28:53.342 2015-04-04  200     106 B   488ms /allTogetherDrawV10/ajax/enqueue?type=Review&key=6600717804503040-5066549580791808&skip=false&disablepoint=false
131.193.76.131 - francesco.paduano91 [04/Apr/2015:12:28:53 -0700] "POST /allTogetherDrawV10/ajax/enqueue?type=Review&key=6600717804503040-5066549580791808&skip=false&disablepoint=false HTTP/1.1" 200 106 "http://crowd-coding-dev.appspot.com/allTogetherDrawV10" "Mozilla/5.0 (Macintosh; Intel Mac OS X 10_10_2) AppleWebKit/537.36 (KHTML, like Gecko) Chrome/41.0.2272.118 Safari/537.36" "crowd-coding-dev.appspot.com" ms=488 cpu_ms=62 cpm_usd=0.000257 instance=00c61b117c6eeee6beec32809ef77dfc1ecae9eb app_engine_release=1.9.18
A 12:28:54.350 2015-04-04  200       0 B    1.3s /worker
0.1.0.2 - - [04/Apr/2015:12:28:54 -0700] "POST /worker HTTP/1.1" 200 0 "http://crowd-coding-dev.appspot.com/allTogetherDrawV10/ajax/enqueue?type=Review&key=6600717804503040-5066549580791808&skip=false&disablepoint=false" "AppEngine-Google; (+http://code.google.com/appengine)" "crowd-coding-dev.appspot.com" ms=1303 cpu_ms=269 cpm_usd=0.000921 queue_name=default task_name=7245480927388605327 instance=00c61b117c6eeee6beec32809ef77dfc1ecae9eb app_engine_release=1.9.18
A 12:28:55.095 2015-04-04  200     106 B   523ms /allTogetherDrawV10/ajax/enqueue?type=Review&key=6528006960971776-5130467284090880&skip=false&disablepoint=false
128.195.58.186 - vijay.0288 [04/Apr/2015:12:28:55 -0700] "POST /allTogetherDrawV10/ajax/enqueue?type=Review&key=6528006960971776-5130467284090880&skip=false&disablepoint=false HTTP/1.1" 200 106 "http://crowd-coding-dev.appspot.com/allTogetherDrawV10" "Mozilla/5.0 (Windows NT 6.1; WOW64) AppleWebKit/537.36 (KHTML, like Gecko) Chrome/41.0.2272.118 Safari/537.36" "crowd-coding-dev.appspot.com" ms=523 cpu_ms=72 cpm_usd=0.000253 instance=00c61b117c6eeee6beec32809ef77dfc1ecae9eb app_engine_release=1.9.18
A 12:28:56.149 2015-04-04  200       0 B   1.37s /worker
0.1.0.2 - - [04/Apr/2015:12:28:56 -0700] "POST /worker HTTP/1.1" 200 0 "http://crowd-coding-dev.appspot.com/allTogetherDrawV10/ajax/enqueue?type=Review&key=6528006960971776-5130467284090880&skip=false&disablepoint=false" "AppEngine-Google; (+http://code.google.com/appengine)" "crowd-coding-dev.appspot.com" ms=1369 cpu_ms=468 cpm_usd=0.002200 queue_name=default task_name=1075480927388605327 instance=00c61b117c6eeee6beec32809ef77dfc1ecae9eb app_engine_release=1.9.18
A 12:28:57.600 2015-04-04  200     106 B   389ms /allTogetherDrawV10/ajax/enqueue?type=WriteTest&key=4705503355600896-5629499534213120&skip=false&disablepoint=false
174.109.240.56 - aglawand [04/Apr/2015:12:28:57 -0700] "POST /allTogetherDrawV10/ajax/enqueue?type=WriteTest&key=4705503355600896-5629499534213120&skip=false&disablepoint=false HTTP/1.1" 200 106 "http://crowd-coding-dev.appspot.com/allTogetherDrawV10" "Mozilla/5.0 (Windows NT 6.3; WOW64) AppleWebKit/537.36 (KHTML, like Gecko) Chrome/41.0.2272.118 Safari/537.36" "crowd-coding-dev.appspot.com" ms=389 cpu_ms=65 cpm_usd=0.000308 instance=00c61b117c6eeee6beec32809ef77dfc1ecae9eb app_engine_release=1.9.18
A 12:28:57.956 2015-04-04  200       0 B   421ms /worker
0.1.0.2 - - [04/Apr/2015:12:28:57 -0700] "POST /worker HTTP/1.1" 200 0 "http://crowd-coding-dev.appspot.com/allTogetherDrawV10/ajax/enqueue?type=WriteTest&key=4705503355600896-5629499534213120&skip=false&disablepoint=false" "AppEngine-Google; (+http://code.google.com/appengine)" "crowd-coding-dev.appspot.com" ms=421 cpu_ms=81 cpm_usd=0.000344 queue_name=default task_name=2699688336305402547 instance=00c61b117c6eeee6beec32809ef77dfc1ecae9eb app_engine_release=1.9.18
A 12:29:24.568 2015-04-04  200     106 B   307ms /allTogetherDrawV10/ajax/enqueue?type=WriteTest&key=6581332201177088-5629499534213120&skip=false&disablepoint=false
128.195.58.186 - vijay.0288 [04/Apr/2015:12:29:24 -0700] "POST /allTogetherDrawV10/ajax/enqueue?type=WriteTest&key=6581332201177088-5629499534213120&skip=false&disablepoint=false HTTP/1.1" 200 106 - "Mozilla/5.0 (Windows NT 6.1; WOW64) AppleWebKit/537.36 (KHTML, like Gecko) Chrome/41.0.2272.118 Safari/537.36" "crowd-coding-dev.appspot.com" ms=307 cpu_ms=77 cpm_usd=0.000255 instance=00c61b117c6eeee6beec32809ef77dfc1ecae9eb app_engine_release=1.9.18
A 12:29:24.939 2015-04-04  200       0 B   454ms /worker
0.1.0.2 - - [04/Apr/2015:12:29:24 -0700] "POST /worker HTTP/1.1" 200 0 "http://crowd-coding-dev.appspot.com/allTogetherDrawV10/ajax/enqueue?type=WriteTest&key=6581332201177088-5629499534213120&skip=false&disablepoint=false" "AppEngine-Google; (+http://code.google.com/appengine)" "crowd-coding-dev.appspot.com" ms=454 cpu_ms=192 cpm_usd=0.000332 queue_name=default task_name=6160788336305402547 instance=00c61b117c6eeee6beec32809ef77dfc1ecae9eb app_engine_release=1.9.18
A 12:29:29.750 2015-04-04  200     106 B   1.31s /allTogetherDrawV10/ajax/enqueue?type=Review&key=4825824448479232-5707702298738688&skip=false&disablepoint=false
169.234.207.226 - hosubl [04/Apr/2015:12:29:29 -0700] "POST /allTogetherDrawV10/ajax/enqueue?type=Review&key=4825824448479232-5707702298738688&skip=false&disablepoint=false HTTP/1.1" 200 106 "http://crowd-coding-dev.appspot.com/allTogetherDrawV10" "Mozilla/5.0 (Windows NT 6.1) AppleWebKit/537.36 (KHTML, like Gecko) Chrome/41.0.2272.118 Safari/537.36" "crowd-coding-dev.appspot.com" ms=1310 cpu_ms=84 cpm_usd=0.000248 instance=00c61b117c6eeee6beec32809ef77dfc1ecae9eb app_engine_release=1.9.18
A 12:29:30.083 2015-04-04  200     106 B   299ms /allTogetherDrawV10/ajax/enqueue?type=Review&key=6535090704220160-5105650963054592&skip=false&disablepoint=false
169.234.40.197 - ejshin1 [04/Apr/2015:12:29:30 -0700] "POST /allTogetherDrawV10/ajax/enqueue?type=Review&key=6535090704220160-5105650963054592&skip=false&disablepoint=false HTTP/1.1" 200 106 "http://crowd-coding-dev.appspot.com/allTogetherDrawV10" "Mozilla/5.0 (Windows NT 6.3; WOW64) AppleWebKit/537.36 (KHTML, like Gecko) Chrome/41.0.2272.118 Safari/537.36" "crowd-coding-dev.appspot.com" ms=299 cpu_ms=57 cpm_usd=0.000272 instance=00c61b117c6eeee6beec32809ef77dfc1ecae9eb app_engine_release=1.9.18
A 12:29:32.006 2015-04-04  200       0 B   3.31s /worker
0.1.0.2 - - [04/Apr/2015:12:29:32 -0700] "POST /worker HTTP/1.1" 200 0 "http://crowd-coding-dev.appspot.com/allTogetherDrawV10/ajax/enqueue?type=Review&key=4825824448479232-5707702298738688&skip=false&disablepoint=false" "AppEngine-Google; (+http://code.google.com/appengine)" "crowd-coding-dev.appspot.com" ms=3312 cpu_ms=170 cpm_usd=0.000157 queue_name=default task_name=0721788336305402547 instance=00c61b117c6eeee6beec32809ef77dfc1ecae9eb app_engine_release=1.9.18
A 12:29:36.233 2015-04-04  200       0 B   1.71s /worker
0.1.0.2 - - [04/Apr/2015:12:29:36 -0700] "POST /worker HTTP/1.1" 200 0 "http://crowd-coding-dev.appspot.com/allTogetherDrawV10/ajax/enqueue?type=Review&key=6535090704220160-5105650963054592&skip=false&disablepoint=false" "AppEngine-Google; (+http://code.google.com/appengine)" "crowd-coding-dev.appspot.com" ms=1714 cpu_ms=416 cpm_usd=0.002078 queue_name=default task_name=49113694936966910541 instance=00c61b117c6eeee6beec32809ef77dfc1ecae9eb app_engine_release=1.9.18
A 12:29:40.345 2015-04-04  200     106 B   333ms /allTogetherDrawV10/ajax/enqueue?type=DebugTestFailure&key=5474817897660416-5676830073815040&skip=true&disablepoint=false
187.15.123.154 - thiago_paula [04/Apr/2015:12:29:40 -0700] "POST /allTogetherDrawV10/ajax/enqueue?type=DebugTestFailure&key=5474817897660416-5676830073815040&skip=true&disablepoint=false HTTP/1.1" 200 106 "http://crowd-coding-dev.appspot.com/allTogetherDrawV10" "Mozilla/5.0 (Windows NT 6.3; WOW64) AppleWebKit/537.36 (KHTML, like Gecko) Chrome/41.0.2272.101 Safari/537.36" "crowd-coding-dev.appspot.com" ms=333 cpu_ms=57 cpm_usd=0.000255 instance=00c61b117c6eeee6beec32809ef77dfc1ecae9eb app_engine_release=1.9.18
A 12:29:40.498 2015-04-04  200       0 B   287ms /worker
0.1.0.2 - - [04/Apr/2015:12:29:40 -0700] "POST /worker HTTP/1.1" 200 0 "http://crowd-coding-dev.appspot.com/allTogetherDrawV10/ajax/enqueue?type=DebugTestFailure&key=5474817897660416-5676830073815040&skip=true&disablepoint=false" "AppEngine-Google; (+http://code.google.com/appengine)" "crowd-coding-dev.appspot.com" ms=287 cpu_ms=108 cpm_usd=0.000233 queue_name=default task_name=3699688336305402547 instance=00c61b117c6eeee6beec32809ef77dfc1ecae9eb app_engine_release=1.9.18
A 12:29:41.720 2015-04-04  200     106 B   316ms /allTogetherDrawV10/ajax/enqueue?type=Review&key=5792495153709056-5707702298738688&skip=false&disablepoint=false
131.193.76.131 - francesco.paduano91 [04/Apr/2015:12:29:41 -0700] "POST /allTogetherDrawV10/ajax/enqueue?type=Review&key=5792495153709056-5707702298738688&skip=false&disablepoint=false HTTP/1.1" 200 106 "http://crowd-coding-dev.appspot.com/allTogetherDrawV10" "Mozilla/5.0 (Macintosh; Intel Mac OS X 10_10_2) AppleWebKit/537.36 (KHTML, like Gecko) Chrome/41.0.2272.118 Safari/537.36" "crowd-coding-dev.appspot.com" ms=316 cpu_ms=69 cpm_usd=0.000255 instance=00c61b117c6eeee6beec32809ef77dfc1ecae9eb app_engine_release=1.9.18
A 12:29:43.584 2015-04-04  200       0 B   1.91s /worker
0.1.0.2 - - [04/Apr/2015:12:29:43 -0700] "POST /worker HTTP/1.1" 200 0 "http://crowd-coding-dev.appspot.com/allTogetherDrawV10/ajax/enqueue?type=Review&key=5792495153709056-5707702298738688&skip=false&disablepoint=false" "AppEngine-Google; (+http://code.google.com/appengine)" "crowd-coding-dev.appspot.com" ms=1913 cpu_ms=287 cpm_usd=0.001012 queue_name=default task_name=04233694936966910541 instance=00c61b117c6eeee6beec32809ef77dfc1ecae9eb app_engine_release=1.9.18
A 12:29:46.593 2015-04-04  200     106 B   407ms /allTogetherDrawV10/ajax/enqueue?type=WriteTest&key=6600717804503040-5741031244955648&skip=false&disablepoint=false
174.109.240.56 - aglawand [04/Apr/2015:12:29:46 -0700] "POST /allTogetherDrawV10/ajax/enqueue?type=WriteTest&key=6600717804503040-5741031244955648&skip=false&disablepoint=false HTTP/1.1" 200 106 "http://crowd-coding-dev.appspot.com/allTogetherDrawV10" "Mozilla/5.0 (Windows NT 6.3; WOW64) AppleWebKit/537.36 (KHTML, like Gecko) Chrome/41.0.2272.118 Safari/537.36" "crowd-coding-dev.appspot.com" ms=407 cpu_ms=75 cpm_usd=0.000258 instance=00c61b117c6eeee6beec32809ef77dfc1ecae9eb app_engine_release=1.9.18
A 12:29:46.916 2015-04-04  200       0 B   380ms /worker
0.1.0.2 - - [04/Apr/2015:12:29:46 -0700] "POST /worker HTTP/1.1" 200 0 "http://crowd-coding-dev.appspot.com/allTogetherDrawV10/ajax/enqueue?type=WriteTest&key=6600717804503040-5741031244955648&skip=false&disablepoint=false" "AppEngine-Google; (+http://code.google.com/appengine)" "crowd-coding-dev.appspot.com" ms=380 cpu_ms=152 cpm_usd=0.000346 queue_name=default task_name=3256480927388605327 instance=00c61b117c6eeee6beec32809ef77dfc1ecae9eb app_engine_release=1.9.18
A 12:29:57.794 2015-04-04  200     106 B   384ms /allTogetherDrawV10/ajax/enqueue?type=WriteTest&key=6345514069000192-5629499534213120&skip=false&disablepoint=false
190.55.216.196 - charig [04/Apr/2015:12:29:57 -0700] "POST /allTogetherDrawV10/ajax/enqueue?type=WriteTest&key=6345514069000192-5629499534213120&skip=false&disablepoint=false HTTP/1.1" 200 106 "http://crowd-coding-dev.appspot.com/allTogetherDrawV10" "Mozilla/5.0 (Macintosh; Intel Mac OS X 10_10_2) AppleWebKit/537.36 (KHTML, like Gecko) Chrome/41.0.2272.89 Safari/537.36" "crowd-coding-dev.appspot.com" ms=384 cpu_ms=89 cpm_usd=0.000256 instance=00c61b117c6eeee6beec32809ef77dfc1ecae9eb app_engine_release=1.9.18
A 12:29:58.196 2015-04-04  200       0 B   435ms /worker
0.1.0.2 - - [04/Apr/2015:12:29:58 -0700] "POST /worker HTTP/1.1" 200 0 "http://crowd-coding-dev.appspot.com/allTogetherDrawV10/ajax/enqueue?type=WriteTest&key=6345514069000192-5629499534213120&skip=false&disablepoint=false" "AppEngine-Google; (+http://code.google.com/appengine)" "crowd-coding-dev.appspot.com" ms=435 cpu_ms=180 cpm_usd=0.000332 queue_name=default task_name=7160788336305402547 instance=00c61b117c6eeee6beec32809ef77dfc1ecae9eb app_engine_release=1.9.18
A 12:30:03.598 2015-04-04  200     106 B   313ms /allTogetherDrawV10/ajax/enqueue?type=Review&key=6581332201177088-5707702298738688&skip=false&disablepoint=false
169.234.207.226 - hosubl [04/Apr/2015:12:30:03 -0700] "POST /allTogetherDrawV10/ajax/enqueue?type=Review&key=6581332201177088-5707702298738688&skip=false&disablepoint=false HTTP/1.1" 200 106 "http://crowd-coding-dev.appspot.com/allTogetherDrawV10" "Mozilla/5.0 (Windows NT 6.1) AppleWebKit/537.36 (KHTML, like Gecko) Chrome/41.0.2272.118 Safari/537.36" "crowd-coding-dev.appspot.com" ms=313 cpu_ms=64 cpm_usd=0.000248 instance=00c61b117c6eeee6beec32809ef77dfc1ecae9eb app_engine_release=1.9.18
A 12:30:05.076 2015-04-04  200       0 B   1.57s /worker
0.1.0.2 - - [04/Apr/2015:12:30:05 -0700] "POST /worker HTTP/1.1" 200 0 "http://crowd-coding-dev.appspot.com/allTogetherDrawV10/ajax/enqueue?type=Review&key=6581332201177088-5707702298738688&skip=false&disablepoint=false" "AppEngine-Google; (+http://code.google.com/appengine)" "crowd-coding-dev.appspot.com" ms=1566 cpu_ms=204 cpm_usd=0.001000 queue_name=default task_name=20813694936966910541 instance=00c61b117c6eeee6beec32809ef77dfc1ecae9eb app_engine_release=1.9.18
A 12:30:25.536 2015-04-04  200       0 B   770ms /worker
0.1.0.2 - - [04/Apr/2015:12:30:25 -0700] "POST /worker HTTP/1.1" 200 0 "http://crowd-coding-dev.appspot.com/allTogetherDrawV10/ajax/enqueue?type=Review&key=6345514069000192-5707702298738688&skip=false&disablepoint=false" "AppEngine-Google; (+http://code.google.com/appengine)" "crowd-coding-dev.appspot.com" ms=770 cpu_ms=218 cpm_usd=0.000924 queue_name=default task_name=1721788336305402547 instance=00c61b117c6eeee6beec32809ef77dfc1ecae9eb app_engine_release=1.9.18
A 12:30:27.938 2015-04-04  200     106 B    3.4s /allTogetherDrawV10/ajax/enqueue?type=Review&key=6345514069000192-5707702298738688&skip=false&disablepoint=false
169.234.207.226 - hosubl [04/Apr/2015:12:30:27 -0700] "POST /allTogetherDrawV10/ajax/enqueue?type=Review&key=6345514069000192-5707702298738688&skip=false&disablepoint=false HTTP/1.1" 200 106 "http://crowd-coding-dev.appspot.com/allTogetherDrawV10" "Mozilla/5.0 (Windows NT 6.1) AppleWebKit/537.36 (KHTML, like Gecko) Chrome/41.0.2272.118 Safari/537.36" "crowd-coding-dev.appspot.com" ms=3404 cpu_ms=284 cpm_usd=0.000253 instance=00c61b117c6eeee6beec32809ef77dfc1ecae9eb app_engine_release=1.9.18
A 12:30:59.088 2015-04-04  200      36 B   297ms /allTogetherDrawV10/ajax/enqueue?type=Review&key=4705503355600896-5707702298738688&skip=false&disablepoint=false
128.195.58.186 - vijay.0288 [04/Apr/2015:12:30:59 -0700] "POST /allTogetherDrawV10/ajax/enqueue?type=Review&key=4705503355600896-5707702298738688&skip=false&disablepoint=false HTTP/1.1" 200 36 "http://crowd-coding-dev.appspot.com/allTogetherDrawV10" "Mozilla/5.0 (Windows NT 6.1; WOW64) AppleWebKit/537.36 (KHTML, like Gecko) Chrome/41.0.2272.118 Safari/537.36" "crowd-coding-dev.appspot.com" ms=297 cpu_ms=82 cpm_usd=0.000082 instance=00c61b117c6eeee6beec32809ef77dfc1ecae9eb app_engine_release=1.9.18
A 12:30:59.783 2015-04-04  200       0 B   774ms /worker
0.1.0.2 - - [04/Apr/2015:12:30:59 -0700] "POST /worker HTTP/1.1" 200 0 "http://crowd-coding-dev.appspot.com/allTogetherDrawV10/ajax/enqueue?type=Review&key=4705503355600896-5707702298738688&skip=false&disablepoint=false" "AppEngine-Google; (+http://code.google.com/appengine)" "crowd-coding-dev.appspot.com" ms=774 cpu_ms=332 cpm_usd=0.001061 queue_name=default task_name=7976480927388605327 instance=00c61b117c6eeee6beec32809ef77dfc1ecae9eb app_engine_release=1.9.18
A 12:31:03.998 2015-04-04  200       0 B   1.42s /worker
0.1.0.2 - - [04/Apr/2015:12:31:03 -0700] "POST /worker HTTP/1.1" 200 0 "http://crowd-coding-dev.appspot.com/allTogetherDrawV10/ajax/enqueue?type=WriteTest&key=5935575278288896-5649050225344512&skip=false&disablepoint=false" "AppEngine-Google; (+http://code.google.com/appengine)" "crowd-coding-dev.appspot.com" ms=1418 cpu_ms=70 cpm_usd=0.000370 queue_name=default task_name=1707480927388605327 instance=00c61b117c6eeee6beec32809ef77dfc1ecae9eb app_engine_release=1.9.18
A 12:31:05.034 2015-04-04  200       0 B    47ms /worker
0.1.0.2 - - [04/Apr/2015:12:31:05 -0700] "POST /worker HTTP/1.1" 200 0 "http://crowd-coding-dev.appspot.com/allTogetherDrawV10/ajax/enqueue?type=Review&key=4825824448479232-5707702298738688&skip=true&disablepoint=false" "AppEngine-Google; (+http://code.google.com/appengine)" "crowd-coding-dev.appspot.com" ms=47 cpu_ms=21 queue_name=default task_name=59982049031958583511 instance=00c61b117c6eeee6beec32809ef77dfc1ecae9eb app_engine_release=1.9.18
A 12:31:05.093 2015-04-04  200     106 B   269ms /allTogetherDrawV10/ajax/enqueue?type=Review&key=4825824448479232-5707702298738688&skip=true&disablepoint=false
169.234.0.156 - f.ricci89 [04/Apr/2015:12:31:05 -0700] "GET /allTogetherDrawV10/ajax/enqueue?type=Review&key=4825824448479232-5707702298738688&skip=true&disablepoint=false HTTP/1.1" 200 106 - "Mozilla/5.0 (Windows NT 6.3; WOW64) AppleWebKit/537.36 (KHTML, like Gecko) Chrome/41.0.2272.118 Safari/537.36" "crowd-coding-dev.appspot.com" ms=269 cpu_ms=52 cpm_usd=0.000225 instance=00c61b117c6eeee6beec32809ef77dfc1ecae9eb app_engine_release=1.9.18
A 12:31:05.611 2015-04-04  200      36 B   3.27s /allTogetherDrawV10/ajax/enqueue?type=WriteTest&key=5935575278288896-5649050225344512&skip=false&disablepoint=false
169.234.40.197 - ejshin1 [04/Apr/2015:12:31:05 -0700] "POST /allTogetherDrawV10/ajax/enqueue?type=WriteTest&key=5935575278288896-5649050225344512&skip=false&disablepoint=false HTTP/1.1" 200 36 - "Mozilla/5.0 (Windows NT 6.3; WOW64) AppleWebKit/537.36 (KHTML, like Gecko) Chrome/41.0.2272.118 Safari/537.36" "crowd-coding-dev.appspot.com" ms=3265 cpu_ms=189 cpm_usd=0.000089 instance=00c61b117c6eeee6beec32809ef77dfc1ecae9eb app_engine_release=1.9.18
A 12:31:10.860 2015-04-04  200      36 B   271ms /allTogetherDrawV10/ajax/enqueue?type=Review&key=6600717804503040-5178081291534336&skip=false&disablepoint=false
