0.1.0.2 - - [04/Apr/2015:11:15:44 -0700] "POST /worker HTTP/1.1" 200 0 "http://crowd-coding-dev.appspot.com/allTogetherDrawV10/ajax/enqueue?type=WriteTest&key=5455432294334464-5629499534213120&skip=false&disablepoint=false" "AppEngine-Google; (+http://code.google.com/appengine)" "crowd-coding-dev.appspot.com" ms=2015 cpu_ms=103 cpm_usd=0.000330 queue_name=default task_name=26703694936966910541 instance=00c61b117c6eeee6beec32809ef77dfc1ecae9eb app_engine_release=1.9.18
A 11:15:58.689 2015-04-04  200     106 B   3.29s /allTogetherDrawV10/ajax/enqueue?type=WriteTest&key=5456800509853696-5629499534213120&skip=false&disablepoint=false
190.55.216.196 - charig [04/Apr/2015:11:15:58 -0700] "POST /allTogetherDrawV10/ajax/enqueue?type=WriteTest&key=5456800509853696-5629499534213120&skip=false&disablepoint=false HTTP/1.1" 200 106 - "Mozilla/5.0 (Macintosh; Intel Mac OS X 10_10_2) AppleWebKit/537.36 (KHTML, like Gecko) Chrome/41.0.2272.89 Safari/537.36" "crowd-coding-dev.appspot.com" ms=3289 cpu_ms=52 cpm_usd=0.000264 instance=00c61b117c6eeee6beec32809ef77dfc1ecae9eb app_engine_release=1.9.18
A 11:15:58.947 2015-04-04  200       0 B    3.3s /worker
0.1.0.2 - - [04/Apr/2015:11:15:58 -0700] "POST /worker HTTP/1.1" 200 0 "http://crowd-coding-dev.appspot.com/allTogetherDrawV10/ajax/enqueue?type=WriteTest&key=5456800509853696-5629499534213120&skip=false&disablepoint=false" "AppEngine-Google; (+http://code.google.com/appengine)" "crowd-coding-dev.appspot.com" ms=3298 cpu_ms=135 cpm_usd=0.000345 queue_name=default task_name=5580788336305402547 instance=00c61b117c6eeee6beec32809ef77dfc1ecae9eb app_engine_release=1.9.18
A 11:16:44.106 2015-04-04  200     106 B   298ms /allTogetherDrawV10/ajax/enqueue?type=Review&key=5433297375068160-5707702298738688&skip=false&disablepoint=false
190.55.216.196 - charig [04/Apr/2015:11:16:44 -0700] "POST /allTogetherDrawV10/ajax/enqueue?type=Review&key=5433297375068160-5707702298738688&skip=false&disablepoint=false HTTP/1.1" 200 106 - "Mozilla/5.0 (Macintosh; Intel Mac OS X 10_10_2) AppleWebKit/537.36 (KHTML, like Gecko) Chrome/41.0.2272.89 Safari/537.36" "crowd-coding-dev.appspot.com" ms=298 cpu_ms=59 cpm_usd=0.000254 instance=00c61b117c6eeee6beec32809ef77dfc1ecae9eb app_engine_release=1.9.18
A 11:16:47.345 2015-04-04  200       0 B   3.31s /worker
0.1.0.2 - - [04/Apr/2015:11:16:47 -0700] "POST /worker HTTP/1.1" 200 0 "http://crowd-coding-dev.appspot.com/allTogetherDrawV10/ajax/enqueue?type=Review&key=5433297375068160-5707702298738688&skip=false&disablepoint=false" "AppEngine-Google; (+http://code.google.com/appengine)" "crowd-coding-dev.appspot.com" ms=3311 cpu_ms=308 cpm_usd=0.000898 queue_name=default task_name=87982409521461369471 instance=00c61b117c6eeee6beec32809ef77dfc1ecae9eb app_engine_release=1.9.18
A 11:16:59.977 2015-04-04  200     106 B   295ms /allTogetherDrawV10/ajax/enqueue?type=WriteTest&key=6496182595485696-5629499534213120&skip=false&disablepoint=false
169.234.207.226 - hosubl [04/Apr/2015:11:16:59 -0700] "POST /allTogetherDrawV10/ajax/enqueue?type=WriteTest&key=6496182595485696-5629499534213120&skip=false&disablepoint=false HTTP/1.1" 200 106 "http://crowd-coding-dev.appspot.com/allTogetherDrawV10" "Mozilla/5.0 (Windows NT 6.1) AppleWebKit/537.36 (KHTML, like Gecko) Chrome/41.0.2272.118 Safari/537.36" "crowd-coding-dev.appspot.com" ms=295 cpu_ms=53 cpm_usd=0.000265 instance=00c61b117c6eeee6beec32809ef77dfc1ecae9eb app_engine_release=1.9.18
A 11:17:00.205 2015-04-04  200       0 B   357ms /worker
0.1.0.2 - - [04/Apr/2015:11:17:00 -0700] "POST /worker HTTP/1.1" 200 0 "http://crowd-coding-dev.appspot.com/allTogetherDrawV10/ajax/enqueue?type=WriteTest&key=6496182595485696-5629499534213120&skip=false&disablepoint=false" "AppEngine-Google; (+http://code.google.com/appengine)" "crowd-coding-dev.appspot.com" ms=357 cpu_ms=132 cpm_usd=0.000382 queue_name=default task_name=8879688336305402547 instance=00c61b117c6eeee6beec32809ef77dfc1ecae9eb app_engine_release=1.9.18
A 11:17:28.294 2015-04-04  200     106 B   299ms /allTogetherDrawV10/ajax/enqueue?type=Review&key=5455432294334464-5707702298738688&skip=false&disablepoint=false
190.55.216.196 - charig [04/Apr/2015:11:17:28 -0700] "POST /allTogetherDrawV10/ajax/enqueue?type=Review&key=5455432294334464-5707702298738688&skip=false&disablepoint=false HTTP/1.1" 200 106 - "Mozilla/5.0 (Macintosh; Intel Mac OS X 10_10_2) AppleWebKit/537.36 (KHTML, like Gecko) Chrome/41.0.2272.89 Safari/537.36" "crowd-coding-dev.appspot.com" ms=299 cpu_ms=52 cpm_usd=0.000272 instance=00c61b117c6eeee6beec32809ef77dfc1ecae9eb app_engine_release=1.9.18
A 11:17:29.600 2015-04-04  200       0 B   1.39s /worker
0.1.0.2 - - [04/Apr/2015:11:17:29 -0700] "POST /worker HTTP/1.1" 200 0 "http://crowd-coding-dev.appspot.com/allTogetherDrawV10/ajax/enqueue?type=Review&key=5455432294334464-5707702298738688&skip=false&disablepoint=false" "AppEngine-Google; (+http://code.google.com/appengine)" "crowd-coding-dev.appspot.com" ms=1390 cpu_ms=259 cpm_usd=0.000917 queue_name=default task_name=02433694936966910541 instance=00c61b117c6eeee6beec32809ef77dfc1ecae9eb app_engine_release=1.9.18
A 11:17:38.488 2015-04-04  200     106 B   1.22s /allTogetherDrawV10/ajax/enqueue?type=Review&key=5409190797377536-5707702298738688&skip=false&disablepoint=false
174.109.240.56 - aglawand [04/Apr/2015:11:17:38 -0700] "POST /allTogetherDrawV10/ajax/enqueue?type=Review&key=5409190797377536-5707702298738688&skip=false&disablepoint=false HTTP/1.1" 200 106 "http://crowd-coding-dev.appspot.com/allTogetherDrawV10" "Mozilla/5.0 (Windows NT 6.3; WOW64) AppleWebKit/537.36 (KHTML, like Gecko) Chrome/41.0.2272.118 Safari/537.36" "crowd-coding-dev.appspot.com" ms=1216 cpu_ms=68 cpm_usd=0.000288 instance=00c61b117c6eeee6beec32809ef77dfc1ecae9eb app_engine_release=1.9.18
A 11:17:38.959 2015-04-04  200       0 B   1.43s /worker
0.1.0.2 - - [04/Apr/2015:11:17:38 -0700] "POST /worker HTTP/1.1" 200 0 "http://crowd-coding-dev.appspot.com/allTogetherDrawV10/ajax/enqueue?type=Review&key=5409190797377536-5707702298738688&skip=false&disablepoint=false" "AppEngine-Google; (+http://code.google.com/appengine)" "crowd-coding-dev.appspot.com" ms=1427 cpu_ms=243 cpm_usd=0.000983 queue_name=default task_name=25992409521461369471 instance=00c61b117c6eeee6beec32809ef77dfc1ecae9eb app_engine_release=1.9.18
A 11:17:43.378 2015-04-04  200     106 B   807ms /allTogetherDrawV10/ajax/enqueue?type=Review&key=5456800509853696-5707702298738688&skip=false&disablepoint=false
169.234.207.226 - hosubl [04/Apr/2015:11:17:43 -0700] "POST /allTogetherDrawV10/ajax/enqueue?type=Review&key=5456800509853696-5707702298738688&skip=false&disablepoint=false HTTP/1.1" 200 106 "http://crowd-coding-dev.appspot.com/allTogetherDrawV10" "Mozilla/5.0 (Windows NT 6.1) AppleWebKit/537.36 (KHTML, like Gecko) Chrome/41.0.2272.118 Safari/537.36" "crowd-coding-dev.appspot.com" ms=807 cpu_ms=53 cpm_usd=0.000282 instance=00c61b117c6eeee6beec32809ef77dfc1ecae9eb app_engine_release=1.9.18
A 11:17:44.064 2015-04-04  200       0 B   1.31s /worker
0.1.0.2 - - [04/Apr/2015:11:17:44 -0700] "POST /worker HTTP/1.1" 200 0 "http://crowd-coding-dev.appspot.com/allTogetherDrawV10/ajax/enqueue?type=Review&key=5456800509853696-5707702298738688&skip=false&disablepoint=false" "AppEngine-Google; (+http://code.google.com/appengine)" "crowd-coding-dev.appspot.com" ms=1308 cpu_ms=278 cpm_usd=0.000873 queue_name=default task_name=28913694936966910541 instance=00c61b117c6eeee6beec32809ef77dfc1ecae9eb app_engine_release=1.9.18
A 11:17:45.343 2015-04-04  200     106 B   288ms /allTogetherDrawV10/ajax/enqueue?type=WriteTest&key=4668991301746688-5629499534213120&skip=false&disablepoint=false
187.36.44.59 - joaohenrique.jhsp [04/Apr/2015:11:17:45 -0700] "POST /allTogetherDrawV10/ajax/enqueue?type=WriteTest&key=4668991301746688-5629499534213120&skip=false&disablepoint=false HTTP/1.1" 200 106 "http://crowd-coding-dev.appspot.com/allTogetherDrawV10" "Mozilla/5.0 (Windows NT 6.1; WOW64) AppleWebKit/537.36 (KHTML, like Gecko) Chrome/41.0.2272.101 Safari/537.36" "crowd-coding-dev.appspot.com" ms=288 cpu_ms=53 cpm_usd=0.000282 instance=00c61b117c6eeee6beec32809ef77dfc1ecae9eb app_engine_release=1.9.18
A 11:17:46.600 2015-04-04  200       0 B   1.36s /worker
0.1.0.2 - - [04/Apr/2015:11:17:46 -0700] "POST /worker HTTP/1.1" 200 0 "http://crowd-coding-dev.appspot.com/allTogetherDrawV10/ajax/enqueue?type=WriteTest&key=4668991301746688-5629499534213120&skip=false&disablepoint=false" "AppEngine-Google; (+http://code.google.com/appengine)" "crowd-coding-dev.appspot.com" ms=1362 cpu_ms=112 cpm_usd=0.000370 queue_name=default task_name=62903409521461369471 instance=00c61b117c6eeee6beec32809ef77dfc1ecae9eb app_engine_release=1.9.18
A 11:17:48.763 2015-04-04  200     106 B   336ms /allTogetherDrawV10/ajax/enqueue?type=Review&key=4825824448479232-5724160613416960&skip=false&disablepoint=false
131.193.76.131 - francesco.paduano91 [04/Apr/2015:11:17:48 -0700] "POST /allTogetherDrawV10/ajax/enqueue?type=Review&key=4825824448479232-5724160613416960&skip=false&disablepoint=false HTTP/1.1" 200 106 - "Mozilla/5.0 (Macintosh; Intel Mac OS X 10_10_2) AppleWebKit/537.36 (KHTML, like Gecko) Chrome/41.0.2272.118 Safari/537.36" "crowd-coding-dev.appspot.com" ms=336 cpu_ms=57 cpm_usd=0.000267 instance=00c61b117c6eeee6beec32809ef77dfc1ecae9eb app_engine_release=1.9.18
A 11:17:49.195 2015-04-04  200       0 B   597ms /worker
0.1.0.2 - - [04/Apr/2015:11:17:49 -0700] "POST /worker HTTP/1.1" 200 0 "http://crowd-coding-dev.appspot.com/allTogetherDrawV10/ajax/enqueue?type=Review&key=4825824448479232-5724160613416960&skip=false&disablepoint=false" "AppEngine-Google; (+http://code.google.com/appengine)" "crowd-coding-dev.appspot.com" ms=597 cpu_ms=317 cpm_usd=0.001458 queue_name=default task_name=9124480927388605327 instance=00c61b117c6eeee6beec32809ef77dfc1ecae9eb app_engine_release=1.9.18
A 11:18:03.697 2015-04-04  200     106 B   1.27s /allTogetherDrawV10/ajax/enqueue?type=Review&key=6496182595485696-5707702298738688&skip=false&disablepoint=false
190.55.216.196 - charig [04/Apr/2015:11:18:03 -0700] "POST /allTogetherDrawV10/ajax/enqueue?type=Review&key=6496182595485696-5707702298738688&skip=false&disablepoint=false HTTP/1.1" 200 106 - "Mozilla/5.0 (Macintosh; Intel Mac OS X 10_10_2) AppleWebKit/537.36 (KHTML, like Gecko) Chrome/41.0.2272.89 Safari/537.36" "crowd-coding-dev.appspot.com" ms=1273 cpu_ms=54 cpm_usd=0.000302 instance=00c61b117c6eeee6beec32809ef77dfc1ecae9eb app_engine_release=1.9.18
A 11:18:04.598 2015-04-04  200       0 B   1.96s /worker
0.1.0.2 - - [04/Apr/2015:11:18:04 -0700] "POST /worker HTTP/1.1" 200 0 "http://crowd-coding-dev.appspot.com/allTogetherDrawV10/ajax/enqueue?type=Review&key=6496182595485696-5707702298738688&skip=false&disablepoint=false" "AppEngine-Google; (+http://code.google.com/appengine)" "crowd-coding-dev.appspot.com" ms=1961 cpu_ms=234 cpm_usd=0.001094 queue_name=default task_name=2440788336305402547 instance=00c61b117c6eeee6beec32809ef77dfc1ecae9eb app_engine_release=1.9.18
A 11:18:14.111 2015-04-04  200     106 B   285ms /allTogetherDrawV10/ajax/enqueue?type=WriteFunction&key=6528006960971776-5733935958982656&skip=false&disablepoint=false
174.109.240.56 - aglawand [04/Apr/2015:11:18:14 -0700] "POST /allTogetherDrawV10/ajax/enqueue?type=WriteFunction&key=6528006960971776-5733935958982656&skip=false&disablepoint=false HTTP/1.1" 200 106 "http://crowd-coding-dev.appspot.com/allTogetherDrawV10" "Mozilla/5.0 (Windows NT 6.3; WOW64) AppleWebKit/537.36 (KHTML, like Gecko) Chrome/41.0.2272.118 Safari/537.36" "crowd-coding-dev.appspot.com" ms=285 cpu_ms=68 cpm_usd=0.000269 instance=00c61b117c6eeee6beec32809ef77dfc1ecae9eb app_engine_release=1.9.18
A 11:18:14.424 2015-04-04  200       0 B   398ms /worker
0.1.0.2 - - [04/Apr/2015:11:18:14 -0700] "POST /worker HTTP/1.1" 200 0 "http://crowd-coding-dev.appspot.com/allTogetherDrawV10/ajax/enqueue?type=WriteFunction&key=6528006960971776-5733935958982656&skip=false&disablepoint=false" "AppEngine-Google; (+http://code.google.com/appengine)" "crowd-coding-dev.appspot.com" ms=398 cpu_ms=160 cpm_usd=0.000330 queue_name=default task_name=44503694936966910541 instance=00c61b117c6eeee6beec32809ef77dfc1ecae9eb app_engine_release=1.9.18
A 11:18:29.016 2015-04-04  200     106 B   1.29s /allTogetherDrawV10/ajax/enqueue?type=WriteTest&key=4901440568950784-5629499534213120&skip=false&disablepoint=false
128.195.58.186 - vijay.0288 [04/Apr/2015:11:18:29 -0700] "POST /allTogetherDrawV10/ajax/enqueue?type=WriteTest&key=4901440568950784-5629499534213120&skip=false&disablepoint=false HTTP/1.1" 200 106 - "Mozilla/5.0 (Windows NT 6.1; WOW64) AppleWebKit/537.36 (KHTML, like Gecko) Chrome/41.0.2272.118 Safari/537.36" "crowd-coding-dev.appspot.com" ms=1294 cpu_ms=72 cpm_usd=0.000254 instance=00c61b117c6eeee6beec32809ef77dfc1ecae9eb app_engine_release=1.9.18
A 11:18:29.325 2015-04-04  200       0 B   1.37s /worker
0.1.0.2 - - [04/Apr/2015:11:18:29 -0700] "POST /worker HTTP/1.1" 200 0 "http://crowd-coding-dev.appspot.com/allTogetherDrawV10/ajax/enqueue?type=WriteTest&key=4901440568950784-5629499534213120&skip=false&disablepoint=false" "AppEngine-Google; (+http://code.google.com/appengine)" "crowd-coding-dev.appspot.com" ms=1373 cpu_ms=136 cpm_usd=0.000359 queue_name=default task_name=00913409521461369471 instance=00c61b117c6eeee6beec32809ef77dfc1ecae9eb app_engine_release=1.9.18
A 11:18:44.666 2015-04-04  200     106 B   298ms /allTogetherDrawV10/ajax/enqueue?type=WriteTest&key=5219614162157568-5668600916475904&skip=false&disablepoint=false
190.55.216.196 - charig [04/Apr/2015:11:18:44 -0700] "POST /allTogetherDrawV10/ajax/enqueue?type=WriteTest&key=5219614162157568-5668600916475904&skip=false&disablepoint=false HTTP/1.1" 200 106 - "Mozilla/5.0 (Macintosh; Intel Mac OS X 10_10_2) AppleWebKit/537.36 (KHTML, like Gecko) Chrome/41.0.2272.89 Safari/537.36" "crowd-coding-dev.appspot.com" ms=298 cpu_ms=58 cpm_usd=0.000270 instance=00c61b117c6eeee6beec32809ef77dfc1ecae9eb app_engine_release=1.9.18
A 11:18:45.952 2015-04-04  200       0 B    1.4s /worker
0.1.0.2 - - [04/Apr/2015:11:18:45 -0700] "POST /worker HTTP/1.1" 200 0 "http://crowd-coding-dev.appspot.com/allTogetherDrawV10/ajax/enqueue?type=WriteTest&key=5219614162157568-5668600916475904&skip=false&disablepoint=false" "AppEngine-Google; (+http://code.google.com/appengine)" "crowd-coding-dev.appspot.com" ms=1401 cpu_ms=128 cpm_usd=0.000364 queue_name=default task_name=6901788336305402547 instance=00c61b117c6eeee6beec32809ef77dfc1ecae9eb app_engine_release=1.9.18
A 11:18:50.502 2015-04-04  200     106 B   387ms /allTogetherDrawV10/ajax/enqueue?type=Review&key=4668991301746688-5707702298738688&skip=false&disablepoint=false
131.193.76.131 - francesco.paduano91 [04/Apr/2015:11:18:50 -0700] "POST /allTogetherDrawV10/ajax/enqueue?type=Review&key=4668991301746688-5707702298738688&skip=false&disablepoint=false HTTP/1.1" 200 106 - "Mozilla/5.0 (Macintosh; Intel Mac OS X 10_10_2) AppleWebKit/537.36 (KHTML, like Gecko) Chrome/41.0.2272.118 Safari/537.36" "crowd-coding-dev.appspot.com" ms=387 cpu_ms=68 cpm_usd=0.000274 instance=00c61b117c6eeee6beec32809ef77dfc1ecae9eb app_engine_release=1.9.18
A 11:18:51.797 2015-04-04  200       0 B   1.38s /worker
0.1.0.2 - - [04/Apr/2015:11:18:51 -0700] "POST /worker HTTP/1.1" 200 0 "http://crowd-coding-dev.appspot.com/allTogetherDrawV10/ajax/enqueue?type=Review&key=4668991301746688-5707702298738688&skip=false&disablepoint=false" "AppEngine-Google; (+http://code.google.com/appengine)" "crowd-coding-dev.appspot.com" ms=1381 cpu_ms=243 cpm_usd=0.000973 queue_name=default task_name=0571788336305402547 instance=00c61b117c6eeee6beec32809ef77dfc1ecae9eb app_engine_release=1.9.18
A 11:19:25.881 2015-04-04  200     106 B   296ms /allTogetherDrawV10/ajax/enqueue?type=WriteTest&key=4774663871791104-5668600916475904&skip=false&disablepoint=false
187.15.123.154 - thiago_paula [04/Apr/2015:11:19:25 -0700] "POST /allTogetherDrawV10/ajax/enqueue?type=WriteTest&key=4774663871791104-5668600916475904&skip=false&disablepoint=false HTTP/1.1" 200 106 "http://crowd-coding-dev.appspot.com/allTogetherDrawV10" "Mozilla/5.0 (Windows NT 6.3; WOW64) AppleWebKit/537.36 (KHTML, like Gecko) Chrome/41.0.2272.101 Safari/537.36" "crowd-coding-dev.appspot.com" ms=296 cpu_ms=48 cpm_usd=0.000276 instance=00c61b117c6eeee6beec32809ef77dfc1ecae9eb app_engine_release=1.9.18
A 11:19:30.341 2015-04-04  200       0 B   4.59s /worker
0.1.0.2 - - [04/Apr/2015:11:19:30 -0700] "POST /worker HTTP/1.1" 200 0 "http://crowd-coding-dev.appspot.com/allTogetherDrawV10/ajax/enqueue?type=WriteTest&key=4774663871791104-5668600916475904&skip=false&disablepoint=false" "AppEngine-Google; (+http://code.google.com/appengine)" "crowd-coding-dev.appspot.com" ms=4588 cpu_ms=159 cpm_usd=0.000347 queue_name=default task_name=31313409521461369471 instance=00c61b117c6eeee6beec32809ef77dfc1ecae9eb app_engine_release=1.9.18
A 11:19:35.797 2015-04-04  200     106 B   287ms /allTogetherDrawV10/ajax/enqueue?type=Review&key=4901440568950784-5707702298738688&skip=false&disablepoint=false
190.55.216.196 - charig [04/Apr/2015:11:19:35 -0700] "POST /allTogetherDrawV10/ajax/enqueue?type=Review&key=4901440568950784-5707702298738688&skip=false&disablepoint=false HTTP/1.1" 200 106 - "Mozilla/5.0 (Macintosh; Intel Mac OS X 10_10_2) AppleWebKit/537.36 (KHTML, like Gecko) Chrome/41.0.2272.89 Safari/537.36" "crowd-coding-dev.appspot.com" ms=287 cpu_ms=48 cpm_usd=0.000271 instance=00c61b117c6eeee6beec32809ef77dfc1ecae9eb app_engine_release=1.9.18
A 11:19:36.226 2015-04-04  200       0 B   467ms /worker
0.1.0.2 - - [04/Apr/2015:11:19:36 -0700] "POST /worker HTTP/1.1" 200 0 "http://crowd-coding-dev.appspot.com/allTogetherDrawV10/ajax/enqueue?type=Review&key=4901440568950784-5707702298738688&skip=false&disablepoint=false" "AppEngine-Google; (+http://code.google.com/appengine)" "crowd-coding-dev.appspot.com" ms=467 cpu_ms=262 cpm_usd=0.001317 queue_name=default task_name=19182409521461369471 instance=00c61b117c6eeee6beec32809ef77dfc1ecae9eb app_engine_release=1.9.18
A 11:19:44.557 2015-04-04  200     106 B   1.32s /allTogetherDrawV10/ajax/enqueue?type=undefined&key=4774663871791104-5144752345317376&skip=true&disablepoint=false
190.55.216.196 - charig [04/Apr/2015:11:19:44 -0700] "POST /allTogetherDrawV10/ajax/enqueue?type=undefined&key=4774663871791104-5144752345317376&skip=true&disablepoint=false HTTP/1.1" 200 106 - "Mozilla/5.0 (Macintosh; Intel Mac OS X 10_10_2) AppleWebKit/537.36 (KHTML, like Gecko) Chrome/41.0.2272.89 Safari/537.36" "crowd-coding-dev.appspot.com" ms=1316 cpu_ms=61 cpm_usd=0.000270 instance=00c61b117c6eeee6beec32809ef77dfc1ecae9eb app_engine_release=1.9.18
A 11:19:44.720 2015-04-04  200       0 B   1.27s /worker
0.1.0.2 - - [04/Apr/2015:11:19:44 -0700] "POST /worker HTTP/1.1" 200 0 "http://crowd-coding-dev.appspot.com/allTogetherDrawV10/ajax/enqueue?type=undefined&key=4774663871791104-5144752345317376&skip=true&disablepoint=false" "AppEngine-Google; (+http://code.google.com/appengine)" "crowd-coding-dev.appspot.com" ms=1273 cpu_ms=105 cpm_usd=0.000260 queue_name=default task_name=20233694936966910541 instance=00c61b117c6eeee6beec32809ef77dfc1ecae9eb app_engine_release=1.9.18
A 11:20:07.570 2015-04-04  200     106 B   278ms /allTogetherDrawV10/ajax/enqueue?type=Review&key=6604251220410368-5757334940811264&skip=false&disablepoint=false
187.15.123.154 - thiago_paula [04/Apr/2015:11:20:07 -0700] "POST /allTogetherDrawV10/ajax/enqueue?type=Review&key=6604251220410368-5757334940811264&skip=false&disablepoint=false HTTP/1.1" 200 106 "http://crowd-coding-dev.appspot.com/allTogetherDrawV10" "Mozilla/5.0 (Windows NT 6.3; WOW64) AppleWebKit/537.36 (KHTML, like Gecko) Chrome/41.0.2272.101 Safari/537.36" "crowd-coding-dev.appspot.com" ms=278 cpu_ms=50 cpm_usd=0.000286 instance=00c61b117c6eeee6beec32809ef77dfc1ecae9eb app_engine_release=1.9.18
A 11:20:08.913 2015-04-04  200       0 B   1.43s /worker
0.1.0.2 - - [04/Apr/2015:11:20:08 -0700] "POST /worker HTTP/1.1" 200 0 "http://crowd-coding-dev.appspot.com/allTogetherDrawV10/ajax/enqueue?type=Review&key=6604251220410368-5757334940811264&skip=false&disablepoint=false" "AppEngine-Google; (+http://code.google.com/appengine)" "crowd-coding-dev.appspot.com" ms=1430 cpu_ms=240 cpm_usd=0.000909 queue_name=default task_name=8038688336305402547 instance=00c61b117c6eeee6beec32809ef77dfc1ecae9eb app_engine_release=1.9.18
A 11:20:29.210 2015-04-04  200     106 B   316ms /allTogetherDrawV10/ajax/enqueue?type=Review&key=6528006960971776-5693417237512192&skip=false&disablepoint=false
128.195.58.186 - vijay.0288 [04/Apr/2015:11:20:29 -0700] "POST /allTogetherDrawV10/ajax/enqueue?type=Review&key=6528006960971776-5693417237512192&skip=false&disablepoint=false HTTP/1.1" 200 106 "http://crowd-coding-dev.appspot.com/allTogetherDrawV10" "Mozilla/5.0 (Windows NT 6.1; WOW64) AppleWebKit/537.36 (KHTML, like Gecko) Chrome/41.0.2272.118 Safari/537.36" "crowd-coding-dev.appspot.com" ms=316 cpu_ms=48 cpm_usd=0.000263 instance=00c61b117c6eeee6beec32809ef77dfc1ecae9eb app_engine_release=1.9.18
A 11:20:30.428 2015-04-04  200       0 B   1.31s /worker
0.1.0.2 - - [04/Apr/2015:11:20:30 -0700] "POST /worker HTTP/1.1" 200 0 "http://crowd-coding-dev.appspot.com/allTogetherDrawV10/ajax/enqueue?type=Review&key=6528006960971776-5693417237512192&skip=false&disablepoint=false" "AppEngine-Google; (+http://code.google.com/appengine)" "crowd-coding-dev.appspot.com" ms=1310 cpu_ms=253 cpm_usd=0.001375 queue_name=default task_name=56192409521461369471 instance=00c61b117c6eeee6beec32809ef77dfc1ecae9eb app_engine_release=1.9.18
A 11:20:31.085 2015-04-04  200     106 B   401ms /allTogetherDrawV10/ajax/enqueue?type=Review&key=5354664308506624-5724160613416960&skip=false&disablepoint=false
169.234.40.197 - ejshin1 [04/Apr/2015:11:20:31 -0700] "POST /allTogetherDrawV10/ajax/enqueue?type=Review&key=5354664308506624-5724160613416960&skip=false&disablepoint=false HTTP/1.1" 200 106 - "Mozilla/5.0 (Windows NT 6.3; WOW64) AppleWebKit/537.36 (KHTML, like Gecko) Chrome/41.0.2272.118 Safari/537.36" "crowd-coding-dev.appspot.com" ms=401 cpu_ms=52 cpm_usd=0.000265 instance=00c61b117c6eeee6beec32809ef77dfc1ecae9eb app_engine_release=1.9.18
A 11:20:34.106 2015-04-04  200       0 B   3.28s /worker
0.1.0.2 - - [04/Apr/2015:11:20:34 -0700] "POST /worker HTTP/1.1" 200 0 "http://crowd-coding-dev.appspot.com/allTogetherDrawV10/ajax/enqueue?type=Review&key=5354664308506624-5724160613416960&skip=false&disablepoint=false" "AppEngine-Google; (+http://code.google.com/appengine)" "crowd-coding-dev.appspot.com" ms=3281 cpu_ms=263 cpm_usd=0.000891 queue_name=default task_name=93103409521461369471 instance=00c61b117c6eeee6beec32809ef77dfc1ecae9eb app_engine_release=1.9.18
A 11:20:41.806 2015-04-04  200     106 B   1.28s /allTogetherDrawV10/ajax/enqueue?type=WriteTest&key=5455432294334464-5668600916475904&skip=false&disablepoint=false
190.55.216.196 - charig [04/Apr/2015:11:20:41 -0700] "POST /allTogetherDrawV10/ajax/enqueue?type=WriteTest&key=5455432294334464-5668600916475904&skip=false&disablepoint=false HTTP/1.1" 200 106 - "Mozilla/5.0 (Macintosh; Intel Mac OS X 10_10_2) AppleWebKit/537.36 (KHTML, like Gecko) Chrome/41.0.2272.89 Safari/537.36" "crowd-coding-dev.appspot.com" ms=1283 cpu_ms=74 cpm_usd=0.000279 instance=00c61b117c6eeee6beec32809ef77dfc1ecae9eb app_engine_release=1.9.18
A 11:20:42.149 2015-04-04  200       0 B   1.39s /worker
0.1.0.2 - - [04/Apr/2015:11:20:42 -0700] "POST /worker HTTP/1.1" 200 0 "http://crowd-coding-dev.appspot.com/allTogetherDrawV10/ajax/enqueue?type=WriteTest&key=5455432294334464-5668600916475904&skip=false&disablepoint=false" "AppEngine-Google; (+http://code.google.com/appengine)" "crowd-coding-dev.appspot.com" ms=1393 cpu_ms=76 cpm_usd=0.000326 queue_name=default task_name=3944480927388605327 instance=00c61b117c6eeee6beec32809ef77dfc1ecae9eb app_engine_release=1.9.18
A 11:20:44.143 2015-04-04  200     106 B   2.61s /allTogetherDrawV10/ajax/enqueue?type=Review&key=5219614162157568-5741031244955648&skip=false&disablepoint=false
131.193.76.131 - francesco.paduano91 [04/Apr/2015:11:20:44 -0700] "POST /allTogetherDrawV10/ajax/enqueue?type=Review&key=5219614162157568-5741031244955648&skip=false&disablepoint=false HTTP/1.1" 200 106 "http://crowd-coding-dev.appspot.com/allTogetherDrawV10" "Mozilla/5.0 (Macintosh; Intel Mac OS X 10_10_2) AppleWebKit/537.36 (KHTML, like Gecko) Chrome/41.0.2272.118 Safari/537.36" "crowd-coding-dev.appspot.com" ms=2608 cpu_ms=141 cpm_usd=0.000253 instance=00c61b117c6eeee6beec32809ef77dfc1ecae9eb app_engine_release=1.9.18
A 11:20:51.053 2015-04-04  200       0 B   1.62s /worker
0.1.0.2 - - [04/Apr/2015:11:20:51 -0700] "POST /worker HTTP/1.1" 200 0 "http://crowd-coding-dev.appspot.com/allTogetherDrawV10/ajax/enqueue?type=Review&key=5219614162157568-5741031244955648&skip=false&disablepoint=false" "AppEngine-Google; (+http://code.google.com/appengine)" "crowd-coding-dev.appspot.com" ms=1617 cpu_ms=228 cpm_usd=0.000955 queue_name=default task_name=2698688336305402547 instance=00c61b117c6eeee6beec32809ef77dfc1ecae9eb app_engine_release=1.9.18
A 11:21:05.783 2015-04-04  200     106 B   304ms /allTogetherDrawV10/ajax/enqueue?type=WriteFunction&key=4809675371446272-5113880120393728&skip=false&disablepoint=false
174.109.240.56 - aglawand [04/Apr/2015:11:21:05 -0700] "POST /allTogetherDrawV10/ajax/enqueue?type=WriteFunction&key=4809675371446272-5113880120393728&skip=false&disablepoint=false HTTP/1.1" 200 106 "http://crowd-coding-dev.appspot.com/allTogetherDrawV10" "Mozilla/5.0 (Windows NT 6.3; WOW64) AppleWebKit/537.36 (KHTML, like Gecko) Chrome/41.0.2272.118 Safari/537.36" "crowd-coding-dev.appspot.com" ms=304 cpu_ms=57 cpm_usd=0.000277 instance=00c61b117c6eeee6beec32809ef77dfc1ecae9eb app_engine_release=1.9.18
A 11:21:06.079 2015-04-04  200       0 B   393ms /worker
0.1.0.2 - - [04/Apr/2015:11:21:06 -0700] "POST /worker HTTP/1.1" 200 0 "http://crowd-coding-dev.appspot.com/allTogetherDrawV10/ajax/enqueue?type=WriteFunction&key=4809675371446272-5113880120393728&skip=false&disablepoint=false" "AppEngine-Google; (+http://code.google.com/appengine)" "crowd-coding-dev.appspot.com" ms=393 cpu_ms=127 cpm_usd=0.000329 queue_name=default task_name=6169688336305402547 instance=00c61b117c6eeee6beec32809ef77dfc1ecae9eb app_engine_release=1.9.18
A 11:21:14.916 2015-04-04  200       0 B   405ms /worker
0.1.0.2 - - [04/Apr/2015:11:21:14 -0700] "POST /worker HTTP/1.1" 200 0 "http://crowd-coding-dev.appspot.com/allTogetherDrawV10/ajax/enqueue?type=WriteTest&key=4668991301746688-5668600916475904&skip=false&disablepoint=false" "AppEngine-Google; (+http://code.google.com/appengine)" "crowd-coding-dev.appspot.com" ms=405 cpu_ms=72 cpm_usd=0.000370 queue_name=default task_name=7674480927388605327 instance=00c61b117c6eeee6beec32809ef77dfc1ecae9eb app_engine_release=1.9.18
A 11:21:15.337 2015-04-04  200     106 B   1.08s /allTogetherDrawV10/ajax/enqueue?type=WriteTest&key=4668991301746688-5668600916475904&skip=false&disablepoint=false
190.55.216.196 - charig [04/Apr/2015:11:21:15 -0700] "POST /allTogetherDrawV10/ajax/enqueue?type=WriteTest&key=4668991301746688-5668600916475904&skip=false&disablepoint=false HTTP/1.1" 200 106 - "Mozilla/5.0 (Macintosh; Intel Mac OS X 10_10_2) AppleWebKit/537.36 (KHTML, like Gecko) Chrome/41.0.2272.89 Safari/537.36" "crowd-coding-dev.appspot.com" ms=1076 cpu_ms=136 cpm_usd=0.000257 instance=00c61b117c6eeee6beec32809ef77dfc1ecae9eb app_engine_release=1.9.18
A 11:21:21.124 2015-04-04  200     106 B   300ms /allTogetherDrawV10/ajax/enqueue?type=Review&key=5455432294334464-5741031244955648&skip=false&disablepoint=false
131.193.76.131 - francesco.paduano91 [04/Apr/2015:11:21:21 -0700] "POST /allTogetherDrawV10/ajax/enqueue?type=Review&key=5455432294334464-5741031244955648&skip=false&disablepoint=false HTTP/1.1" 200 106 "http://crowd-coding-dev.appspot.com/allTogetherDrawV10" "Mozilla/5.0 (Macintosh; Intel Mac OS X 10_10_2) AppleWebKit/537.36 (KHTML, like Gecko) Chrome/41.0.2272.118 Safari/537.36" "crowd-coding-dev.appspot.com" ms=300 cpu_ms=67 cpm_usd=0.000266 instance=00c61b117c6eeee6beec32809ef77dfc1ecae9eb app_engine_release=1.9.18
A 11:21:22.276 2015-04-04  200       0 B   1.27s /worker
0.1.0.2 - - [04/Apr/2015:11:21:22 -0700] "POST /worker HTTP/1.1" 200 0 "http://crowd-coding-dev.appspot.com/allTogetherDrawV10/ajax/enqueue?type=Review&key=5455432294334464-5741031244955648&skip=false&disablepoint=false" "AppEngine-Google; (+http://code.google.com/appengine)" "crowd-coding-dev.appspot.com" ms=1274 cpu_ms=286 cpm_usd=0.000987 queue_name=default task_name=0720788336305402547 instance=00c61b117c6eeee6beec32809ef77dfc1ecae9eb app_engine_release=1.9.18
A 11:21:24.633 2015-04-04  200     106 B    44ms /allTogetherDrawV10/ajax/fetch
174.109.240.56 - aglawand [04/Apr/2015:11:21:24 -0700] "GET /allTogetherDrawV10/ajax/fetch HTTP/1.1" 200 106 "http://crowd-coding-dev.appspot.com/allTogetherDrawV10" "Mozilla/5.0 (Windows NT 6.3; WOW64) AppleWebKit/537.36 (KHTML, like Gecko) Chrome/41.0.2272.118 Safari/537.36" "crowd-coding-dev.appspot.com" ms=44 cpu_ms=20 cpm_usd=0.000012 instance=00c61b117c6eeee6beec32809ef77dfc1ecae9eb app_engine_release=1.9.18
A 11:21:25.429 2015-04-04  200     106 B   282ms /allTogetherDrawV10/ajax/enqueue?type=WriteTest&key=4742953859809280-5685265389584384&skip=false&disablepoint=false
169.234.207.226 - hosubl [04/Apr/2015:11:21:25 -0700] "POST /allTogetherDrawV10/ajax/enqueue?type=WriteTest&key=4742953859809280-5685265389584384&skip=false&disablepoint=false HTTP/1.1" 200 106 "http://crowd-coding-dev.appspot.com/allTogetherDrawV10" "Mozilla/5.0 (Windows NT 6.1) AppleWebKit/537.36 (KHTML, like Gecko) Chrome/41.0.2272.118 Safari/537.36" "crowd-coding-dev.appspot.com" ms=282 cpu_ms=66 cpm_usd=0.000259 instance=00c61b117c6eeee6beec32809ef77dfc1ecae9eb app_engine_release=1.9.18
A 11:21:25.742 2015-04-04  200       0 B   375ms /worker
0.1.0.2 - - [04/Apr/2015:11:21:25 -0700] "POST /worker HTTP/1.1" 200 0 "http://crowd-coding-dev.appspot.com/allTogetherDrawV10/ajax/enqueue?type=WriteTest&key=4742953859809280-5685265389584384&skip=false&disablepoint=false" "AppEngine-Google; (+http://code.google.com/appengine)" "crowd-coding-dev.appspot.com" ms=375 cpu_ms=141 cpm_usd=0.000337 queue_name=default task_name=1405480927388605327 instance=00c61b117c6eeee6beec32809ef77dfc1ecae9eb app_engine_release=1.9.18
A 11:21:41.994 2015-04-04  200     106 B   416ms /allTogetherDrawV10/ajax/enqueue?type=Review&key=4668991301746688-5741031244955648&skip=false&disablepoint=false
131.193.76.131 - francesco.paduano91 [04/Apr/2015:11:21:41 -0700] "POST /allTogetherDrawV10/ajax/enqueue?type=Review&key=4668991301746688-5741031244955648&skip=false&disablepoint=false HTTP/1.1" 200 106 - "Mozilla/5.0 (Macintosh; Intel Mac OS X 10_10_2) AppleWebKit/537.36 (KHTML, like Gecko) Chrome/41.0.2272.118 Safari/537.36" "crowd-coding-dev.appspot.com" ms=416 cpu_ms=84 cpm_usd=0.000260 instance=00c61b117c6eeee6beec32809ef77dfc1ecae9eb app_engine_release=1.9.18
A 11:21:42.345 2015-04-04  200       0 B   503ms /worker
0.1.0.2 - - [04/Apr/2015:11:21:42 -0700] "POST /worker HTTP/1.1" 200 0 "http://crowd-coding-dev.appspot.com/allTogetherDrawV10/ajax/enqueue?type=Review&key=4668991301746688-5741031244955648&skip=false&disablepoint=false" "AppEngine-Google; (+http://code.google.com/appengine)" "crowd-coding-dev.appspot.com" ms=503 cpu_ms=331 cpm_usd=0.000929 queue_name=default task_name=31113409521461369471 instance=00c61b117c6eeee6beec32809ef77dfc1ecae9eb app_engine_release=1.9.18
A 11:22:02.177 2015-04-04  200     106 B   309ms /allTogetherDrawV10/ajax/enqueue?type=WriteFunction&key=4825824448479232-5685265389584384&skip=false&disablepoint=false
169.234.40.197 - ejshin1 [04/Apr/2015:11:22:02 -0700] "POST /allTogetherDrawV10/ajax/enqueue?type=WriteFunction&key=4825824448479232-5685265389584384&skip=false&disablepoint=false HTTP/1.1" 200 106 - "Mozilla/5.0 (Windows NT 6.3; WOW64) AppleWebKit/537.36 (KHTML, like Gecko) Chrome/41.0.2272.118 Safari/537.36" "crowd-coding-dev.appspot.com" ms=309 cpu_ms=72 cpm_usd=0.000261 instance=00c61b117c6eeee6beec32809ef77dfc1ecae9eb app_engine_release=1.9.18
A 11:22:05.261 2015-04-04  200       0 B   3.22s /worker
0.1.0.2 - - [04/Apr/2015:11:22:05 -0700] "POST /worker HTTP/1.1" 200 0 "http://crowd-coding-dev.appspot.com/allTogetherDrawV10/ajax/enqueue?type=WriteFunction&key=4825824448479232-5685265389584384&skip=false&disablepoint=false" "AppEngine-Google; (+http://code.google.com/appengine)" "crowd-coding-dev.appspot.com" ms=3220 cpu_ms=156 cpm_usd=0.000330 queue_name=default task_name=5135480927388605327 instance=00c61b117c6eeee6beec32809ef77dfc1ecae9eb app_engine_release=1.9.18
A 11:23:05.594 2015-04-04  200     106 B   325ms /allTogetherDrawV10/ajax/enqueue?type=Review&key=6528006960971776-5161210659995648&skip=false&disablepoint=false
128.195.58.186 - vijay.0288 [04/Apr/2015:11:23:05 -0700] "POST /allTogetherDrawV10/ajax/enqueue?type=Review&key=6528006960971776-5161210659995648&skip=false&disablepoint=false HTTP/1.1" 200 106 "http://crowd-coding-dev.appspot.com/allTogetherDrawV10" "Mozilla/5.0 (Windows NT 6.1; WOW64) AppleWebKit/537.36 (KHTML, like Gecko) Chrome/41.0.2272.118 Safari/537.36" "crowd-coding-dev.appspot.com" ms=325 cpu_ms=65 cpm_usd=0.000247 instance=00c61b117c6eeee6beec32809ef77dfc1ecae9eb app_engine_release=1.9.18
A 11:23:06.994 2015-04-04  200       0 B   1.49s /worker
0.1.0.2 - - [04/Apr/2015:11:23:06 -0700] "POST /worker HTTP/1.1" 200 0 "http://crowd-coding-dev.appspot.com/allTogetherDrawV10/ajax/enqueue?type=Review&key=6528006960971776-5161210659995648&skip=false&disablepoint=false" "AppEngine-Google; (+http://code.google.com/appengine)" "crowd-coding-dev.appspot.com" ms=1491 cpu_ms=217 cpm_usd=0.000972 queue_name=default task_name=39033694936966910541 instance=00c61b117c6eeee6beec32809ef77dfc1ecae9eb app_engine_release=1.9.18
A 11:23:28.271 2015-04-04  200     106 B   315ms /allTogetherDrawV10/ajax/enqueue?type=WriteTestCases&key=6604251220410368-5639274879778816&skip=false&disablepoint=false
169.234.207.226 - hosubl [04/Apr/2015:11:23:28 -0700] "POST /allTogetherDrawV10/ajax/enqueue?type=WriteTestCases&key=6604251220410368-5639274879778816&skip=false&disablepoint=false HTTP/1.1" 200 106 "http://crowd-coding-dev.appspot.com/allTogetherDrawV10" "Mozilla/5.0 (Windows NT 6.1) AppleWebKit/537.36 (KHTML, like Gecko) Chrome/41.0.2272.118 Safari/537.36" "crowd-coding-dev.appspot.com" ms=315 cpu_ms=56 cpm_usd=0.000269 instance=00c61b117c6eeee6beec32809ef77dfc1ecae9eb app_engine_release=1.9.18
A 11:23:28.592 2015-04-04  200       0 B   383ms /worker
0.1.0.2 - - [04/Apr/2015:11:23:28 -0700] "POST /worker HTTP/1.1" 200 0 "http://crowd-coding-dev.appspot.com/allTogetherDrawV10/ajax/enqueue?type=WriteTestCases&key=6604251220410368-5639274879778816&skip=false&disablepoint=false" "AppEngine-Google; (+http://code.google.com/appengine)" "crowd-coding-dev.appspot.com" ms=383 cpu_ms=151 cpm_usd=0.000329 queue_name=default task_name=9855480927388605327 instance=00c61b117c6eeee6beec32809ef77dfc1ecae9eb app_engine_release=1.9.18
A 11:23:39.173 2015-04-04  200     106 B   288ms /allTogetherDrawV10/ajax/enqueue?type=Review&key=4742953859809280-5178081291534336&skip=false&disablepoint=false
131.193.76.131 - francesco.paduano91 [04/Apr/2015:11:23:39 -0700] "POST /allTogetherDrawV10/ajax/enqueue?type=Review&key=4742953859809280-5178081291534336&skip=false&disablepoint=false HTTP/1.1" 200 106 "http://crowd-coding-dev.appspot.com/allTogetherDrawV10" "Mozilla/5.0 (Macintosh; Intel Mac OS X 10_10_2) AppleWebKit/537.36 (KHTML, like Gecko) Chrome/41.0.2272.118 Safari/537.36" "crowd-coding-dev.appspot.com" ms=288 cpu_ms=59 cpm_usd=0.000248 instance=00c61b117c6eeee6beec32809ef77dfc1ecae9eb app_engine_release=1.9.18
A 11:23:41.917 2015-04-04  200       0 B    2.8s /worker
0.1.0.2 - - [04/Apr/2015:11:23:41 -0700] "POST /worker HTTP/1.1" 200 0 "http://crowd-coding-dev.appspot.com/allTogetherDrawV10/ajax/enqueue?type=Review&key=4742953859809280-5178081291534336&skip=false&disablepoint=false" "AppEngine-Google; (+http://code.google.com/appengine)" "crowd-coding-dev.appspot.com" ms=2803 cpu_ms=272 cpm_usd=0.000912 queue_name=default task_name=55613694936966910541 instance=00c61b117c6eeee6beec32809ef77dfc1ecae9eb app_engine_release=1.9.18
A 11:23:51.752 2015-04-04  200     106 B   272ms /allTogetherDrawV10/ajax/enqueue?type=Review&key=4825824448479232-5144752345317376&skip=false&disablepoint=false
128.195.58.186 - vijay.0288 [04/Apr/2015:11:23:51 -0700] "POST /allTogetherDrawV10/ajax/enqueue?type=Review&key=4825824448479232-5144752345317376&skip=false&disablepoint=false HTTP/1.1" 200 106 "http://crowd-coding-dev.appspot.com/allTogetherDrawV10" "Mozilla/5.0 (Windows NT 6.1; WOW64) AppleWebKit/537.36 (KHTML, like Gecko) Chrome/41.0.2272.118 Safari/537.36" "crowd-coding-dev.appspot.com" ms=272 cpu_ms=50 cpm_usd=0.000253 instance=00c61b117c6eeee6beec32809ef77dfc1ecae9eb app_engine_release=1.9.18
A 11:23:52.377 2015-04-04  200       0 B   702ms /worker
0.1.0.2 - - [04/Apr/2015:11:23:52 -0700] "POST /worker HTTP/1.1" 200 0 "http://crowd-coding-dev.appspot.com/allTogetherDrawV10/ajax/enqueue?type=Review&key=4825824448479232-5144752345317376&skip=false&disablepoint=false" "AppEngine-Google; (+http://code.google.com/appengine)" "crowd-coding-dev.appspot.com" ms=702 cpu_ms=344 cpm_usd=0.001427 queue_name=default task_name=3685480927388605327 instance=00c61b117c6eeee6beec32809ef77dfc1ecae9eb app_engine_release=1.9.18
A 11:24:01.484 2015-04-04  200     106 B   604ms /allTogetherDrawV10/ajax/enqueue?type=ReuseSearch&key=6604251220410368-5105650963054592&skip=false&disablepoint=false
187.36.44.59 - joaohenrique.jhsp [04/Apr/2015:11:24:01 -0700] "POST /allTogetherDrawV10/ajax/enqueue?type=ReuseSearch&key=6604251220410368-5105650963054592&skip=false&disablepoint=false HTTP/1.1" 200 106 "http://crowd-coding-dev.appspot.com/allTogetherDrawV10" "Mozilla/5.0 (Windows NT 6.1; WOW64) AppleWebKit/537.36 (KHTML, like Gecko) Chrome/41.0.2272.101 Safari/537.36" "crowd-coding-dev.appspot.com" ms=604 cpu_ms=54 cpm_usd=0.000256 instance=00c61b117c6eeee6beec32809ef77dfc1ecae9eb app_engine_release=1.9.18
A 11:24:01.967 2015-04-04  200       0 B   541ms /worker
0.1.0.2 - - [04/Apr/2015:11:24:01 -0700] "POST /worker HTTP/1.1" 200 0 "http://crowd-coding-dev.appspot.com/allTogetherDrawV10/ajax/enqueue?type=ReuseSearch&key=6604251220410368-5105650963054592&skip=false&disablepoint=false" "AppEngine-Google; (+http://code.google.com/appengine)" "crowd-coding-dev.appspot.com" ms=541 cpu_ms=152 cpm_usd=0.000329 queue_name=default task_name=71203694936966910541 instance=00c61b117c6eeee6beec32809ef77dfc1ecae9eb app_engine_release=1.9.18
A 11:24:09.049 2015-04-04  200     106 B    48ms /allTogetherDrawV10/ajax/fetch
174.109.240.56 - aglawand [04/Apr/2015:11:24:09 -0700] "GET /allTogetherDrawV10/ajax/fetch HTTP/1.1" 200 106 "http://crowd-coding-dev.appspot.com/allTogetherDrawV10" "Mozilla/5.0 (Windows NT 6.3; WOW64) AppleWebKit/537.36 (KHTML, like Gecko) Chrome/41.0.2272.118 Safari/537.36" "crowd-coding-dev.appspot.com" ms=48 cpu_ms=20 cpm_usd=0.000012 instance=00c61b117c6eeee6beec32809ef77dfc1ecae9eb app_engine_release=1.9.18
A 11:24:30.000 2015-04-04  200     106 B    1.3s /allTogetherDrawV10/ajax/enqueue?type=Review&key=4809675371446272-5733935958982656&skip=false&disablepoint=false
190.55.216.196 - charig [04/Apr/2015:11:24:30 -0700] "POST /allTogetherDrawV10/ajax/enqueue?type=Review&key=4809675371446272-5733935958982656&skip=false&disablepoint=false HTTP/1.1" 200 106 - "Mozilla/5.0 (Macintosh; Intel Mac OS X 10_10_2) AppleWebKit/537.36 (KHTML, like Gecko) Chrome/41.0.2272.89 Safari/537.36" "crowd-coding-dev.appspot.com" ms=1298 cpu_ms=68 cpm_usd=0.000246 instance=00c61b117c6eeee6beec32809ef77dfc1ecae9eb app_engine_release=1.9.18
A 11:24:30.201 2015-04-04  200       0 B   1.32s /worker
0.1.0.2 - - [04/Apr/2015:11:24:30 -0700] "POST /worker HTTP/1.1" 200 0 "http://crowd-coding-dev.appspot.com/allTogetherDrawV10/ajax/enqueue?type=Review&key=4809675371446272-5733935958982656&skip=false&disablepoint=false" "AppEngine-Google; (+http://code.google.com/appengine)" "crowd-coding-dev.appspot.com" ms=1319 cpu_ms=223 cpm_usd=0.000908 queue_name=default task_name=7316480927388605327 instance=00c61b117c6eeee6beec32809ef77dfc1ecae9eb app_engine_release=1.9.18
A 11:24:38.887 2015-04-04  200     106 B   302ms /allTogetherDrawV10/ajax/enqueue?type=Review&key=6604251220410368-5144752345317376&skip=false&disablepoint=false
131.193.76.131 - francesco.paduano91 [04/Apr/2015:11:24:38 -0700] "POST /allTogetherDrawV10/ajax/enqueue?type=Review&key=6604251220410368-5144752345317376&skip=false&disablepoint=false HTTP/1.1" 200 106 "http://crowd-coding-dev.appspot.com/allTogetherDrawV10" "Mozilla/5.0 (Macintosh; Intel Mac OS X 10_10_2) AppleWebKit/537.36 (KHTML, like Gecko) Chrome/41.0.2272.118 Safari/537.36" "crowd-coding-dev.appspot.com" ms=302 cpu_ms=64 cpm_usd=0.000252 instance=00c61b117c6eeee6beec32809ef77dfc1ecae9eb app_engine_release=1.9.18
A 11:24:39.455 2015-04-04  200       0 B   657ms /worker
0.1.0.2 - - [04/Apr/2015:11:24:39 -0700] "POST /worker HTTP/1.1" 200 0 "http://crowd-coding-dev.appspot.com/allTogetherDrawV10/ajax/enqueue?type=Review&key=6604251220410368-5144752345317376&skip=false&disablepoint=false" "AppEngine-Google; (+http://code.google.com/appengine)" "crowd-coding-dev.appspot.com" ms=657 cpu_ms=288 cpm_usd=0.000906 queue_name=default task_name=57823694936966910541 instance=00c61b117c6eeee6beec32809ef77dfc1ecae9eb app_engine_release=1.9.18
A 11:25:13.870 2015-04-04  200     106 B    47ms /allTogetherDrawV10/ajax/fetch
174.109.240.56 - aglawand [04/Apr/2015:11:25:13 -0700] "GET /allTogetherDrawV10/ajax/fetch HTTP/1.1" 200 106 "http://crowd-coding-dev.appspot.com/allTogetherDrawV10" "Mozilla/5.0 (Windows NT 6.3; WOW64) AppleWebKit/537.36 (KHTML, like Gecko) Chrome/41.0.2272.118 Safari/537.36" "crowd-coding-dev.appspot.com" ms=47 cpu_ms=20 cpm_usd=0.000012 instance=00c61b117c6eeee6beec32809ef77dfc1ecae9eb app_engine_release=1.9.18
A 11:25:33.922 2015-04-04  200     106 B   1.11s /allTogetherDrawV10/ajax/enqueue?type=Review&key=6604251220410368-5717271485874176&skip=false&disablepoint=false
190.55.216.196 - charig [04/Apr/2015:11:25:33 -0700] "POST /allTogetherDrawV10/ajax/enqueue?type=Review&key=6604251220410368-5717271485874176&skip=false&disablepoint=false HTTP/1.1" 200 106 - "Mozilla/5.0 (Macintosh; Intel Mac OS X 10_10_2) AppleWebKit/537.36 (KHTML, like Gecko) Chrome/41.0.2272.89 Safari/537.36" "crowd-coding-dev.appspot.com" ms=1106 cpu_ms=55 cpm_usd=0.000252 instance=00c61b117c6eeee6beec32809ef77dfc1ecae9eb app_engine_release=1.9.18
A 11:25:34.420 2015-04-04  200       0 B   1.32s /worker
0.1.0.2 - - [04/Apr/2015:11:25:34 -0700] "POST /worker HTTP/1.1" 200 0 "http://crowd-coding-dev.appspot.com/allTogetherDrawV10/ajax/enqueue?type=Review&key=6604251220410368-5717271485874176&skip=false&disablepoint=false" "AppEngine-Google; (+http://code.google.com/appengine)" "crowd-coding-dev.appspot.com" ms=1323 cpu_ms=256 cpm_usd=0.000897 queue_name=default task_name=62503409521461369471 instance=00c61b117c6eeee6beec32809ef77dfc1ecae9eb app_engine_release=1.9.18
A 11:26:25.108 2015-04-04  200     106 B   280ms /allTogetherDrawV10/ajax/enqueue?type=WriteTest&key=5219614162157568-5649050225344512&skip=false&disablepoint=false
169.234.207.226 - hosubl [04/Apr/2015:11:26:25 -0700] "POST /allTogetherDrawV10/ajax/enqueue?type=WriteTest&key=5219614162157568-5649050225344512&skip=false&disablepoint=false HTTP/1.1" 200 106 "http://crowd-coding-dev.appspot.com/allTogetherDrawV10" "Mozilla/5.0 (Windows NT 6.1) AppleWebKit/537.36 (KHTML, like Gecko) Chrome/41.0.2272.118 Safari/537.36" "crowd-coding-dev.appspot.com" ms=280 cpu_ms=46 cpm_usd=0.000261 instance=00c61b117c6eeee6beec32809ef77dfc1ecae9eb app_engine_release=1.9.18
A 11:26:25.408 2015-04-04  200       0 B   410ms /worker
0.1.0.2 - - [04/Apr/2015:11:26:25 -0700] "POST /worker HTTP/1.1" 200 0 "http://crowd-coding-dev.appspot.com/allTogetherDrawV10/ajax/enqueue?type=WriteTest&key=5219614162157568-5649050225344512&skip=false&disablepoint=false" "AppEngine-Google; (+http://code.google.com/appengine)" "crowd-coding-dev.appspot.com" ms=410 cpu_ms=161 cpm_usd=0.000364 queue_name=default task_name=4290788336305402547 instance=00c61b117c6eeee6beec32809ef77dfc1ecae9eb app_engine_release=1.9.18
A 11:26:41.991 2015-04-04  200     106 B   1.33s /allTogetherDrawV10/ajax/enqueue?type=undefined&key=4774663871791104-5144752345317376&skip=true&disablepoint=false
174.109.240.56 - aglawand [04/Apr/2015:11:26:41 -0700] "POST /allTogetherDrawV10/ajax/enqueue?type=undefined&key=4774663871791104-5144752345317376&skip=true&disablepoint=false HTTP/1.1" 200 106 "http://crowd-coding-dev.appspot.com/allTogetherDrawV10" "Mozilla/5.0 (Windows NT 6.3; WOW64) AppleWebKit/537.36 (KHTML, like Gecko) Chrome/41.0.2272.118 Safari/537.36" "crowd-coding-dev.appspot.com" ms=1327 cpu_ms=69 cpm_usd=0.000272 instance=00c61b117c6eeee6beec32809ef77dfc1ecae9eb app_engine_release=1.9.18
A 11:26:42.238 2015-04-04  200       0 B   1.29s /worker
0.1.0.2 - - [04/Apr/2015:11:26:42 -0700] "POST /worker HTTP/1.1" 200 0 "http://crowd-coding-dev.appspot.com/allTogetherDrawV10/ajax/enqueue?type=undefined&key=4774663871791104-5144752345317376&skip=true&disablepoint=false" "AppEngine-Google; (+http://code.google.com/appengine)" "crowd-coding-dev.appspot.com" ms=1292 cpu_ms=118 cpm_usd=0.000247 queue_name=default task_name=8751788336305402547 instance=00c61b117c6eeee6beec32809ef77dfc1ecae9eb app_engine_release=1.9.18
A 11:27:16.697 2015-04-04  200       0 B   526ms /worker
0.1.0.2 - - [04/Apr/2015:11:27:16 -0700] "POST /worker HTTP/1.1" 200 0 "http://crowd-coding-dev.appspot.com/allTogetherDrawV10/ajax/enqueue?type=WriteTest&key=5409190797377536-5668600916475904&skip=false&disablepoint=false" "AppEngine-Google; (+http://code.google.com/appengine)" "crowd-coding-dev.appspot.com" ms=526 cpu_ms=80 cpm_usd=0.000374 queue_name=default task_name=99992694936966910541 instance=00c61b117c6eeee6beec32809ef77dfc1ecae9eb app_engine_release=1.9.18
A 11:27:17.308 2015-04-04  200     106 B   1.41s /allTogetherDrawV10/ajax/enqueue?type=WriteTest&key=5409190797377536-5668600916475904&skip=false&disablepoint=false
187.15.123.154 - thiago_paula [04/Apr/2015:11:27:17 -0700] "POST /allTogetherDrawV10/ajax/enqueue?type=WriteTest&key=5409190797377536-5668600916475904&skip=false&disablepoint=false HTTP/1.1" 200 106 "http://crowd-coding-dev.appspot.com/allTogetherDrawV10" "Mozilla/5.0 (Windows NT 6.3; WOW64) AppleWebKit/537.36 (KHTML, like Gecko) Chrome/41.0.2272.101 Safari/537.36" "crowd-coding-dev.appspot.com" ms=1414 cpu_ms=148 cpm_usd=0.000264 instance=00c61b117c6eeee6beec32809ef77dfc1ecae9eb app_engine_release=1.9.18
A 11:27:21.290 2015-04-04  200     106 B   316ms /allTogetherDrawV10/ajax/enqueue?type=Review&key=5219614162157568-5724160613416960&skip=false&disablepoint=false
174.109.240.56 - aglawand [04/Apr/2015:11:27:21 -0700] "POST /allTogetherDrawV10/ajax/enqueue?type=Review&key=5219614162157568-5724160613416960&skip=false&disablepoint=false HTTP/1.1" 200 106 "http://crowd-coding-dev.appspot.com/allTogetherDrawV10" "Mozilla/5.0 (Windows NT 6.3; WOW64) AppleWebKit/537.36 (KHTML, like Gecko) Chrome/41.0.2272.118 Safari/537.36" "crowd-coding-dev.appspot.com" ms=316 cpu_ms=72 cpm_usd=0.000277 instance=00c61b117c6eeee6beec32809ef77dfc1ecae9eb app_engine_release=1.9.18
A 11:27:22.151 2015-04-04  200       0 B   973ms /worker
0.1.0.2 - - [04/Apr/2015:11:27:22 -0700] "POST /worker HTTP/1.1" 200 0 "http://crowd-coding-dev.appspot.com/allTogetherDrawV10/ajax/enqueue?type=Review&key=5219614162157568-5724160613416960&skip=false&disablepoint=false" "AppEngine-Google; (+http://code.google.com/appengine)" "crowd-coding-dev.appspot.com" ms=973 cpu_ms=363 cpm_usd=0.001147 queue_name=default task_name=75623694936966910541 instance=00c61b117c6eeee6beec32809ef77dfc1ecae9eb app_engine_release=1.9.18
A 11:28:16.232 2015-04-04  200     106 B   892ms /allTogetherDrawV10/ajax/enqueue?type=Review&key=5409190797377536-5741031244955648&skip=false&disablepoint=false
174.109.240.56 - aglawand [04/Apr/2015:11:28:16 -0700] "POST /allTogetherDrawV10/ajax/enqueue?type=Review&key=5409190797377536-5741031244955648&skip=false&disablepoint=false HTTP/1.1" 200 106 "http://crowd-coding-dev.appspot.com/allTogetherDrawV10" "Mozilla/5.0 (Windows NT 6.3; WOW64) AppleWebKit/537.36 (KHTML, like Gecko) Chrome/41.0.2272.118 Safari/537.36" "crowd-coding-dev.appspot.com" ms=892 cpu_ms=52 cpm_usd=0.000264 instance=00c61b117c6eeee6beec32809ef77dfc1ecae9eb app_engine_release=1.9.18
A 11:28:16.816 2015-04-04  200       0 B   690ms /worker
0.1.0.2 - - [04/Apr/2015:11:28:16 -0700] "POST /worker HTTP/1.1" 200 0 "http://crowd-coding-dev.appspot.com/allTogetherDrawV10/ajax/enqueue?type=Review&key=5409190797377536-5741031244955648&skip=false&disablepoint=false" "AppEngine-Google; (+http://code.google.com/appengine)" "crowd-coding-dev.appspot.com" ms=690 cpu_ms=279 cpm_usd=0.000957 queue_name=default task_name=93992409521461369471 instance=00c61b117c6eeee6beec32809ef77dfc1ecae9eb app_engine_release=1.9.18
A 11:28:20.071 2015-04-04  200     106 B   307ms /allTogetherDrawV10/ajax/enqueue?type=WriteTest&key=5354664308506624-5685265389584384&skip=false&disablepoint=false
169.234.40.197 - ejshin1 [04/Apr/2015:11:28:20 -0700] "POST /allTogetherDrawV10/ajax/enqueue?type=WriteTest&key=5354664308506624-5685265389584384&skip=false&disablepoint=false HTTP/1.1" 200 106 "http://crowd-coding-dev.appspot.com/allTogetherDrawV10" "Mozilla/5.0 (Windows NT 6.3; WOW64) AppleWebKit/537.36 (KHTML, like Gecko) Chrome/41.0.2272.118 Safari/537.36" "crowd-coding-dev.appspot.com" ms=307 cpu_ms=54 cpm_usd=0.000273 instance=00c61b117c6eeee6beec32809ef77dfc1ecae9eb app_engine_release=1.9.18
A 11:28:20.356 2015-04-04  200       0 B   408ms /worker
