0.1.0.2 - - [04/Apr/2015:11:40:39 -0700] "POST /worker HTTP/1.1" 200 0 "http://crowd-coding-dev.appspot.com/allTogetherDrawV10/ajax/enqueue?type=Review&key=4809675371446272-5094432508477440&skip=false&disablepoint=false" "AppEngine-Google; (+http://code.google.com/appengine)" "crowd-coding-dev.appspot.com" ms=891 cpu_ms=208 cpm_usd=0.000922 queue_name=default task_name=9900788336305402547 instance=00c61b117c6eeee6beec32809ef77dfc1ecae9eb app_engine_release=1.9.18
A 11:41:16.545 2015-04-04  200     106 B   298ms /allTogetherDrawV10/ajax/enqueue?type=Review&key=6544664857411584-5707702298738688&skip=false&disablepoint=false
169.234.40.197 - ejshin1 [04/Apr/2015:11:41:16 -0700] "POST /allTogetherDrawV10/ajax/enqueue?type=Review&key=6544664857411584-5707702298738688&skip=false&disablepoint=false HTTP/1.1" 200 106 "http://crowd-coding-dev.appspot.com/allTogetherDrawV10" "Mozilla/5.0 (Windows NT 6.3; WOW64) AppleWebKit/537.36 (KHTML, like Gecko) Chrome/41.0.2272.118 Safari/537.36" "crowd-coding-dev.appspot.com" ms=298 cpu_ms=58 cpm_usd=0.000277 instance=00c61b117c6eeee6beec32809ef77dfc1ecae9eb app_engine_release=1.9.18
A 11:41:19.691 2015-04-04  200       0 B   3.29s /worker
0.1.0.2 - - [04/Apr/2015:11:41:19 -0700] "POST /worker HTTP/1.1" 200 0 "http://crowd-coding-dev.appspot.com/allTogetherDrawV10/ajax/enqueue?type=Review&key=6544664857411584-5707702298738688&skip=false&disablepoint=false" "AppEngine-Google; (+http://code.google.com/appengine)" "crowd-coding-dev.appspot.com" ms=3287 cpu_ms=482 cpm_usd=0.002057 queue_name=default task_name=7387480927388605327 instance=00c61b117c6eeee6beec32809ef77dfc1ecae9eb app_engine_release=1.9.18
A 11:41:28.016 2015-04-04  200     106 B   1.33s /allTogetherDrawV10/ajax/enqueue?type=WriteTest&key=5469924856168448-5685265389584384&skip=false&disablepoint=false
131.193.76.131 - francesco.paduano91 [04/Apr/2015:11:41:28 -0700] "POST /allTogetherDrawV10/ajax/enqueue?type=WriteTest&key=5469924856168448-5685265389584384&skip=false&disablepoint=false HTTP/1.1" 200 106 - "Mozilla/5.0 (Macintosh; Intel Mac OS X 10_10_2) AppleWebKit/537.36 (KHTML, like Gecko) Chrome/41.0.2272.118 Safari/537.36" "crowd-coding-dev.appspot.com" ms=1329 cpu_ms=61 cpm_usd=0.000274 instance=00c61b117c6eeee6beec32809ef77dfc1ecae9eb app_engine_release=1.9.18
A 11:41:28.300 2015-04-04  200       0 B   1.36s /worker
0.1.0.2 - - [04/Apr/2015:11:41:28 -0700] "POST /worker HTTP/1.1" 200 0 "http://crowd-coding-dev.appspot.com/allTogetherDrawV10/ajax/enqueue?type=WriteTest&key=5469924856168448-5685265389584384&skip=false&disablepoint=false" "AppEngine-Google; (+http://code.google.com/appengine)" "crowd-coding-dev.appspot.com" ms=1362 cpu_ms=147 cpm_usd=0.000335 queue_name=default task_name=1118480927388605327 instance=00c61b117c6eeee6beec32809ef77dfc1ecae9eb app_engine_release=1.9.18
A 11:41:29.433 2015-04-04  200     106 B   440ms /allTogetherDrawV10/ajax/enqueue?type=Review&key=6528006960971776-5634387206995968&skip=false&disablepoint=false
169.234.207.226 - hosubl [04/Apr/2015:11:41:29 -0700] "POST /allTogetherDrawV10/ajax/enqueue?type=Review&key=6528006960971776-5634387206995968&skip=false&disablepoint=false HTTP/1.1" 200 106 "http://crowd-coding-dev.appspot.com/allTogetherDrawV10" "Mozilla/5.0 (Windows NT 6.1) AppleWebKit/537.36 (KHTML, like Gecko) Chrome/41.0.2272.118 Safari/537.36" "crowd-coding-dev.appspot.com" ms=440 cpu_ms=75 cpm_usd=0.000249 instance=00c61b117c6eeee6beec32809ef77dfc1ecae9eb app_engine_release=1.9.18
A 11:41:29.957 2015-04-04  200       0 B   598ms /worker
0.1.0.2 - - [04/Apr/2015:11:41:29 -0700] "POST /worker HTTP/1.1" 200 0 "http://crowd-coding-dev.appspot.com/allTogetherDrawV10/ajax/enqueue?type=Review&key=6528006960971776-5634387206995968&skip=false&disablepoint=false" "AppEngine-Google; (+http://code.google.com/appengine)" "crowd-coding-dev.appspot.com" ms=598 cpu_ms=236 cpm_usd=0.000895 queue_name=default task_name=9824480927388605327 instance=00c61b117c6eeee6beec32809ef77dfc1ecae9eb app_engine_release=1.9.18
A 11:41:31.338 2015-04-04  200     106 B   306ms /allTogetherDrawV10/ajax/enqueue?type=Review&key=5439283217301504-5707702298738688&skip=false&disablepoint=false
187.36.44.59 - joaohenrique.jhsp [04/Apr/2015:11:41:31 -0700] "POST /allTogetherDrawV10/ajax/enqueue?type=Review&key=5439283217301504-5707702298738688&skip=false&disablepoint=false HTTP/1.1" 200 106 "http://crowd-coding-dev.appspot.com/allTogetherDrawV10" "Mozilla/5.0 (Windows NT 6.1; WOW64) AppleWebKit/537.36 (KHTML, like Gecko) Chrome/41.0.2272.101 Safari/537.36" "crowd-coding-dev.appspot.com" ms=306 cpu_ms=72 cpm_usd=0.000264 instance=00c61b117c6eeee6beec32809ef77dfc1ecae9eb app_engine_release=1.9.18
A 11:41:32.687 2015-04-04  200       0 B   1.43s /worker
0.1.0.2 - - [04/Apr/2015:11:41:32 -0700] "POST /worker HTTP/1.1" 200 0 "http://crowd-coding-dev.appspot.com/allTogetherDrawV10/ajax/enqueue?type=Review&key=5439283217301504-5707702298738688&skip=false&disablepoint=false" "AppEngine-Google; (+http://code.google.com/appengine)" "crowd-coding-dev.appspot.com" ms=1429 cpu_ms=302 cpm_usd=0.001021 queue_name=default task_name=54252049031958583511 instance=00c61b117c6eeee6beec32809ef77dfc1ecae9eb app_engine_release=1.9.18
A 11:41:51.826 2015-04-04  200     106 B   3.34s /allTogetherDrawV10/ajax/enqueue?type=Review&key=4774663871791104-5144752345317376&skip=false&disablepoint=false
128.195.58.186 - vijay.0288 [04/Apr/2015:11:41:51 -0700] "POST /allTogetherDrawV10/ajax/enqueue?type=Review&key=4774663871791104-5144752345317376&skip=false&disablepoint=false HTTP/1.1" 200 106 - "Mozilla/5.0 (Windows NT 6.1; WOW64) AppleWebKit/537.36 (KHTML, like Gecko) Chrome/41.0.2272.118 Safari/537.36" "crowd-coding-dev.appspot.com" ms=3338 cpu_ms=60 cpm_usd=0.000269 instance=00c61b117c6eeee6beec32809ef77dfc1ecae9eb app_engine_release=1.9.18
A 11:41:51.964 2015-04-04  200       0 B   3.29s /worker
0.1.0.2 - - [04/Apr/2015:11:41:51 -0700] "POST /worker HTTP/1.1" 200 0 "http://crowd-coding-dev.appspot.com/allTogetherDrawV10/ajax/enqueue?type=Review&key=4774663871791104-5144752345317376&skip=false&disablepoint=false" "AppEngine-Google; (+http://code.google.com/appengine)" "crowd-coding-dev.appspot.com" ms=3285 cpu_ms=279 cpm_usd=0.001245 queue_name=default task_name=26433694936966910541 instance=00c61b117c6eeee6beec32809ef77dfc1ecae9eb app_engine_release=1.9.18
A 11:41:57.296 2015-04-04  200     106 B   348ms /allTogetherDrawV10/ajax/enqueue?type=WriteTest&key=5354664308506624-6212000178765824&skip=true&disablepoint=false
131.193.76.131 - francesco.paduano91 [04/Apr/2015:11:41:57 -0700] "POST /allTogetherDrawV10/ajax/enqueue?type=WriteTest&key=5354664308506624-6212000178765824&skip=true&disablepoint=false HTTP/1.1" 200 106 - "Mozilla/5.0 (Macintosh; Intel Mac OS X 10_10_2) AppleWebKit/537.36 (KHTML, like Gecko) Chrome/41.0.2272.118 Safari/537.36" "crowd-coding-dev.appspot.com" ms=348 cpu_ms=74 cpm_usd=0.000394 instance=00c61b117c6eeee6beec32809ef77dfc1ecae9eb app_engine_release=1.9.18
W 11:41:57.493 2015-04-04  200     106 B   475ms /allTogetherDrawV10/ajax/enqueue?type=Review&key=5469924856168448-5066549580791808&skip=false&disablepoint=false
169.234.207.226 - hosubl [04/Apr/2015:11:41:57 -0700] "POST /allTogetherDrawV10/ajax/enqueue?type=Review&key=5469924856168448-5066549580791808&skip=false&disablepoint=false HTTP/1.1" 200 106 "http://crowd-coding-dev.appspot.com/allTogetherDrawV10" "Mozilla/5.0 (Windows NT 6.1) AppleWebKit/537.36 (KHTML, like Gecko) Chrome/41.0.2272.118 Safari/537.36" "crowd-coding-dev.appspot.com" ms=475 cpu_ms=112 cpm_usd=0.000294 instance=00c61b117c6eeee6beec32809ef77dfc1ecae9eb app_engine_release=1.9.18
W 11:41:57.165 com.googlecode.objectify.impl.TransactorNo transactNew: Optimistic concurrency failure for com.crowdcoding.servlets.CrowdServlet$2@11c978b (retrying): java.util.ConcurrentModificationException: too much contention on these datastore entities. please try again. entity group key: app: "s~crowd-coding-dev"
path <
  Element {
    type: "Project"
    name: "allTogetherDrawV10"
  }
>
W 11:41:57.688 2015-04-04  200       0 B   473ms /worker
0.1.0.2 - - [04/Apr/2015:11:41:57 -0700] "POST /worker HTTP/1.1" 200 0 "http://crowd-coding-dev.appspot.com/allTogetherDrawV10/ajax/enqueue?type=WriteTest&key=5354664308506624-6212000178765824&skip=true&disablepoint=false" "AppEngine-Google; (+http://code.google.com/appengine)" "crowd-coding-dev.appspot.com" ms=473 cpu_ms=91 cpm_usd=0.000291 queue_name=default task_name=3654480927388605327 instance=00c61b117c6eeee6beec32809ef77dfc1ecae9eb app_engine_release=1.9.18
W 11:41:57.392 com.googlecode.objectify.impl.TransactorNo transactNew: Optimistic concurrency failure for com.crowdcoding.servlets.CrowdServlet$3@db936b (retrying): java.util.ConcurrentModificationException: too much contention on these datastore entities. please try again.
A 11:41:57.939 2015-04-04  200     106 B   428ms /allTogetherDrawV10/ajax/enqueue?type=Review&key=6526142676729856-5707702298738688&skip=false&disablepoint=false
174.109.240.56 - aglawand [04/Apr/2015:11:41:57 -0700] "POST /allTogetherDrawV10/ajax/enqueue?type=Review&key=6526142676729856-5707702298738688&skip=false&disablepoint=false HTTP/1.1" 200 106 "http://crowd-coding-dev.appspot.com/allTogetherDrawV10" "Mozilla/5.0 (Windows NT 6.3; WOW64) AppleWebKit/537.36 (KHTML, like Gecko) Chrome/41.0.2272.118 Safari/537.36" "crowd-coding-dev.appspot.com" ms=428 cpu_ms=178 cpm_usd=0.000256 instance=00c61b117c6eeee6beec32809ef77dfc1ecae9eb app_engine_release=1.9.18
A 11:42:06.774 2015-04-04  200       0 B   621ms /worker
0.1.0.2 - - [04/Apr/2015:11:42:06 -0700] "POST /worker HTTP/1.1" 200 0 "http://crowd-coding-dev.appspot.com/allTogetherDrawV10/ajax/enqueue?type=Review&key=5469924856168448-5066549580791808&skip=false&disablepoint=false" "AppEngine-Google; (+http://code.google.com/appengine)" "crowd-coding-dev.appspot.com" ms=621 cpu_ms=332 cpm_usd=0.000999 queue_name=default task_name=42023694936966910541 instance=00c61b117c6eeee6beec32809ef77dfc1ecae9eb app_engine_release=1.9.18
A 11:42:10.446 2015-04-04  200       0 B   3.29s /worker
0.1.0.2 - - [04/Apr/2015:11:42:10 -0700] "POST /worker HTTP/1.1" 200 0 "http://crowd-coding-dev.appspot.com/allTogetherDrawV10/ajax/enqueue?type=Review&key=6526142676729856-5707702298738688&skip=false&disablepoint=false" "AppEngine-Google; (+http://code.google.com/appengine)" "crowd-coding-dev.appspot.com" ms=3293 cpu_ms=228 cpm_usd=0.000911 queue_name=default task_name=70872049031958583511 instance=00c61b117c6eeee6beec32809ef77dfc1ecae9eb app_engine_release=1.9.18
A 11:42:23.823 2015-04-04  200      36 B   273ms /allTogetherDrawV10/ajax/enqueue?type=ReuseSearch&key=4809675371446272-6212000178765824&skip=false&disablepoint=false
131.193.76.131 - francesco.paduano91 [04/Apr/2015:11:42:23 -0700] "POST /allTogetherDrawV10/ajax/enqueue?type=ReuseSearch&key=4809675371446272-6212000178765824&skip=false&disablepoint=false HTTP/1.1" 200 36 - "Mozilla/5.0 (Macintosh; Intel Mac OS X 10_10_2) AppleWebKit/537.36 (KHTML, like Gecko) Chrome/41.0.2272.118 Safari/537.36" "crowd-coding-dev.appspot.com" ms=273 cpu_ms=38 cpm_usd=0.000079 instance=00c61b117c6eeee6beec32809ef77dfc1ecae9eb app_engine_release=1.9.18
A 11:42:24.635 2015-04-04  200       0 B   892ms /worker
0.1.0.2 - - [04/Apr/2015:11:42:24 -0700] "POST /worker HTTP/1.1" 200 0 "http://crowd-coding-dev.appspot.com/allTogetherDrawV10/ajax/enqueue?type=ReuseSearch&key=4809675371446272-6212000178765824&skip=false&disablepoint=false" "AppEngine-Google; (+http://code.google.com/appengine)" "crowd-coding-dev.appspot.com" ms=892 cpu_ms=273 cpm_usd=0.000717 queue_name=default task_name=68503694936966910541 instance=00c61b117c6eeee6beec32809ef77dfc1ecae9eb app_engine_release=1.9.18
A 11:42:39.217 2015-04-04  200     106 B   280ms /allTogetherDrawV10/ajax/fetch
131.193.76.131 - francesco.paduano91 [04/Apr/2015:11:42:39 -0700] "GET /allTogetherDrawV10/ajax/fetch HTTP/1.1" 200 106 - "Mozilla/5.0 (Macintosh; Intel Mac OS X 10_10_2) AppleWebKit/537.36 (KHTML, like Gecko) Chrome/41.0.2272.118 Safari/537.36" "crowd-coding-dev.appspot.com" ms=280 cpu_ms=82 cpm_usd=0.000219 instance=00c61b117c6eeee6beec32809ef77dfc1ecae9eb app_engine_release=1.9.18
A 11:42:39.964 2015-04-04  200     106 B   281ms /allTogetherDrawV10/ajax/enqueue?type=WriteTest&key=6562441055961088-5629499534213120&skip=false&disablepoint=false
169.234.40.197 - ejshin1 [04/Apr/2015:11:42:39 -0700] "POST /allTogetherDrawV10/ajax/enqueue?type=WriteTest&key=6562441055961088-5629499534213120&skip=false&disablepoint=false HTTP/1.1" 200 106 "http://crowd-coding-dev.appspot.com/allTogetherDrawV10" "Mozilla/5.0 (Windows NT 6.3; WOW64) AppleWebKit/537.36 (KHTML, like Gecko) Chrome/41.0.2272.118 Safari/537.36" "crowd-coding-dev.appspot.com" ms=281 cpu_ms=55 cpm_usd=0.000267 instance=00c61b117c6eeee6beec32809ef77dfc1ecae9eb app_engine_release=1.9.18
A 11:42:41.165 2015-04-04  200       0 B    1.3s /worker
0.1.0.2 - - [04/Apr/2015:11:42:41 -0700] "POST /worker HTTP/1.1" 200 0 "http://crowd-coding-dev.appspot.com/allTogetherDrawV10/ajax/enqueue?type=WriteTest&key=6562441055961088-5629499534213120&skip=false&disablepoint=false" "AppEngine-Google; (+http://code.google.com/appengine)" "crowd-coding-dev.appspot.com" ms=1295 cpu_ms=108 cpm_usd=0.000355 queue_name=default task_name=37262049031958583511 instance=00c61b117c6eeee6beec32809ef77dfc1ecae9eb app_engine_release=1.9.18
A 11:43:09.827 2015-04-04  200       0 B   407ms /worker
0.1.0.2 - - [04/Apr/2015:11:43:09 -0700] "POST /worker HTTP/1.1" 200 0 "http://crowd-coding-dev.appspot.com/allTogetherDrawV10/ajax/enqueue?type=WriteTestCases&key=6604251220410368-5634387206995968&skip=false&disablepoint=false" "AppEngine-Google; (+http://code.google.com/appengine)" "crowd-coding-dev.appspot.com" ms=407 cpu_ms=72 cpm_usd=0.000329 queue_name=default task_name=3570788336305402547 instance=00c61b117c6eeee6beec32809ef77dfc1ecae9eb app_engine_release=1.9.18
A 11:43:10.529 2015-04-04  200     106 B   1.29s /allTogetherDrawV10/ajax/enqueue?type=WriteTestCases&key=6604251220410368-5634387206995968&skip=false&disablepoint=false
128.195.58.186 - vijay.0288 [04/Apr/2015:11:43:10 -0700] "POST /allTogetherDrawV10/ajax/enqueue?type=WriteTestCases&key=6604251220410368-5634387206995968&skip=false&disablepoint=false HTTP/1.1" 200 106 - "Mozilla/5.0 (Windows NT 6.1; WOW64) AppleWebKit/537.36 (KHTML, like Gecko) Chrome/41.0.2272.118 Safari/537.36" "crowd-coding-dev.appspot.com" ms=1288 cpu_ms=114 cpm_usd=0.000260 instance=00c61b117c6eeee6beec32809ef77dfc1ecae9eb app_engine_release=1.9.18
A 11:43:17.805 2015-04-04  200     106 B   1.32s /allTogetherDrawV10/ajax/enqueue?type=WriteFunctionDescription&key=4666595246866432-5629499534213120&skip=false&disablepoint=false
131.193.76.131 - francesco.paduano91 [04/Apr/2015:11:43:17 -0700] "POST /allTogetherDrawV10/ajax/enqueue?type=WriteFunctionDescription&key=4666595246866432-5629499534213120&skip=false&disablepoint=false HTTP/1.1" 200 106 - "Mozilla/5.0 (Macintosh; Intel Mac OS X 10_10_2) AppleWebKit/537.36 (KHTML, like Gecko) Chrome/41.0.2272.118 Safari/537.36" "crowd-coding-dev.appspot.com" ms=1315 cpu_ms=67 cpm_usd=0.000249 instance=00c61b117c6eeee6beec32809ef77dfc1ecae9eb app_engine_release=1.9.18
A 11:43:17.894 2015-04-04  200       0 B   1.23s /worker
0.1.0.2 - - [04/Apr/2015:11:43:17 -0700] "POST /worker HTTP/1.1" 200 0 "http://crowd-coding-dev.appspot.com/allTogetherDrawV10/ajax/enqueue?type=WriteFunctionDescription&key=4666595246866432-5629499534213120&skip=false&disablepoint=false" "AppEngine-Google; (+http://code.google.com/appengine)" "crowd-coding-dev.appspot.com" ms=1230 cpu_ms=162 cpm_usd=0.000334 queue_name=default task_name=7384480927388605327 instance=00c61b117c6eeee6beec32809ef77dfc1ecae9eb app_engine_release=1.9.18
A 11:43:42.434 2015-04-04  200      36 B   254ms /allTogetherDrawV10/ajax/enqueue?type=Review&key=6604251220410368-6313034989436928&skip=false&disablepoint=false
131.193.76.131 - francesco.paduano91 [04/Apr/2015:11:43:42 -0700] "POST /allTogetherDrawV10/ajax/enqueue?type=Review&key=6604251220410368-6313034989436928&skip=false&disablepoint=false HTTP/1.1" 200 36 - "Mozilla/5.0 (Macintosh; Intel Mac OS X 10_10_2) AppleWebKit/537.36 (KHTML, like Gecko) Chrome/41.0.2272.118 Safari/537.36" "crowd-coding-dev.appspot.com" ms=254 cpu_ms=38 cpm_usd=0.000078 instance=00c61b117c6eeee6beec32809ef77dfc1ecae9eb app_engine_release=1.9.18
A 11:43:43.631 2015-04-04  200       0 B   1.27s /worker
0.1.0.2 - - [04/Apr/2015:11:43:43 -0700] "POST /worker HTTP/1.1" 200 0 "http://crowd-coding-dev.appspot.com/allTogetherDrawV10/ajax/enqueue?type=Review&key=6604251220410368-6313034989436928&skip=false&disablepoint=false" "AppEngine-Google; (+http://code.google.com/appengine)" "crowd-coding-dev.appspot.com" ms=1273 cpu_ms=543 cpm_usd=0.002294 queue_name=default task_name=7041788336305402547 instance=00c61b117c6eeee6beec32809ef77dfc1ecae9eb app_engine_release=1.9.18
A 11:43:57.874 2015-04-04  200     106 B   295ms /allTogetherDrawV10/ajax/fetch
131.193.76.131 - francesco.paduano91 [04/Apr/2015:11:43:57 -0700] "GET /allTogetherDrawV10/ajax/fetch HTTP/1.1" 200 106 - "Mozilla/5.0 (Macintosh; Intel Mac OS X 10_10_2) AppleWebKit/537.36 (KHTML, like Gecko) Chrome/41.0.2272.118 Safari/537.36" "crowd-coding-dev.appspot.com" ms=295 cpu_ms=82 cpm_usd=0.000219 instance=00c61b117c6eeee6beec32809ef77dfc1ecae9eb app_engine_release=1.9.18
A 11:44:19.259 2015-04-04  200     106 B   481ms /allTogetherDrawV10/ajax/enqueue?type=WriteFunctionDescription&key=5474817897660416-5629499534213120&skip=false&disablepoint=false
187.15.123.154 - thiago_paula [04/Apr/2015:11:44:19 -0700] "POST /allTogetherDrawV10/ajax/enqueue?type=WriteFunctionDescription&key=5474817897660416-5629499534213120&skip=false&disablepoint=false HTTP/1.1" 200 106 "http://crowd-coding-dev.appspot.com/allTogetherDrawV10" "Mozilla/5.0 (Windows NT 6.3; WOW64) AppleWebKit/537.36 (KHTML, like Gecko) Chrome/41.0.2272.101 Safari/537.36" "crowd-coding-dev.appspot.com" ms=481 cpu_ms=114 cpm_usd=0.000251 instance=00c61b117c6eeee6beec32809ef77dfc1ecae9eb app_engine_release=1.9.18
A 11:44:19.724 2015-04-04  200       0 B   607ms /worker
0.1.0.2 - - [04/Apr/2015:11:44:19 -0700] "POST /worker HTTP/1.1" 200 0 "http://crowd-coding-dev.appspot.com/allTogetherDrawV10/ajax/enqueue?type=WriteFunctionDescription&key=5474817897660416-5629499534213120&skip=false&disablepoint=false" "AppEngine-Google; (+http://code.google.com/appengine)" "crowd-coding-dev.appspot.com" ms=607 cpu_ms=82 cpm_usd=0.000469 queue_name=default task_name=02062049031958583511 instance=00c61b117c6eeee6beec32809ef77dfc1ecae9eb app_engine_release=1.9.18
W 11:44:19.945 2015-04-04  200     106 B   542ms /allTogetherDrawV10/ajax/enqueue?type=WriteTest&key=5354664308506624-6212000178765824&skip=false&disablepoint=false
169.234.40.197 - ejshin1 [04/Apr/2015:11:44:19 -0700] "POST /allTogetherDrawV10/ajax/enqueue?type=WriteTest&key=5354664308506624-6212000178765824&skip=false&disablepoint=false HTTP/1.1" 200 106 "http://crowd-coding-dev.appspot.com/allTogetherDrawV10" "Mozilla/5.0 (Windows NT 6.3; WOW64) AppleWebKit/537.36 (KHTML, like Gecko) Chrome/41.0.2272.118 Safari/537.36" "crowd-coding-dev.appspot.com" ms=542 cpu_ms=177 cpm_usd=0.000252 instance=00c61b117c6eeee6beec32809ef77dfc1ecae9eb app_engine_release=1.9.18
W 11:44:19.601 com.googlecode.objectify.impl.TransactorNo transactNew: Optimistic concurrency failure for com.crowdcoding.servlets.CrowdServlet$2@14f47b4 (retrying): java.util.ConcurrentModificationException: too much contention on these datastore entities. please try again. entity group key: app: "s~crowd-coding-dev"
path <
  Element {
    type: "Project"
    name: "allTogetherDrawV10"
  }
>
A 11:44:20.736 2015-04-04  200       0 B   672ms /worker
0.1.0.2 - - [04/Apr/2015:11:44:20 -0700] "POST /worker HTTP/1.1" 200 0 "http://crowd-coding-dev.appspot.com/allTogetherDrawV10/ajax/enqueue?type=WriteTest&key=5354664308506624-6212000178765824&skip=false&disablepoint=false" "AppEngine-Google; (+http://code.google.com/appengine)" "crowd-coding-dev.appspot.com" ms=672 cpu_ms=124 cpm_usd=0.000347 queue_name=default task_name=1602788336305402547 instance=00c61b117c6eeee6beec32809ef77dfc1ecae9eb app_engine_release=1.9.18
A 11:44:21.463 2015-04-04  200     106 B   317ms /allTogetherDrawV10/ajax/enqueue?type=WriteCall&key=6604251220410368-6231550869897216&skip=true&disablepoint=false
187.36.44.59 - joaohenrique.jhsp [04/Apr/2015:11:44:21 -0700] "POST /allTogetherDrawV10/ajax/enqueue?type=WriteCall&key=6604251220410368-6231550869897216&skip=true&disablepoint=false HTTP/1.1" 200 106 "http://crowd-coding-dev.appspot.com/allTogetherDrawV10" "Mozilla/5.0 (Windows NT 6.1; WOW64) AppleWebKit/537.36 (KHTML, like Gecko) Chrome/41.0.2272.101 Safari/537.36" "crowd-coding-dev.appspot.com" ms=317 cpu_ms=65 cpm_usd=0.000255 instance=00c61b117c6eeee6beec32809ef77dfc1ecae9eb app_engine_release=1.9.18
A 11:44:21.679 2015-04-04  200       0 B   353ms /worker
0.1.0.2 - - [04/Apr/2015:11:44:21 -0700] "POST /worker HTTP/1.1" 200 0 "http://crowd-coding-dev.appspot.com/allTogetherDrawV10/ajax/enqueue?type=WriteCall&key=6604251220410368-6231550869897216&skip=true&disablepoint=false" "AppEngine-Google; (+http://code.google.com/appengine)" "crowd-coding-dev.appspot.com" ms=353 cpu_ms=79 cpm_usd=0.000239 queue_name=default task_name=28582049031958583511 instance=00c61b117c6eeee6beec32809ef77dfc1ecae9eb app_engine_release=1.9.18
A 11:45:21.056 2015-04-04  200       0 B   381ms /worker
0.1.0.2 - - [04/Apr/2015:11:45:21 -0700] "POST /worker HTTP/1.1" 200 0 "http://crowd-coding-dev.appspot.com/allTogetherDrawV10/ajax/enqueue?type=WriteFunction&key=4825824448479232-5639274879778816&skip=false&disablepoint=false" "AppEngine-Google; (+http://code.google.com/appengine)" "crowd-coding-dev.appspot.com" ms=381 cpu_ms=60 cpm_usd=0.000330 queue_name=default task_name=8425480927388605327 instance=00c61b117c6eeee6beec32809ef77dfc1ecae9eb app_engine_release=1.9.18
A 11:45:21.782 2015-04-04  200     106 B   1.33s /allTogetherDrawV10/ajax/enqueue?type=WriteFunction&key=4825824448479232-5639274879778816&skip=false&disablepoint=false
190.55.216.196 - charig [04/Apr/2015:11:45:21 -0700] "POST /allTogetherDrawV10/ajax/enqueue?type=WriteFunction&key=4825824448479232-5639274879778816&skip=false&disablepoint=false HTTP/1.1" 200 106 - "Mozilla/5.0 (Macintosh; Intel Mac OS X 10_10_2) AppleWebKit/537.36 (KHTML, like Gecko) Chrome/41.0.2272.89 Safari/537.36" "crowd-coding-dev.appspot.com" ms=1331 cpu_ms=210 cpm_usd=0.000267 instance=00c61b117c6eeee6beec32809ef77dfc1ecae9eb app_engine_release=1.9.18
A 11:45:23.531 2015-04-04  200     106 B   825ms /allTogetherDrawV10/ajax/enqueue?type=Review&key=5354664308506624-5676830073815040&skip=false&disablepoint=false
187.36.44.59 - joaohenrique.jhsp [04/Apr/2015:11:45:23 -0700] "POST /allTogetherDrawV10/ajax/enqueue?type=Review&key=5354664308506624-5676830073815040&skip=false&disablepoint=false HTTP/1.1" 200 106 "http://crowd-coding-dev.appspot.com/allTogetherDrawV10" "Mozilla/5.0 (Windows NT 6.1; WOW64) AppleWebKit/537.36 (KHTML, like Gecko) Chrome/41.0.2272.101 Safari/537.36" "crowd-coding-dev.appspot.com" ms=825 cpu_ms=78 cpm_usd=0.000251 instance=00c61b117c6eeee6beec32809ef77dfc1ecae9eb app_engine_release=1.9.18
A 11:45:24.422 2015-04-04  200       0 B   1.39s /worker
0.1.0.2 - - [04/Apr/2015:11:45:24 -0700] "POST /worker HTTP/1.1" 200 0 "http://crowd-coding-dev.appspot.com/allTogetherDrawV10/ajax/enqueue?type=Review&key=5354664308506624-5676830073815040&skip=false&disablepoint=false" "AppEngine-Google; (+http://code.google.com/appengine)" "crowd-coding-dev.appspot.com" ms=1390 cpu_ms=255 cpm_usd=0.001050 queue_name=default task_name=44233694936966910541 instance=00c61b117c6eeee6beec32809ef77dfc1ecae9eb app_engine_release=1.9.18
A 11:45:25.317 2015-04-04  200       0 B   413ms /worker
0.1.0.2 - - [04/Apr/2015:11:45:25 -0700] "POST /worker HTTP/1.1" 200 0 "http://crowd-coding-dev.appspot.com/allTogetherDrawV10/ajax/enqueue?type=WriteTestCases&key=6604251220410368-5187135082594304&skip=false&disablepoint=false" "AppEngine-Google; (+http://code.google.com/appengine)" "crowd-coding-dev.appspot.com" ms=413 cpu_ms=82 cpm_usd=0.000329 queue_name=default task_name=60813694936966910541 instance=00c61b117c6eeee6beec32809ef77dfc1ecae9eb app_engine_release=1.9.18
A 11:45:26.048 2015-04-04  200     106 B   1.32s /allTogetherDrawV10/ajax/enqueue?type=WriteTestCases&key=6604251220410368-5187135082594304&skip=false&disablepoint=false
131.193.76.131 - francesco.paduano91 [04/Apr/2015:11:45:26 -0700] "POST /allTogetherDrawV10/ajax/enqueue?type=WriteTestCases&key=6604251220410368-5187135082594304&skip=false&disablepoint=false HTTP/1.1" 200 106 "http://crowd-coding-dev.appspot.com/allTogetherDrawV10" "Mozilla/5.0 (Macintosh; Intel Mac OS X 10_10_2) AppleWebKit/537.36 (KHTML, like Gecko) Chrome/41.0.2272.118 Safari/537.36" "crowd-coding-dev.appspot.com" ms=1315 cpu_ms=146 cpm_usd=0.000268 instance=00c61b117c6eeee6beec32809ef77dfc1ecae9eb app_engine_release=1.9.18
A 11:45:44.699 2015-04-04  200     106 B   383ms /allTogetherDrawV10/ajax/enqueue?type=Review&key=5474817897660416-5707702298738688&skip=false&disablepoint=false
169.234.40.197 - ejshin1 [04/Apr/2015:11:45:44 -0700] "POST /allTogetherDrawV10/ajax/enqueue?type=Review&key=5474817897660416-5707702298738688&skip=false&disablepoint=false HTTP/1.1" 200 106 "http://crowd-coding-dev.appspot.com/allTogetherDrawV10" "Mozilla/5.0 (Windows NT 6.3; WOW64) AppleWebKit/537.36 (KHTML, like Gecko) Chrome/41.0.2272.118 Safari/537.36" "crowd-coding-dev.appspot.com" ms=383 cpu_ms=80 cpm_usd=0.000247 instance=00c61b117c6eeee6beec32809ef77dfc1ecae9eb app_engine_release=1.9.18
A 11:45:48.774 2015-04-04  200     106 B   2.05s /allTogetherDrawV10/ajax/enqueue?type=Review&key=6562441055961088-5707702298738688&skip=false&disablepoint=false
128.195.58.186 - vijay.0288 [04/Apr/2015:11:45:48 -0700] "POST /allTogetherDrawV10/ajax/enqueue?type=Review&key=6562441055961088-5707702298738688&skip=false&disablepoint=false HTTP/1.1" 200 106 - "Mozilla/5.0 (Windows NT 6.1; WOW64) AppleWebKit/537.36 (KHTML, like Gecko) Chrome/41.0.2272.118 Safari/537.36" "crowd-coding-dev.appspot.com" ms=2050 cpu_ms=64 cpm_usd=0.000273 instance=00c61b117c6eeee6beec32809ef77dfc1ecae9eb app_engine_release=1.9.18
A 11:45:48.775 2015-04-04  200       0 B   4.12s /worker
0.1.0.2 - - [04/Apr/2015:11:45:48 -0700] "POST /worker HTTP/1.1" 200 0 "http://crowd-coding-dev.appspot.com/allTogetherDrawV10/ajax/enqueue?type=Review&key=5474817897660416-5707702298738688&skip=false&disablepoint=false" "AppEngine-Google; (+http://code.google.com/appengine)" "crowd-coding-dev.appspot.com" ms=4122 cpu_ms=271 cpm_usd=0.000915 queue_name=default task_name=84072049031958583511 instance=00c61b117c6eeee6beec32809ef77dfc1ecae9eb app_engine_release=1.9.18
A 11:45:53.495 2015-04-04  200       0 B   595ms /worker
0.1.0.2 - - [04/Apr/2015:11:45:53 -0700] "POST /worker HTTP/1.1" 200 0 "http://crowd-coding-dev.appspot.com/allTogetherDrawV10/ajax/enqueue?type=Review&key=6562441055961088-5707702298738688&skip=false&disablepoint=false" "AppEngine-Google; (+http://code.google.com/appengine)" "crowd-coding-dev.appspot.com" ms=595 cpu_ms=270 cpm_usd=0.001029 queue_name=default task_name=86303694936966910541 instance=00c61b117c6eeee6beec32809ef77dfc1ecae9eb app_engine_release=1.9.18
A 11:46:05.441 2015-04-04  200     106 B   302ms /allTogetherDrawV10/ajax/enqueue?type=WriteTest&key=6526142676729856-5668600916475904&skip=true&disablepoint=false
190.55.216.196 - charig [04/Apr/2015:11:46:05 -0700] "POST /allTogetherDrawV10/ajax/enqueue?type=WriteTest&key=6526142676729856-5668600916475904&skip=true&disablepoint=false HTTP/1.1" 200 106 - "Mozilla/5.0 (Macintosh; Intel Mac OS X 10_10_2) AppleWebKit/537.36 (KHTML, like Gecko) Chrome/41.0.2272.89 Safari/537.36" "crowd-coding-dev.appspot.com" ms=302 cpu_ms=52 cpm_usd=0.000255 instance=00c61b117c6eeee6beec32809ef77dfc1ecae9eb app_engine_release=1.9.18
A 11:46:08.590 2015-04-04  200       0 B   3.23s /worker
0.1.0.2 - - [04/Apr/2015:11:46:08 -0700] "POST /worker HTTP/1.1" 200 0 "http://crowd-coding-dev.appspot.com/allTogetherDrawV10/ajax/enqueue?type=WriteTest&key=6526142676729856-5668600916475904&skip=true&disablepoint=false" "AppEngine-Google; (+http://code.google.com/appengine)" "crowd-coding-dev.appspot.com" ms=3234 cpu_ms=134 cpm_usd=0.000237 queue_name=default task_name=2255480927388605327 instance=00c61b117c6eeee6beec32809ef77dfc1ecae9eb app_engine_release=1.9.18
A 11:46:39.658 2015-04-04  200     106 B   293ms /allTogetherDrawV10/ajax/enqueue?type=Review&key=6604251220410368-5700735861784576&skip=false&disablepoint=false
169.234.40.197 - ejshin1 [04/Apr/2015:11:46:39 -0700] "POST /allTogetherDrawV10/ajax/enqueue?type=Review&key=6604251220410368-5700735861784576&skip=false&disablepoint=false HTTP/1.1" 200 106 "http://crowd-coding-dev.appspot.com/allTogetherDrawV10" "Mozilla/5.0 (Windows NT 6.3; WOW64) AppleWebKit/537.36 (KHTML, like Gecko) Chrome/41.0.2272.118 Safari/537.36" "crowd-coding-dev.appspot.com" ms=293 cpu_ms=56 cpm_usd=0.000256 instance=00c61b117c6eeee6beec32809ef77dfc1ecae9eb app_engine_release=1.9.18
A 11:46:43.309 2015-04-04  200       0 B   3.79s /worker
0.1.0.2 - - [04/Apr/2015:11:46:43 -0700] "POST /worker HTTP/1.1" 200 0 "http://crowd-coding-dev.appspot.com/allTogetherDrawV10/ajax/enqueue?type=Review&key=6604251220410368-5700735861784576&skip=false&disablepoint=false" "AppEngine-Google; (+http://code.google.com/appengine)" "crowd-coding-dev.appspot.com" ms=3794 cpu_ms=422 cpm_usd=0.001264 queue_name=default task_name=41552049031958583511 instance=00c61b117c6eeee6beec32809ef77dfc1ecae9eb app_engine_release=1.9.18
A 11:46:50.537 2015-04-04  200     106 B   306ms /allTogetherDrawV10/ajax/enqueue?type=Review&key=4666595246866432-5707702298738688&skip=false&disablepoint=false
187.15.123.154 - thiago_paula [04/Apr/2015:11:46:50 -0700] "POST /allTogetherDrawV10/ajax/enqueue?type=Review&key=4666595246866432-5707702298738688&skip=false&disablepoint=false HTTP/1.1" 200 106 "http://crowd-coding-dev.appspot.com/allTogetherDrawV10" "Mozilla/5.0 (Windows NT 6.3; WOW64) AppleWebKit/537.36 (KHTML, like Gecko) Chrome/41.0.2272.101 Safari/537.36" "crowd-coding-dev.appspot.com" ms=306 cpu_ms=51 cpm_usd=0.000269 instance=00c61b117c6eeee6beec32809ef77dfc1ecae9eb app_engine_release=1.9.18
A 11:46:51.097 2015-04-04  200       0 B   605ms /worker
0.1.0.2 - - [04/Apr/2015:11:46:51 -0700] "POST /worker HTTP/1.1" 200 0 "http://crowd-coding-dev.appspot.com/allTogetherDrawV10/ajax/enqueue?type=Review&key=4666595246866432-5707702298738688&skip=false&disablepoint=false" "AppEngine-Google; (+http://code.google.com/appengine)" "crowd-coding-dev.appspot.com" ms=605 cpu_ms=260 cpm_usd=0.000881 queue_name=default task_name=62033694936966910541 instance=00c61b117c6eeee6beec32809ef77dfc1ecae9eb app_engine_release=1.9.18
A 11:47:00.056 2015-04-04  200     106 B   450ms /allTogetherDrawV10/ajax/enqueue?type=WriteCall&key=4809675371446272-5161210659995648&skip=false&disablepoint=false
169.234.207.226 - hosubl [04/Apr/2015:11:47:00 -0700] "POST /allTogetherDrawV10/ajax/enqueue?type=WriteCall&key=4809675371446272-5161210659995648&skip=false&disablepoint=false HTTP/1.1" 200 106 "http://crowd-coding-dev.appspot.com/allTogetherDrawV10" "Mozilla/5.0 (Windows NT 6.1) AppleWebKit/537.36 (KHTML, like Gecko) Chrome/41.0.2272.118 Safari/537.36" "crowd-coding-dev.appspot.com" ms=450 cpu_ms=68 cpm_usd=0.000253 instance=00c61b117c6eeee6beec32809ef77dfc1ecae9eb app_engine_release=1.9.18
A 11:47:00.347 2015-04-04  200       0 B   533ms /worker
0.1.0.2 - - [04/Apr/2015:11:47:00 -0700] "POST /worker HTTP/1.1" 200 0 "http://crowd-coding-dev.appspot.com/allTogetherDrawV10/ajax/enqueue?type=WriteCall&key=4809675371446272-5161210659995648&skip=false&disablepoint=false" "AppEngine-Google; (+http://code.google.com/appengine)" "crowd-coding-dev.appspot.com" ms=533 cpu_ms=118 cpm_usd=0.000329 queue_name=default task_name=9168688336305402547 instance=00c61b117c6eeee6beec32809ef77dfc1ecae9eb app_engine_release=1.9.18
A 11:47:15.844 2015-04-04  200     106 B   362ms /allTogetherDrawV10/ajax/enqueue?type=WriteTest&key=4689890075738112-5668600916475904&skip=false&disablepoint=false
131.193.76.131 - francesco.paduano91 [04/Apr/2015:11:47:15 -0700] "POST /allTogetherDrawV10/ajax/enqueue?type=WriteTest&key=4689890075738112-5668600916475904&skip=false&disablepoint=false HTTP/1.1" 200 106 "http://crowd-coding-dev.appspot.com/allTogetherDrawV10" "Mozilla/5.0 (Macintosh; Intel Mac OS X 10_10_2) AppleWebKit/537.36 (KHTML, like Gecko) Chrome/41.0.2272.118 Safari/537.36" "crowd-coding-dev.appspot.com" ms=362 cpu_ms=69 cpm_usd=0.000253 instance=00c61b117c6eeee6beec32809ef77dfc1ecae9eb app_engine_release=1.9.18
A 11:47:16.143 2015-04-04  200       0 B   401ms /worker
0.1.0.2 - - [04/Apr/2015:11:47:16 -0700] "POST /worker HTTP/1.1" 200 0 "http://crowd-coding-dev.appspot.com/allTogetherDrawV10/ajax/enqueue?type=WriteTest&key=4689890075738112-5668600916475904&skip=false&disablepoint=false" "AppEngine-Google; (+http://code.google.com/appengine)" "crowd-coding-dev.appspot.com" ms=401 cpu_ms=158 cpm_usd=0.000353 queue_name=default task_name=3729688336305402547 instance=00c61b117c6eeee6beec32809ef77dfc1ecae9eb app_engine_release=1.9.18
A 11:47:19.312 2015-04-04  200     106 B   463ms /allTogetherDrawV10/ajax/enqueue?type=WriteTestCases&key=6604251220410368-5154321532452864&skip=true&disablepoint=false
169.234.207.226 - hosubl [04/Apr/2015:11:47:19 -0700] "POST /allTogetherDrawV10/ajax/enqueue?type=WriteTestCases&key=6604251220410368-5154321532452864&skip=true&disablepoint=false HTTP/1.1" 200 106 "http://crowd-coding-dev.appspot.com/allTogetherDrawV10" "Mozilla/5.0 (Windows NT 6.1) AppleWebKit/537.36 (KHTML, like Gecko) Chrome/41.0.2272.118 Safari/537.36" "crowd-coding-dev.appspot.com" ms=463 cpu_ms=63 cpm_usd=0.000259 instance=00c61b117c6eeee6beec32809ef77dfc1ecae9eb app_engine_release=1.9.18
A 11:47:19.427 2015-04-04  200       0 B   309ms /worker
0.1.0.2 - - [04/Apr/2015:11:47:19 -0700] "POST /worker HTTP/1.1" 200 0 "http://crowd-coding-dev.appspot.com/allTogetherDrawV10/ajax/enqueue?type=WriteTestCases&key=6604251220410368-5154321532452864&skip=true&disablepoint=false" "AppEngine-Google; (+http://code.google.com/appengine)" "crowd-coding-dev.appspot.com" ms=309 cpu_ms=143 cpm_usd=0.000232 queue_name=default task_name=88513694936966910541 instance=00c61b117c6eeee6beec32809ef77dfc1ecae9eb app_engine_release=1.9.18
A 11:48:01.385 2015-04-04  200     106 B   326ms /allTogetherDrawV10/ajax/enqueue?type=Review&key=4825824448479232-6231550869897216&skip=false&disablepoint=false
187.36.44.59 - joaohenrique.jhsp [04/Apr/2015:11:48:01 -0700] "POST /allTogetherDrawV10/ajax/enqueue?type=Review&key=4825824448479232-6231550869897216&skip=false&disablepoint=false HTTP/1.1" 200 106 "http://crowd-coding-dev.appspot.com/allTogetherDrawV10" "Mozilla/5.0 (Windows NT 6.1; WOW64) AppleWebKit/537.36 (KHTML, like Gecko) Chrome/41.0.2272.101 Safari/537.36" "crowd-coding-dev.appspot.com" ms=326 cpu_ms=58 cpm_usd=0.000256 instance=00c61b117c6eeee6beec32809ef77dfc1ecae9eb app_engine_release=1.9.18
A 11:48:02.065 2015-04-04  200       0 B   775ms /worker
0.1.0.2 - - [04/Apr/2015:11:48:02 -0700] "POST /worker HTTP/1.1" 200 0 "http://crowd-coding-dev.appspot.com/allTogetherDrawV10/ajax/enqueue?type=Review&key=4825824448479232-6231550869897216&skip=false&disablepoint=false" "AppEngine-Google; (+http://code.google.com/appengine)" "crowd-coding-dev.appspot.com" ms=775 cpu_ms=358 cpm_usd=0.001525 queue_name=default task_name=3395480927388605327 instance=00c61b117c6eeee6beec32809ef77dfc1ecae9eb app_engine_release=1.9.18
A 11:48:31.818 2015-04-04  200     106 B   317ms /allTogetherDrawV10/ajax/enqueue?type=Review&key=4809675371446272-5154321532452864&skip=false&disablepoint=false
131.193.76.131 - francesco.paduano91 [04/Apr/2015:11:48:31 -0700] "POST /allTogetherDrawV10/ajax/enqueue?type=Review&key=4809675371446272-5154321532452864&skip=false&disablepoint=false HTTP/1.1" 200 106 "http://crowd-coding-dev.appspot.com/allTogetherDrawV10" "Mozilla/5.0 (Macintosh; Intel Mac OS X 10_10_2) AppleWebKit/537.36 (KHTML, like Gecko) Chrome/41.0.2272.118 Safari/537.36" "crowd-coding-dev.appspot.com" ms=317 cpu_ms=67 cpm_usd=0.000252 instance=00c61b117c6eeee6beec32809ef77dfc1ecae9eb app_engine_release=1.9.18
A 11:48:32.367 2015-04-04  200       0 B   601ms /worker
0.1.0.2 - - [04/Apr/2015:11:48:32 -0700] "POST /worker HTTP/1.1" 200 0 "http://crowd-coding-dev.appspot.com/allTogetherDrawV10/ajax/enqueue?type=Review&key=4809675371446272-5154321532452864&skip=false&disablepoint=false" "AppEngine-Google; (+http://code.google.com/appengine)" "crowd-coding-dev.appspot.com" ms=601 cpu_ms=348 cpm_usd=0.001223 queue_name=default task_name=67082049031958583511 instance=00c61b117c6eeee6beec32809ef77dfc1ecae9eb app_engine_release=1.9.18
W 11:50:13.400 2015-04-04  200      36 B   794ms /allTogetherDrawV10/ajax/enqueue?type=WriteTestCases&key=6604251220410368-5154321532452864&skip=false&disablepoint=false
131.193.76.131 - francesco.paduano91 [04/Apr/2015:11:50:13 -0700] "POST /allTogetherDrawV10/ajax/enqueue?type=WriteTestCases&key=6604251220410368-5154321532452864&skip=false&disablepoint=false HTTP/1.1" 200 36 "http://crowd-coding-dev.appspot.com/allTogetherDrawV10" "Mozilla/5.0 (Macintosh; Intel Mac OS X 10_10_2) AppleWebKit/537.36 (KHTML, like Gecko) Chrome/41.0.2272.118 Safari/537.36" "crowd-coding-dev.appspot.com" ms=794 cpu_ms=93 cpm_usd=0.000158 instance=00c61b117c6eeee6beec32809ef77dfc1ecae9eb app_engine_release=1.9.18
W 11:50:12.842 com.googlecode.objectify.impl.TransactorNo transactNew: Optimistic concurrency failure for com.crowdcoding.servlets.CrowdServlet$2@6cf3d6 (retrying): java.util.ConcurrentModificationException: too much contention on these datastore entities. please try again.
W 11:50:13.451 2015-04-04  200       0 B   554ms /worker
0.1.0.2 - - [04/Apr/2015:11:50:13 -0700] "POST /worker HTTP/1.1" 200 0 "http://crowd-coding-dev.appspot.com/allTogetherDrawV10/ajax/enqueue?type=DebugTestFailure&key=6528006960971776-5203516087861248&skip=false&disablepoint=false" "AppEngine-Google; (+http://code.google.com/appengine)" "crowd-coding-dev.appspot.com" ms=554 cpu_ms=115 cpm_usd=0.000330 queue_name=default task_name=2032788336305402547 instance=00c61b117c6eeee6beec32809ef77dfc1ecae9eb app_engine_release=1.9.18
W 11:50:12.964 com.googlecode.objectify.impl.TransactorNo transactNew: Optimistic concurrency failure for com.crowdcoding.servlets.CrowdServlet$3@b4f5d6 (retrying): java.util.ConcurrentModificationException: too much contention on these datastore entities. please try again. entity group key: app: "s~crowd-coding-dev"
path <
  Element {
    type: "Project"
    name: "allTogetherDrawV10"
  }
>
A 11:50:15.974 2015-04-04  200     106 B   3.42s /allTogetherDrawV10/ajax/enqueue?type=DebugTestFailure&key=6528006960971776-5203516087861248&skip=false&disablepoint=false
174.109.240.56 - aglawand [04/Apr/2015:11:50:15 -0700] "POST /allTogetherDrawV10/ajax/enqueue?type=DebugTestFailure&key=6528006960971776-5203516087861248&skip=false&disablepoint=false HTTP/1.1" 200 106 "http://crowd-coding-dev.appspot.com/allTogetherDrawV10" "Mozilla/5.0 (Windows NT 6.3; WOW64) AppleWebKit/537.36 (KHTML, like Gecko) Chrome/41.0.2272.118 Safari/537.36" "crowd-coding-dev.appspot.com" ms=3415 cpu_ms=290 cpm_usd=0.000374 instance=00c61b117c6eeee6beec32809ef77dfc1ecae9eb app_engine_release=1.9.18
A 11:50:22.762 2015-04-04  200       0 B   450ms /worker
0.1.0.2 - - [04/Apr/2015:11:50:22 -0700] "POST /worker HTTP/1.1" 200 0 "http://crowd-coding-dev.appspot.com/allTogetherDrawV10/ajax/enqueue?type=WriteTestCases&key=6604251220410368-5154321532452864&skip=false&disablepoint=false" "AppEngine-Google; (+http://code.google.com/appengine)" "crowd-coding-dev.appspot.com" ms=450 cpu_ms=124 cpm_usd=0.000333 queue_name=default task_name=05103694936966910541 instance=00c61b117c6eeee6beec32809ef77dfc1ecae9eb app_engine_release=1.9.18
A 11:50:29.908 2015-04-04  200     106 B   711ms /allTogetherDrawV10/ajax/enqueue?type=Review&key=4689890075738112-5741031244955648&skip=false&disablepoint=false
169.234.207.226 - hosubl [04/Apr/2015:11:50:29 -0700] "POST /allTogetherDrawV10/ajax/enqueue?type=Review&key=4689890075738112-5741031244955648&skip=false&disablepoint=false HTTP/1.1" 200 106 "http://crowd-coding-dev.appspot.com/allTogetherDrawV10" "Mozilla/5.0 (Windows NT 6.1) AppleWebKit/537.36 (KHTML, like Gecko) Chrome/41.0.2272.118 Safari/537.36" "crowd-coding-dev.appspot.com" ms=711 cpu_ms=59 cpm_usd=0.000252 instance=00c61b117c6eeee6beec32809ef77dfc1ecae9eb app_engine_release=1.9.18
A 11:50:30.246 2015-04-04  200     106 B   1.77s /allTogetherDrawV10/ajax/fetch
131.193.76.131 - francesco.paduano91 [04/Apr/2015:11:50:30 -0700] "GET /allTogetherDrawV10/ajax/fetch HTTP/1.1" 200 106 - "Mozilla/5.0 (Macintosh; Intel Mac OS X 10_10_2) AppleWebKit/537.36 (KHTML, like Gecko) Chrome/41.0.2272.118 Safari/537.36" "crowd-coding-dev.appspot.com" ms=1769 cpu_ms=59 cpm_usd=0.000209 instance=00c61b117c6eeee6beec32809ef77dfc1ecae9eb app_engine_release=1.9.18
A 11:50:30.820 2015-04-04  200       0 B   1.38s /worker
0.1.0.2 - - [04/Apr/2015:11:50:30 -0700] "POST /worker HTTP/1.1" 200 0 "http://crowd-coding-dev.appspot.com/allTogetherDrawV10/ajax/enqueue?type=Review&key=4689890075738112-5741031244955648&skip=false&disablepoint=false" "AppEngine-Google; (+http://code.google.com/appengine)" "crowd-coding-dev.appspot.com" ms=1383 cpu_ms=338 cpm_usd=0.000927 queue_name=default task_name=80823694936966910541 instance=00c61b117c6eeee6beec32809ef77dfc1ecae9eb app_engine_release=1.9.18
A 11:50:44.534 2015-04-04  200     106 B   292ms /allTogetherDrawV10/ajax/enqueue?type=WriteTest&key=6526142676729856-5668600916475904&skip=false&disablepoint=false
187.15.123.154 - thiago_paula [04/Apr/2015:11:50:44 -0700] "POST /allTogetherDrawV10/ajax/enqueue?type=WriteTest&key=6526142676729856-5668600916475904&skip=false&disablepoint=false HTTP/1.1" 200 106 "http://crowd-coding-dev.appspot.com/allTogetherDrawV10" "Mozilla/5.0 (Windows NT 6.3; WOW64) AppleWebKit/537.36 (KHTML, like Gecko) Chrome/41.0.2272.101 Safari/537.36" "crowd-coding-dev.appspot.com" ms=292 cpu_ms=47 cpm_usd=0.000268 instance=00c61b117c6eeee6beec32809ef77dfc1ecae9eb app_engine_release=1.9.18
A 11:50:46.750 2015-04-04  200       0 B   2.34s /worker
0.1.0.2 - - [04/Apr/2015:11:50:46 -0700] "POST /worker HTTP/1.1" 200 0 "http://crowd-coding-dev.appspot.com/allTogetherDrawV10/ajax/enqueue?type=WriteTest&key=6526142676729856-5668600916475904&skip=false&disablepoint=false" "AppEngine-Google; (+http://code.google.com/appengine)" "crowd-coding-dev.appspot.com" ms=2338 cpu_ms=139 cpm_usd=0.000364 queue_name=default task_name=07313694936966910541 instance=00c61b117c6eeee6beec32809ef77dfc1ecae9eb app_engine_release=1.9.18
A 11:50:53.388 2015-04-04  200     106 B   366ms /allTogetherDrawV10/ajax/enqueue?type=ReuseSearch&key=4825824448479232-5194384987389952&skip=false&disablepoint=false
174.109.240.56 - aglawand [04/Apr/2015:11:50:53 -0700] "POST /allTogetherDrawV10/ajax/enqueue?type=ReuseSearch&key=4825824448479232-5194384987389952&skip=false&disablepoint=false HTTP/1.1" 200 106 "http://crowd-coding-dev.appspot.com/allTogetherDrawV10" "Mozilla/5.0 (Windows NT 6.3; WOW64) AppleWebKit/537.36 (KHTML, like Gecko) Chrome/41.0.2272.118 Safari/537.36" "crowd-coding-dev.appspot.com" ms=366 cpu_ms=56 cpm_usd=0.000264 instance=00c61b117c6eeee6beec32809ef77dfc1ecae9eb app_engine_release=1.9.18
A 11:50:53.991 2015-04-04  200       0 B   728ms /worker
0.1.0.2 - - [04/Apr/2015:11:50:53 -0700] "POST /worker HTTP/1.1" 200 0 "http://crowd-coding-dev.appspot.com/allTogetherDrawV10/ajax/enqueue?type=ReuseSearch&key=4825824448479232-5194384987389952&skip=false&disablepoint=false" "AppEngine-Google; (+http://code.google.com/appengine)" "crowd-coding-dev.appspot.com" ms=728 cpu_ms=234 cpm_usd=0.000724 queue_name=default task_name=0688688336305402547 instance=00c61b117c6eeee6beec32809ef77dfc1ecae9eb app_engine_release=1.9.18
A 11:50:57.476 2015-04-04  200     106 B   1.32s /allTogetherDrawV10/ajax/enqueue?type=Review&key=6604251220410368-5130467284090880&skip=false&disablepoint=false
169.234.207.226 - hosubl [04/Apr/2015:11:50:57 -0700] "POST /allTogetherDrawV10/ajax/enqueue?type=Review&key=6604251220410368-5130467284090880&skip=false&disablepoint=false HTTP/1.1" 200 106 "http://crowd-coding-dev.appspot.com/allTogetherDrawV10" "Mozilla/5.0 (Windows NT 6.1) AppleWebKit/537.36 (KHTML, like Gecko) Chrome/41.0.2272.118 Safari/537.36" "crowd-coding-dev.appspot.com" ms=1315 cpu_ms=59 cpm_usd=0.000257 instance=00c61b117c6eeee6beec32809ef77dfc1ecae9eb app_engine_release=1.9.18
A 11:50:58.419 2015-04-04  200     106 B   3.28s /allTogetherDrawV10/ajax/enqueue?type=WriteTest&key=4742953859809280-5717271485874176&skip=false&disablepoint=false
128.195.58.186 - vijay.0288 [04/Apr/2015:11:50:58 -0700] "POST /allTogetherDrawV10/ajax/enqueue?type=WriteTest&key=4742953859809280-5717271485874176&skip=false&disablepoint=false HTTP/1.1" 200 106 - "Mozilla/5.0 (Windows NT 6.1; WOW64) AppleWebKit/537.36 (KHTML, like Gecko) Chrome/41.0.2272.118 Safari/537.36" "crowd-coding-dev.appspot.com" ms=3283 cpu_ms=63 cpm_usd=0.000257 instance=00c61b117c6eeee6beec32809ef77dfc1ecae9eb app_engine_release=1.9.18
A 11:50:58.682 2015-04-04  200       0 B   3.39s /worker
0.1.0.2 - - [04/Apr/2015:11:50:58 -0700] "POST /worker HTTP/1.1" 200 0 "http://crowd-coding-dev.appspot.com/allTogetherDrawV10/ajax/enqueue?type=WriteTest&key=4742953859809280-5717271485874176&skip=false&disablepoint=false" "AppEngine-Google; (+http://code.google.com/appengine)" "crowd-coding-dev.appspot.com" ms=3385 cpu_ms=188 cpm_usd=0.000352 queue_name=default task_name=24562049031958583511 instance=00c61b117c6eeee6beec32809ef77dfc1ecae9eb app_engine_release=1.9.18
A 11:51:07.932 2015-04-04  200       0 B   1.54s /worker
0.1.0.2 - - [04/Apr/2015:11:51:07 -0700] "POST /worker HTTP/1.1" 200 0 "http://crowd-coding-dev.appspot.com/allTogetherDrawV10/ajax/enqueue?type=Review&key=6604251220410368-5130467284090880&skip=false&disablepoint=false" "AppEngine-Google; (+http://code.google.com/appengine)" "crowd-coding-dev.appspot.com" ms=1535 cpu_ms=249 cpm_usd=0.000775 queue_name=default task_name=40192049031958583511 instance=00c61b117c6eeee6beec32809ef77dfc1ecae9eb app_engine_release=1.9.18
A 11:51:27.352 2015-04-04  200      36 B   244ms /allTogetherDrawV10/ajax/enqueue?type=Review&key=4742953859809280-5676830073815040&skip=false&disablepoint=false
169.234.207.226 - hosubl [04/Apr/2015:11:51:27 -0700] "POST /allTogetherDrawV10/ajax/enqueue?type=Review&key=4742953859809280-5676830073815040&skip=false&disablepoint=false HTTP/1.1" 200 36 "http://crowd-coding-dev.appspot.com/allTogetherDrawV10" "Mozilla/5.0 (Windows NT 6.1) AppleWebKit/537.36 (KHTML, like Gecko) Chrome/41.0.2272.118 Safari/537.36" "crowd-coding-dev.appspot.com" ms=244 cpu_ms=31 cpm_usd=0.000084 instance=00c61b117c6eeee6beec32809ef77dfc1ecae9eb app_engine_release=1.9.18
A 11:51:28.589 2015-04-04  200       0 B   1.27s /worker
0.1.0.2 - - [04/Apr/2015:11:51:28 -0700] "POST /worker HTTP/1.1" 200 0 "http://crowd-coding-dev.appspot.com/allTogetherDrawV10/ajax/enqueue?type=Review&key=4742953859809280-5676830073815040&skip=false&disablepoint=false" "AppEngine-Google; (+http://code.google.com/appengine)" "crowd-coding-dev.appspot.com" ms=1270 cpu_ms=280 cpm_usd=0.000987 queue_name=default task_name=7026480927388605327 instance=00c61b117c6eeee6beec32809ef77dfc1ecae9eb app_engine_release=1.9.18
A 11:51:42.774 2015-04-04  200      36 B   329ms /allTogetherDrawV10/ajax/fetch
169.234.207.226 - hosubl [04/Apr/2015:11:51:42 -0700] "GET /allTogetherDrawV10/ajax/fetch HTTP/1.1" 200 36 "http://crowd-coding-dev.appspot.com/allTogetherDrawV10" "Mozilla/5.0 (Windows NT 6.1) AppleWebKit/537.36 (KHTML, like Gecko) Chrome/41.0.2272.118 Safari/537.36" "crowd-coding-dev.appspot.com" ms=329 cpu_ms=41 cpm_usd=0.000004 instance=00c61b117c6eeee6beec32809ef77dfc1ecae9eb app_engine_release=1.9.18
A 11:51:57.932 2015-04-04  200      36 B    56ms /allTogetherDrawV10/ajax/fetch
169.234.207.226 - hosubl [04/Apr/2015:11:51:57 -0700] "GET /allTogetherDrawV10/ajax/fetch HTTP/1.1" 200 36 "http://crowd-coding-dev.appspot.com/allTogetherDrawV10" "Mozilla/5.0 (Windows NT 6.1) AppleWebKit/537.36 (KHTML, like Gecko) Chrome/41.0.2272.118 Safari/537.36" "crowd-coding-dev.appspot.com" ms=56 cpu_ms=20 cpm_usd=0.000004 instance=00c61b117c6eeee6beec32809ef77dfc1ecae9eb app_engine_release=1.9.18
A 11:52:13.097 2015-04-04  200      36 B    71ms /allTogetherDrawV10/ajax/fetch
169.234.207.226 - hosubl [04/Apr/2015:11:52:13 -0700] "GET /allTogetherDrawV10/ajax/fetch HTTP/1.1" 200 36 "http://crowd-coding-dev.appspot.com/allTogetherDrawV10" "Mozilla/5.0 (Windows NT 6.1) AppleWebKit/537.36 (KHTML, like Gecko) Chrome/41.0.2272.118 Safari/537.36" "crowd-coding-dev.appspot.com" ms=71 cpu_ms=82 cpm_usd=0.000004 instance=00c61b117c6eeee6beec32809ef77dfc1ecae9eb app_engine_release=1.9.18
A 11:52:18.847 2015-04-04  200      36 B   274ms /allTogetherDrawV10/ajax/enqueue?type=Review&key=6526142676729856-5649050225344512&skip=false&disablepoint=false
174.109.240.56 - aglawand [04/Apr/2015:11:52:18 -0700] "POST /allTogetherDrawV10/ajax/enqueue?type=Review&key=6526142676729856-5649050225344512&skip=false&disablepoint=false HTTP/1.1" 200 36 "http://crowd-coding-dev.appspot.com/allTogetherDrawV10" "Mozilla/5.0 (Windows NT 6.3; WOW64) AppleWebKit/537.36 (KHTML, like Gecko) Chrome/41.0.2272.118 Safari/537.36" "crowd-coding-dev.appspot.com" ms=274 cpu_ms=42 cpm_usd=0.000087 instance=00c61b117c6eeee6beec32809ef77dfc1ecae9eb app_engine_release=1.9.18
A 11:52:19.399 2015-04-04  200       0 B   623ms /worker
