A 12:15:06.425 2015-04-04  200     106 B   353ms /allTogetherDrawV10/ajax/enqueue?type=Review&key=4828464645406720-5707702298738688&skip=false&disablepoint=false
190.55.216.196 - charig [04/Apr/2015:12:15:06 -0700] "POST /allTogetherDrawV10/ajax/enqueue?type=Review&key=4828464645406720-5707702298738688&skip=false&disablepoint=false HTTP/1.1" 200 106 - "Mozilla/5.0 (Macintosh; Intel Mac OS X 10_10_2) AppleWebKit/537.36 (KHTML, like Gecko) Chrome/41.0.2272.89 Safari/537.36" "crowd-coding-dev.appspot.com" ms=353 cpu_ms=71 cpm_usd=0.000257 instance=00c61b117c6eeee6beec32809ef77dfc1ecae9eb app_engine_release=1.9.18
A 12:15:07.779 2015-04-04  200       0 B   1.44s /worker
0.1.0.2 - - [04/Apr/2015:12:15:07 -0700] "POST /worker HTTP/1.1" 200 0 "http://crowd-coding-dev.appspot.com/allTogetherDrawV10/ajax/enqueue?type=Review&key=4828464645406720-5707702298738688&skip=false&disablepoint=false" "AppEngine-Google; (+http://code.google.com/appengine)" "crowd-coding-dev.appspot.com" ms=1439 cpu_ms=282 cpm_usd=0.000925 queue_name=default task_name=90352049031958583511 instance=00c61b117c6eeee6beec32809ef77dfc1ecae9eb app_engine_release=1.9.18
A 12:15:20.522 2015-04-04  200     106 B   340ms /allTogetherDrawV10/ajax/enqueue?type=Review&key=4732853707341824-5707702298738688&skip=false&disablepoint=false
169.234.207.226 - hosubl [04/Apr/2015:12:15:20 -0700] "POST /allTogetherDrawV10/ajax/enqueue?type=Review&key=4732853707341824-5707702298738688&skip=false&disablepoint=false HTTP/1.1" 200 106 "http://crowd-coding-dev.appspot.com/allTogetherDrawV10" "Mozilla/5.0 (Windows NT 6.1) AppleWebKit/537.36 (KHTML, like Gecko) Chrome/41.0.2272.118 Safari/537.36" "crowd-coding-dev.appspot.com" ms=340 cpu_ms=54 cpm_usd=0.000274 instance=00c61b117c6eeee6beec32809ef77dfc1ecae9eb app_engine_release=1.9.18
A 12:15:21.137 2015-04-04  200       0 B   711ms /worker
0.1.0.2 - - [04/Apr/2015:12:15:21 -0700] "POST /worker HTTP/1.1" 200 0 "http://crowd-coding-dev.appspot.com/allTogetherDrawV10/ajax/enqueue?type=Review&key=4732853707341824-5707702298738688&skip=false&disablepoint=false" "AppEngine-Google; (+http://code.google.com/appengine)" "crowd-coding-dev.appspot.com" ms=711 cpu_ms=278 cpm_usd=0.000931 queue_name=default task_name=55903694936966910541 instance=00c61b117c6eeee6beec32809ef77dfc1ecae9eb app_engine_release=1.9.18
A 12:15:29.373 2015-04-04  200     106 B   486ms /allTogetherDrawV10/ajax/enqueue?type=WriteTest&key=4762813788585984-5629499534213120&skip=false&disablepoint=false
169.234.40.197 - ejshin1 [04/Apr/2015:12:15:29 -0700] "POST /allTogetherDrawV10/ajax/enqueue?type=WriteTest&key=4762813788585984-5629499534213120&skip=false&disablepoint=false HTTP/1.1" 200 106 "http://crowd-coding-dev.appspot.com/allTogetherDrawV10" "Mozilla/5.0 (Windows NT 6.3; WOW64) AppleWebKit/537.36 (KHTML, like Gecko) Chrome/41.0.2272.118 Safari/537.36" "crowd-coding-dev.appspot.com" ms=486 cpu_ms=49 cpm_usd=0.000272 instance=00c61b117c6eeee6beec32809ef77dfc1ecae9eb app_engine_release=1.9.18
A 12:15:29.480 2015-04-04  200       0 B   399ms /worker
0.1.0.2 - - [04/Apr/2015:12:15:29 -0700] "POST /worker HTTP/1.1" 200 0 "http://crowd-coding-dev.appspot.com/allTogetherDrawV10/ajax/enqueue?type=WriteTest&key=4762813788585984-5629499534213120&skip=false&disablepoint=false" "AppEngine-Google; (+http://code.google.com/appengine)" "crowd-coding-dev.appspot.com" ms=399 cpu_ms=137 cpm_usd=0.000344 queue_name=default task_name=71592694936966910541 instance=00c61b117c6eeee6beec32809ef77dfc1ecae9eb app_engine_release=1.9.18
A 12:15:39.341 2015-04-04  200     106 B   471ms /allTogetherDrawV10/ajax/enqueue?type=Review&key=5951724355321856-5707702298738688&skip=false&disablepoint=false
190.55.216.196 - charig [04/Apr/2015:12:15:39 -0700] "POST /allTogetherDrawV10/ajax/enqueue?type=Review&key=5951724355321856-5707702298738688&skip=false&disablepoint=false HTTP/1.1" 200 106 - "Mozilla/5.0 (Macintosh; Intel Mac OS X 10_10_2) AppleWebKit/537.36 (KHTML, like Gecko) Chrome/41.0.2272.89 Safari/537.36" "crowd-coding-dev.appspot.com" ms=471 cpu_ms=81 cpm_usd=0.000257 instance=00c61b117c6eeee6beec32809ef77dfc1ecae9eb app_engine_release=1.9.18
A 12:15:40.670 2015-04-04  200       0 B   1.39s /worker
0.1.0.2 - - [04/Apr/2015:12:15:40 -0700] "POST /worker HTTP/1.1" 200 0 "http://crowd-coding-dev.appspot.com/allTogetherDrawV10/ajax/enqueue?type=Review&key=5951724355321856-5707702298738688&skip=false&disablepoint=false" "AppEngine-Google; (+http://code.google.com/appengine)" "crowd-coding-dev.appspot.com" ms=1389 cpu_ms=332 cpm_usd=0.000940 queue_name=default task_name=1957480927388605327 instance=00c61b117c6eeee6beec32809ef77dfc1ecae9eb app_engine_release=1.9.18
A 12:15:41.494 2015-04-04  200     106 B   526ms /allTogetherDrawV10/ajax/enqueue?type=Review&key=4696555328110592-5707702298738688&skip=false&disablepoint=false
128.195.58.186 - vijay.0288 [04/Apr/2015:12:15:41 -0700] "POST /allTogetherDrawV10/ajax/enqueue?type=Review&key=4696555328110592-5707702298738688&skip=false&disablepoint=false HTTP/1.1" 200 106 "http://crowd-coding-dev.appspot.com/allTogetherDrawV10" "Mozilla/5.0 (Windows NT 6.1; WOW64) AppleWebKit/537.36 (KHTML, like Gecko) Chrome/41.0.2272.118 Safari/537.36" "crowd-coding-dev.appspot.com" ms=526 cpu_ms=73 cpm_usd=0.000271 instance=00c61b117c6eeee6beec32809ef77dfc1ecae9eb app_engine_release=1.9.18
A 12:15:43.855 2015-04-04  200     106 B   1.36s /allTogetherDrawV10/ajax/enqueue?type=Review&key=6535090704220160-5741031244955648&skip=false&disablepoint=false
187.15.123.154 - thiago_paula [04/Apr/2015:12:15:43 -0700] "POST /allTogetherDrawV10/ajax/enqueue?type=Review&key=6535090704220160-5741031244955648&skip=false&disablepoint=false HTTP/1.1" 200 106 "http://crowd-coding-dev.appspot.com/allTogetherDrawV10" "Mozilla/5.0 (Windows NT 6.3; WOW64) AppleWebKit/537.36 (KHTML, like Gecko) Chrome/41.0.2272.101 Safari/537.36" "crowd-coding-dev.appspot.com" ms=1361 cpu_ms=59 cpm_usd=0.000266 instance=00c61b117c6eeee6beec32809ef77dfc1ecae9eb app_engine_release=1.9.18
A 12:15:44.457 2015-04-04  200       0 B    3.3s /worker
0.1.0.2 - - [04/Apr/2015:12:15:44 -0700] "POST /worker HTTP/1.1" 200 0 "http://crowd-coding-dev.appspot.com/allTogetherDrawV10/ajax/enqueue?type=Review&key=4696555328110592-5707702298738688&skip=false&disablepoint=false" "AppEngine-Google; (+http://code.google.com/appengine)" "crowd-coding-dev.appspot.com" ms=3296 cpu_ms=308 cpm_usd=0.000938 queue_name=default task_name=1021788336305402547 instance=00c61b117c6eeee6beec32809ef77dfc1ecae9eb app_engine_release=1.9.18
A 12:15:47.942 2015-04-04  200       0 B   1.66s /worker
0.1.0.2 - - [04/Apr/2015:12:15:47 -0700] "POST /worker HTTP/1.1" 200 0 "http://crowd-coding-dev.appspot.com/allTogetherDrawV10/ajax/enqueue?type=Review&key=6535090704220160-5741031244955648&skip=false&disablepoint=false" "AppEngine-Google; (+http://code.google.com/appengine)" "crowd-coding-dev.appspot.com" ms=1660 cpu_ms=228 cpm_usd=0.000924 queue_name=default task_name=57123694936966910541 instance=00c61b117c6eeee6beec32809ef77dfc1ecae9eb app_engine_release=1.9.18
A 12:15:51.237 2015-04-04  200     106 B   379ms /allTogetherDrawV10/ajax/enqueue?type=Review&key=5205989720588288-5707702298738688&skip=false&disablepoint=false
187.36.44.59 - joaohenrique.jhsp [04/Apr/2015:12:15:51 -0700] "POST /allTogetherDrawV10/ajax/enqueue?type=Review&key=5205989720588288-5707702298738688&skip=false&disablepoint=false HTTP/1.1" 200 106 "http://crowd-coding-dev.appspot.com/allTogetherDrawV10" "Mozilla/5.0 (Windows NT 6.1; WOW64) AppleWebKit/537.36 (KHTML, like Gecko) Chrome/41.0.2272.101 Safari/537.36" "crowd-coding-dev.appspot.com" ms=379 cpu_ms=63 cpm_usd=0.000268 instance=00c61b117c6eeee6beec32809ef77dfc1ecae9eb app_engine_release=1.9.18
A 12:15:52.784 2015-04-04  200       0 B   1.61s /worker
0.1.0.2 - - [04/Apr/2015:12:15:52 -0700] "POST /worker HTTP/1.1" 200 0 "http://crowd-coding-dev.appspot.com/allTogetherDrawV10/ajax/enqueue?type=Review&key=5205989720588288-5707702298738688&skip=false&disablepoint=false" "AppEngine-Google; (+http://code.google.com/appengine)" "crowd-coding-dev.appspot.com" ms=1607 cpu_ms=268 cpm_usd=0.000917 queue_name=default task_name=5687480927388605327 instance=00c61b117c6eeee6beec32809ef77dfc1ecae9eb app_engine_release=1.9.18
A 12:16:18.923 2015-04-04  200     106 B   1.33s /allTogetherDrawV10/ajax/enqueue?type=Review&key=4762813788585984-5707702298738688&skip=false&disablepoint=false
190.55.216.196 - charig [04/Apr/2015:12:16:18 -0700] "POST /allTogetherDrawV10/ajax/enqueue?type=Review&key=4762813788585984-5707702298738688&skip=false&disablepoint=false HTTP/1.1" 200 106 - "Mozilla/5.0 (Macintosh; Intel Mac OS X 10_10_2) AppleWebKit/537.36 (KHTML, like Gecko) Chrome/41.0.2272.89 Safari/537.36" "crowd-coding-dev.appspot.com" ms=1332 cpu_ms=66 cpm_usd=0.000267 instance=00c61b117c6eeee6beec32809ef77dfc1ecae9eb app_engine_release=1.9.18
A 12:16:19.291 2015-04-04  200       0 B   1.47s /worker
0.1.0.2 - - [04/Apr/2015:12:16:19 -0700] "POST /worker HTTP/1.1" 200 0 "http://crowd-coding-dev.appspot.com/allTogetherDrawV10/ajax/enqueue?type=Review&key=4762813788585984-5707702298738688&skip=false&disablepoint=false" "AppEngine-Google; (+http://code.google.com/appengine)" "crowd-coding-dev.appspot.com" ms=1469 cpu_ms=266 cpm_usd=0.000877 queue_name=default task_name=9318480927388605327 instance=00c61b117c6eeee6beec32809ef77dfc1ecae9eb app_engine_release=1.9.18
A 12:16:37.465 2015-04-04  200       0 B   438ms /worker
0.1.0.2 - - [04/Apr/2015:12:16:37 -0700] "POST /worker HTTP/1.1" 200 0 "http://crowd-coding-dev.appspot.com/allTogetherDrawV10/ajax/enqueue?type=DebugTestFailure&key=6528006960971776-5738600293466112&skip=false&disablepoint=false" "AppEngine-Google; (+http://code.google.com/appengine)" "crowd-coding-dev.appspot.com" ms=438 cpu_ms=102 cpm_usd=0.000330 queue_name=default task_name=73703694936966910541 instance=00c61b117c6eeee6beec32809ef77dfc1ecae9eb app_engine_release=1.9.18
A 12:16:37.912 2015-04-04  200     106 B    1.3s /allTogetherDrawV10/ajax/enqueue?type=DebugTestFailure&key=6528006960971776-5738600293466112&skip=false&disablepoint=false
174.109.240.56 - aglawand [04/Apr/2015:12:16:37 -0700] "POST /allTogetherDrawV10/ajax/enqueue?type=DebugTestFailure&key=6528006960971776-5738600293466112&skip=false&disablepoint=false HTTP/1.1" 200 106 "http://crowd-coding-dev.appspot.com/allTogetherDrawV10" "Mozilla/5.0 (Windows NT 6.3; WOW64) AppleWebKit/537.36 (KHTML, like Gecko) Chrome/41.0.2272.118 Safari/537.36" "crowd-coding-dev.appspot.com" ms=1302 cpu_ms=147 cpm_usd=0.000269 instance=00c61b117c6eeee6beec32809ef77dfc1ecae9eb app_engine_release=1.9.18
A 12:17:00.310 2015-04-04  200     106 B   330ms /allTogetherDrawV10/ajax/enqueue?type=WriteTest&key=6600717804503040-5629499534213120&skip=false&disablepoint=false
131.193.76.131 - francesco.paduano91 [04/Apr/2015:12:17:00 -0700] "POST /allTogetherDrawV10/ajax/enqueue?type=WriteTest&key=6600717804503040-5629499534213120&skip=false&disablepoint=false HTTP/1.1" 200 106 - "Mozilla/5.0 (Macintosh; Intel Mac OS X 10_10_2) AppleWebKit/537.36 (KHTML, like Gecko) Chrome/41.0.2272.118 Safari/537.36" "crowd-coding-dev.appspot.com" ms=330 cpu_ms=61 cpm_usd=0.000251 instance=00c61b117c6eeee6beec32809ef77dfc1ecae9eb app_engine_release=1.9.18
A 12:17:00.605 2015-04-04  200       0 B   414ms /worker
0.1.0.2 - - [04/Apr/2015:12:17:00 -0700] "POST /worker HTTP/1.1" 200 0 "http://crowd-coding-dev.appspot.com/allTogetherDrawV10/ajax/enqueue?type=WriteTest&key=6600717804503040-5629499534213120&skip=false&disablepoint=false" "AppEngine-Google; (+http://code.google.com/appengine)" "crowd-coding-dev.appspot.com" ms=414 cpu_ms=146 cpm_usd=0.000346 queue_name=default task_name=59333694936966910541 instance=00c61b117c6eeee6beec32809ef77dfc1ecae9eb app_engine_release=1.9.18
A 12:17:11.964 2015-04-04  200     106 B   377ms /allTogetherDrawV10/ajax/enqueue?type=WriteFunction&key=6604251220410368-5178081291534336&skip=false&disablepoint=false
169.234.40.197 - ejshin1 [04/Apr/2015:12:17:11 -0700] "POST /allTogetherDrawV10/ajax/enqueue?type=WriteFunction&key=6604251220410368-5178081291534336&skip=false&disablepoint=false HTTP/1.1" 200 106 "http://crowd-coding-dev.appspot.com/allTogetherDrawV10" "Mozilla/5.0 (Windows NT 6.3; WOW64) AppleWebKit/537.36 (KHTML, like Gecko) Chrome/41.0.2272.118 Safari/537.36" "crowd-coding-dev.appspot.com" ms=377 cpu_ms=81 cpm_usd=0.000255 instance=00c61b117c6eeee6beec32809ef77dfc1ecae9eb app_engine_release=1.9.18
A 12:17:12.339 2015-04-04  200       0 B   487ms /worker
0.1.0.2 - - [04/Apr/2015:12:17:12 -0700] "POST /worker HTTP/1.1" 200 0 "http://crowd-coding-dev.appspot.com/allTogetherDrawV10/ajax/enqueue?type=WriteFunction&key=6604251220410368-5178081291534336&skip=false&disablepoint=false" "AppEngine-Google; (+http://code.google.com/appengine)" "crowd-coding-dev.appspot.com" ms=487 cpu_ms=126 cpm_usd=0.000329 queue_name=default task_name=5581788336305402547 instance=00c61b117c6eeee6beec32809ef77dfc1ecae9eb app_engine_release=1.9.18
A 12:17:22.441 2015-04-04  200       0 B   476ms /worker
0.1.0.2 - - [04/Apr/2015:12:17:22 -0700] "POST /worker HTTP/1.1" 200 0 "http://crowd-coding-dev.appspot.com/allTogetherDrawV10/ajax/enqueue?type=WriteFunction&key=6559197281910784-5757334940811264&skip=false&disablepoint=false" "AppEngine-Google; (+http://code.google.com/appengine)" "crowd-coding-dev.appspot.com" ms=476 cpu_ms=89 cpm_usd=0.000335 queue_name=default task_name=7134480927388605327 instance=00c61b117c6eeee6beec32809ef77dfc1ecae9eb app_engine_release=1.9.18
A 12:17:23.252 2015-04-04  200     106 B   1.48s /allTogetherDrawV10/ajax/enqueue?type=WriteFunction&key=6559197281910784-5757334940811264&skip=false&disablepoint=false
128.195.58.186 - vijay.0288 [04/Apr/2015:12:17:23 -0700] "POST /allTogetherDrawV10/ajax/enqueue?type=WriteFunction&key=6559197281910784-5757334940811264&skip=false&disablepoint=false HTTP/1.1" 200 106 "http://crowd-coding-dev.appspot.com/allTogetherDrawV10" "Mozilla/5.0 (Windows NT 6.1; WOW64) AppleWebKit/537.36 (KHTML, like Gecko) Chrome/41.0.2272.118 Safari/537.36" "crowd-coding-dev.appspot.com" ms=1481 cpu_ms=160 cpm_usd=0.000249 instance=00c61b117c6eeee6beec32809ef77dfc1ecae9eb app_engine_release=1.9.18
A 12:17:37.525 2015-04-04  200     106 B   339ms /allTogetherDrawV10/ajax/enqueue?type=WriteTest&key=4732853707341824-5668600916475904&skip=false&disablepoint=false
174.109.240.56 - aglawand [04/Apr/2015:12:17:37 -0700] "POST /allTogetherDrawV10/ajax/enqueue?type=WriteTest&key=4732853707341824-5668600916475904&skip=false&disablepoint=false HTTP/1.1" 200 106 "http://crowd-coding-dev.appspot.com/allTogetherDrawV10" "Mozilla/5.0 (Windows NT 6.3; WOW64) AppleWebKit/537.36 (KHTML, like Gecko) Chrome/41.0.2272.118 Safari/537.36" "crowd-coding-dev.appspot.com" ms=339 cpu_ms=82 cpm_usd=0.000254 instance=00c61b117c6eeee6beec32809ef77dfc1ecae9eb app_engine_release=1.9.18
A 12:17:37.878 2015-04-04  200       0 B   466ms /worker
0.1.0.2 - - [04/Apr/2015:12:17:37 -0700] "POST /worker HTTP/1.1" 200 0 "http://crowd-coding-dev.appspot.com/allTogetherDrawV10/ajax/enqueue?type=WriteTest&key=4732853707341824-5668600916475904&skip=false&disablepoint=false" "AppEngine-Google; (+http://code.google.com/appengine)" "crowd-coding-dev.appspot.com" ms=466 cpu_ms=145 cpm_usd=0.000346 queue_name=default task_name=1954480927388605327 instance=00c61b117c6eeee6beec32809ef77dfc1ecae9eb app_engine_release=1.9.18
A 12:17:53.937 2015-04-04  200     106 B   368ms /allTogetherDrawV10/ajax/enqueue?type=WriteTest&key=4676295967375360-5668600916475904&skip=false&disablepoint=false
187.15.123.154 - thiago_paula [04/Apr/2015:12:17:53 -0700] "POST /allTogetherDrawV10/ajax/enqueue?type=WriteTest&key=4676295967375360-5668600916475904&skip=false&disablepoint=false HTTP/1.1" 200 106 "http://crowd-coding-dev.appspot.com/allTogetherDrawV10" "Mozilla/5.0 (Windows NT 6.3; WOW64) AppleWebKit/537.36 (KHTML, like Gecko) Chrome/41.0.2272.101 Safari/537.36" "crowd-coding-dev.appspot.com" ms=368 cpu_ms=76 cpm_usd=0.000258 instance=00c61b117c6eeee6beec32809ef77dfc1ecae9eb app_engine_release=1.9.18
A 12:17:54.706 2015-04-04  200       0 B   816ms /worker
0.1.0.2 - - [04/Apr/2015:12:17:54 -0700] "POST /worker HTTP/1.1" 200 0 "http://crowd-coding-dev.appspot.com/allTogetherDrawV10/ajax/enqueue?type=WriteTest&key=4676295967375360-5668600916475904&skip=false&disablepoint=false" "AppEngine-Google; (+http://code.google.com/appengine)" "crowd-coding-dev.appspot.com" ms=816 cpu_ms=152 cpm_usd=0.000341 queue_name=default task_name=5684480927388605327 instance=00c61b117c6eeee6beec32809ef77dfc1ecae9eb app_engine_release=1.9.18
A 12:17:59.085 2015-04-04  200     106 B   1.36s /allTogetherDrawV10/ajax/enqueue?type=Review&key=6559197281910784-5717271485874176&skip=false&disablepoint=false
174.109.240.56 - aglawand [04/Apr/2015:12:17:59 -0700] "POST /allTogetherDrawV10/ajax/enqueue?type=Review&key=6559197281910784-5717271485874176&skip=false&disablepoint=false HTTP/1.1" 200 106 "http://crowd-coding-dev.appspot.com/allTogetherDrawV10" "Mozilla/5.0 (Windows NT 6.3; WOW64) AppleWebKit/537.36 (KHTML, like Gecko) Chrome/41.0.2272.118 Safari/537.36" "crowd-coding-dev.appspot.com" ms=1360 cpu_ms=82 cpm_usd=0.000254 instance=00c61b117c6eeee6beec32809ef77dfc1ecae9eb app_engine_release=1.9.18
A 12:17:59.636 2015-04-04  200       0 B   1.62s /worker
0.1.0.2 - - [04/Apr/2015:12:17:59 -0700] "POST /worker HTTP/1.1" 200 0 "http://crowd-coding-dev.appspot.com/allTogetherDrawV10/ajax/enqueue?type=Review&key=6559197281910784-5717271485874176&skip=false&disablepoint=false" "AppEngine-Google; (+http://code.google.com/appengine)" "crowd-coding-dev.appspot.com" ms=1616 cpu_ms=395 cpm_usd=0.001186 queue_name=default task_name=75913694936966910541 instance=00c61b117c6eeee6beec32809ef77dfc1ecae9eb app_engine_release=1.9.18
A 12:18:03.385 2015-04-04  200     106 B   750ms /allTogetherDrawV10/ajax/enqueue?type=WriteTestCases&key=6559197281910784-5639274879778816&skip=false&disablepoint=false
190.55.216.196 - charig [04/Apr/2015:12:18:03 -0700] "POST /allTogetherDrawV10/ajax/enqueue?type=WriteTestCases&key=6559197281910784-5639274879778816&skip=false&disablepoint=false HTTP/1.1" 200 106 - "Mozilla/5.0 (Macintosh; Intel Mac OS X 10_10_2) AppleWebKit/537.36 (KHTML, like Gecko) Chrome/41.0.2272.89 Safari/537.36" "crowd-coding-dev.appspot.com" ms=750 cpu_ms=62 cpm_usd=0.000266 instance=00c61b117c6eeee6beec32809ef77dfc1ecae9eb app_engine_release=1.9.18
A 12:18:04.702 2015-04-04  200       0 B   1.79s /worker
0.1.0.2 - - [04/Apr/2015:12:18:04 -0700] "POST /worker HTTP/1.1" 200 0 "http://crowd-coding-dev.appspot.com/allTogetherDrawV10/ajax/enqueue?type=WriteTestCases&key=6559197281910784-5639274879778816&skip=false&disablepoint=false" "AppEngine-Google; (+http://code.google.com/appengine)" "crowd-coding-dev.appspot.com" ms=1786 cpu_ms=124 cpm_usd=0.000336 queue_name=default task_name=17872049031958583511 instance=00c61b117c6eeee6beec32809ef77dfc1ecae9eb app_engine_release=1.9.18
A 12:18:16.140 2015-04-04  200     106 B   347ms /allTogetherDrawV10/ajax/enqueue?type=Review&key=6600717804503040-5707702298738688&skip=false&disablepoint=false
169.234.40.197 - ejshin1 [04/Apr/2015:12:18:16 -0700] "POST /allTogetherDrawV10/ajax/enqueue?type=Review&key=6600717804503040-5707702298738688&skip=false&disablepoint=false HTTP/1.1" 200 106 "http://crowd-coding-dev.appspot.com/allTogetherDrawV10" "Mozilla/5.0 (Windows NT 6.3; WOW64) AppleWebKit/537.36 (KHTML, like Gecko) Chrome/41.0.2272.118 Safari/537.36" "crowd-coding-dev.appspot.com" ms=347 cpu_ms=62 cpm_usd=0.000254 instance=00c61b117c6eeee6beec32809ef77dfc1ecae9eb app_engine_release=1.9.18
A 12:18:16.699 2015-04-04  200       0 B   632ms /worker
0.1.0.2 - - [04/Apr/2015:12:18:16 -0700] "POST /worker HTTP/1.1" 200 0 "http://crowd-coding-dev.appspot.com/allTogetherDrawV10/ajax/enqueue?type=Review&key=6600717804503040-5707702298738688&skip=false&disablepoint=false" "AppEngine-Google; (+http://code.google.com/appengine)" "crowd-coding-dev.appspot.com" ms=632 cpu_ms=291 cpm_usd=0.000928 queue_name=default task_name=91503694936966910541 instance=00c61b117c6eeee6beec32809ef77dfc1ecae9eb app_engine_release=1.9.18
A 12:18:26.955 2015-04-04  200     106 B   354ms /allTogetherDrawV10/ajax/enqueue?type=Review&key=6604251220410368-5071437253574656&skip=false&disablepoint=false
128.195.58.186 - vijay.0288 [04/Apr/2015:12:18:26 -0700] "POST /allTogetherDrawV10/ajax/enqueue?type=Review&key=6604251220410368-5071437253574656&skip=false&disablepoint=false HTTP/1.1" 200 106 "http://crowd-coding-dev.appspot.com/allTogetherDrawV10" "Mozilla/5.0 (Windows NT 6.1; WOW64) AppleWebKit/537.36 (KHTML, like Gecko) Chrome/41.0.2272.118 Safari/537.36" "crowd-coding-dev.appspot.com" ms=354 cpu_ms=62 cpm_usd=0.000266 instance=00c61b117c6eeee6beec32809ef77dfc1ecae9eb app_engine_release=1.9.18
A 12:18:27.425 2015-04-04  200       0 B   621ms /worker
0.1.0.2 - - [04/Apr/2015:12:18:27 -0700] "POST /worker HTTP/1.1" 200 0 "http://crowd-coding-dev.appspot.com/allTogetherDrawV10/ajax/enqueue?type=Review&key=6604251220410368-5071437253574656&skip=false&disablepoint=false" "AppEngine-Google; (+http://code.google.com/appengine)" "crowd-coding-dev.appspot.com" ms=621 cpu_ms=270 cpm_usd=0.000898 queue_name=default task_name=9315480927388605327 instance=00c61b117c6eeee6beec32809ef77dfc1ecae9eb app_engine_release=1.9.18
A 12:18:33.238 2015-04-04  200       0 B   916ms /worker
0.1.0.2 - - [04/Apr/2015:12:18:33 -0700] "POST /worker HTTP/1.1" 200 0 "http://crowd-coding-dev.appspot.com/allTogetherDrawV10/ajax/enqueue?type=Review&key=4676295967375360-5741031244955648&skip=false&disablepoint=false" "AppEngine-Google; (+http://code.google.com/appengine)" "crowd-coding-dev.appspot.com" ms=916 cpu_ms=237 cpm_usd=0.000935 queue_name=default task_name=77133694936966910541 instance=00c61b117c6eeee6beec32809ef77dfc1ecae9eb app_engine_release=1.9.18
A 12:18:33.425 2015-04-04  200     106 B   1.35s /allTogetherDrawV10/ajax/enqueue?type=Review&key=4676295967375360-5741031244955648&skip=false&disablepoint=false
174.109.240.56 - aglawand [04/Apr/2015:12:18:33 -0700] "POST /allTogetherDrawV10/ajax/enqueue?type=Review&key=4676295967375360-5741031244955648&skip=false&disablepoint=false HTTP/1.1" 200 106 "http://crowd-coding-dev.appspot.com/allTogetherDrawV10" "Mozilla/5.0 (Windows NT 6.3; WOW64) AppleWebKit/537.36 (KHTML, like Gecko) Chrome/41.0.2272.118 Safari/537.36" "crowd-coding-dev.appspot.com" ms=1351 cpu_ms=138 cpm_usd=0.000268 instance=00c61b117c6eeee6beec32809ef77dfc1ecae9eb app_engine_release=1.9.18
A 12:18:47.182 2015-04-04  200     106 B   317ms /allTogetherDrawV10/ajax/enqueue?type=WriteTest&key=5205989720588288-5668600916475904&skip=false&disablepoint=false
174.109.240.56 - aglawand [04/Apr/2015:12:18:47 -0700] "POST /allTogetherDrawV10/ajax/enqueue?type=WriteTest&key=5205989720588288-5668600916475904&skip=false&disablepoint=false HTTP/1.1" 200 106 "http://crowd-coding-dev.appspot.com/allTogetherDrawV10" "Mozilla/5.0 (Windows NT 6.3; WOW64) AppleWebKit/537.36 (KHTML, like Gecko) Chrome/41.0.2272.118 Safari/537.36" "crowd-coding-dev.appspot.com" ms=317 cpu_ms=103 cpm_usd=0.000263 instance=00c61b117c6eeee6beec32809ef77dfc1ecae9eb app_engine_release=1.9.18
A 12:18:47.592 2015-04-04  200       0 B   520ms /worker
0.1.0.2 - - [04/Apr/2015:12:18:47 -0700] "POST /worker HTTP/1.1" 200 0 "http://crowd-coding-dev.appspot.com/allTogetherDrawV10/ajax/enqueue?type=WriteTest&key=5205989720588288-5668600916475904&skip=false&disablepoint=false" "AppEngine-Google; (+http://code.google.com/appengine)" "crowd-coding-dev.appspot.com" ms=520 cpu_ms=103 cpm_usd=0.000341 queue_name=default task_name=93713694936966910541 instance=00c61b117c6eeee6beec32809ef77dfc1ecae9eb app_engine_release=1.9.18
A 12:18:57.302 2015-04-04  200     106 B   553ms /allTogetherDrawV10/ajax/enqueue?type=WriteTest&key=4762813788585984-5668600916475904&skip=false&disablepoint=false
128.195.58.186 - vijay.0288 [04/Apr/2015:12:18:57 -0700] "POST /allTogetherDrawV10/ajax/enqueue?type=WriteTest&key=4762813788585984-5668600916475904&skip=false&disablepoint=false HTTP/1.1" 200 106 - "Mozilla/5.0 (Windows NT 6.1; WOW64) AppleWebKit/537.36 (KHTML, like Gecko) Chrome/41.0.2272.118 Safari/537.36" "crowd-coding-dev.appspot.com" ms=553 cpu_ms=72 cpm_usd=0.000256 instance=00c61b117c6eeee6beec32809ef77dfc1ecae9eb app_engine_release=1.9.18
A 12:18:57.532 2015-04-04  200       0 B   392ms /worker
0.1.0.2 - - [04/Apr/2015:12:18:57 -0700] "POST /worker HTTP/1.1" 200 0 "http://crowd-coding-dev.appspot.com/allTogetherDrawV10/ajax/enqueue?type=WriteTest&key=4762813788585984-5668600916475904&skip=false&disablepoint=false" "AppEngine-Google; (+http://code.google.com/appengine)" "crowd-coding-dev.appspot.com" ms=392 cpu_ms=134 cpm_usd=0.000344 queue_name=default task_name=10303694936966910541 instance=00c61b117c6eeee6beec32809ef77dfc1ecae9eb app_engine_release=1.9.18
A 12:19:08.307 2015-04-04  200     106 B   376ms /allTogetherDrawV10/ajax/enqueue?type=Review&key=5205989720588288-5741031244955648&skip=false&disablepoint=false
128.195.58.186 - vijay.0288 [04/Apr/2015:12:19:08 -0700] "POST /allTogetherDrawV10/ajax/enqueue?type=Review&key=5205989720588288-5741031244955648&skip=false&disablepoint=false HTTP/1.1" 200 106 - "Mozilla/5.0 (Windows NT 6.1; WOW64) AppleWebKit/537.36 (KHTML, like Gecko) Chrome/41.0.2272.118 Safari/537.36" "crowd-coding-dev.appspot.com" ms=376 cpu_ms=65 cpm_usd=0.000263 instance=00c61b117c6eeee6beec32809ef77dfc1ecae9eb app_engine_release=1.9.18
A 12:19:11.571 2015-04-04  200       0 B   3.38s /worker
0.1.0.2 - - [04/Apr/2015:12:19:11 -0700] "POST /worker HTTP/1.1" 200 0 "http://crowd-coding-dev.appspot.com/allTogetherDrawV10/ajax/enqueue?type=Review&key=5205989720588288-5741031244955648&skip=false&disablepoint=false" "AppEngine-Google; (+http://code.google.com/appengine)" "crowd-coding-dev.appspot.com" ms=3378 cpu_ms=311 cpm_usd=0.000935 queue_name=default task_name=73362049031958583511 instance=00c61b117c6eeee6beec32809ef77dfc1ecae9eb app_engine_release=1.9.18
A 12:19:18.313 2015-04-04  200     106 B   307ms /allTogetherDrawV10/ajax/enqueue?type=Review&key=6559197281910784-5750085036015616&skip=false&disablepoint=false
169.234.40.197 - ejshin1 [04/Apr/2015:12:19:18 -0700] "POST /allTogetherDrawV10/ajax/enqueue?type=Review&key=6559197281910784-5750085036015616&skip=false&disablepoint=false HTTP/1.1" 200 106 - "Mozilla/5.0 (Windows NT 6.3; WOW64) AppleWebKit/537.36 (KHTML, like Gecko) Chrome/41.0.2272.118 Safari/537.36" "crowd-coding-dev.appspot.com" ms=307 cpu_ms=103 cpm_usd=0.000255 instance=00c61b117c6eeee6beec32809ef77dfc1ecae9eb app_engine_release=1.9.18
A 12:19:19.553 2015-04-04  200       0 B   1.28s /worker
0.1.0.2 - - [04/Apr/2015:12:19:19 -0700] "POST /worker HTTP/1.1" 200 0 "http://crowd-coding-dev.appspot.com/allTogetherDrawV10/ajax/enqueue?type=Review&key=6559197281910784-5750085036015616&skip=false&disablepoint=false" "AppEngine-Google; (+http://code.google.com/appengine)" "crowd-coding-dev.appspot.com" ms=1278 cpu_ms=249 cpm_usd=0.000898 queue_name=default task_name=3145480927388605327 instance=00c61b117c6eeee6beec32809ef77dfc1ecae9eb app_engine_release=1.9.18
A 12:19:37.167 2015-04-04  200     106 B   292ms /allTogetherDrawV10/ajax/enqueue?type=DebugTestFailure&key=5474817897660416-5676830073815040&skip=true&disablepoint=false
169.234.207.226 - hosubl [04/Apr/2015:12:19:37 -0700] "POST /allTogetherDrawV10/ajax/enqueue?type=DebugTestFailure&key=5474817897660416-5676830073815040&skip=true&disablepoint=false HTTP/1.1" 200 106 "http://crowd-coding-dev.appspot.com/allTogetherDrawV10" "Mozilla/5.0 (Windows NT 6.1) AppleWebKit/537.36 (KHTML, like Gecko) Chrome/41.0.2272.118 Safari/537.36" "crowd-coding-dev.appspot.com" ms=292 cpu_ms=103 cpm_usd=0.000254 instance=00c61b117c6eeee6beec32809ef77dfc1ecae9eb app_engine_release=1.9.18
A 12:19:37.523 2015-04-04  200       0 B   301ms /worker
0.1.0.2 - - [04/Apr/2015:12:19:37 -0700] "POST /worker HTTP/1.1" 200 0 "http://crowd-coding-dev.appspot.com/allTogetherDrawV10/ajax/enqueue?type=DebugTestFailure&key=5474817897660416-5676830073815040&skip=true&disablepoint=false" "AppEngine-Google; (+http://code.google.com/appengine)" "crowd-coding-dev.appspot.com" ms=301 cpu_ms=103 cpm_usd=0.000233 queue_name=default task_name=7865480927388605327 instance=00c61b117c6eeee6beec32809ef77dfc1ecae9eb app_engine_release=1.9.18
A 12:19:38.818 2015-04-04  200     106 B   313ms /allTogetherDrawV10/ajax/enqueue?type=Review&key=6528006960971776-5086100271923200&skip=false&disablepoint=false
131.193.76.131 - francesco.paduano91 [04/Apr/2015:12:19:38 -0700] "POST /allTogetherDrawV10/ajax/enqueue?type=Review&key=6528006960971776-5086100271923200&skip=false&disablepoint=false HTTP/1.1" 200 106 "http://crowd-coding-dev.appspot.com/allTogetherDrawV10" "Mozilla/5.0 (Macintosh; Intel Mac OS X 10_10_2) AppleWebKit/537.36 (KHTML, like Gecko) Chrome/41.0.2272.118 Safari/537.36" "crowd-coding-dev.appspot.com" ms=313 cpu_ms=68 cpm_usd=0.000256 instance=00c61b117c6eeee6beec32809ef77dfc1ecae9eb app_engine_release=1.9.18
A 12:19:40.212 2015-04-04  200       0 B   1.46s /worker
0.1.0.2 - - [04/Apr/2015:12:19:40 -0700] "POST /worker HTTP/1.1" 200 0 "http://crowd-coding-dev.appspot.com/allTogetherDrawV10/ajax/enqueue?type=Review&key=6528006960971776-5086100271923200&skip=false&disablepoint=false" "AppEngine-Google; (+http://code.google.com/appengine)" "crowd-coding-dev.appspot.com" ms=1456 cpu_ms=243 cpm_usd=0.000885 queue_name=default task_name=95923694936966910541 instance=00c61b117c6eeee6beec32809ef77dfc1ecae9eb app_engine_release=1.9.18
A 12:19:46.695 2015-04-04  200     106 B   307ms /allTogetherDrawV10/ajax/enqueue?type=Review&key=4732853707341824-5741031244955648&skip=false&disablepoint=false
187.15.123.154 - thiago_paula [04/Apr/2015:12:19:46 -0700] "POST /allTogetherDrawV10/ajax/enqueue?type=Review&key=4732853707341824-5741031244955648&skip=false&disablepoint=false HTTP/1.1" 200 106 "http://crowd-coding-dev.appspot.com/allTogetherDrawV10" "Mozilla/5.0 (Windows NT 6.3; WOW64) AppleWebKit/537.36 (KHTML, like Gecko) Chrome/41.0.2272.101 Safari/537.36" "crowd-coding-dev.appspot.com" ms=307 cpu_ms=70 cpm_usd=0.000258 instance=00c61b117c6eeee6beec32809ef77dfc1ecae9eb app_engine_release=1.9.18
A 12:19:47.842 2015-04-04  200      36 B   343ms /allTogetherDrawV10/ajax/enqueue?type=WriteFunction&key=6559197281910784-5676830073815040&skip=false&disablepoint=false
174.109.240.56 - aglawand [04/Apr/2015:12:19:47 -0700] "POST /allTogetherDrawV10/ajax/enqueue?type=WriteFunction&key=6559197281910784-5676830073815040&skip=false&disablepoint=false HTTP/1.1" 200 36 "http://crowd-coding-dev.appspot.com/allTogetherDrawV10" "Mozilla/5.0 (Windows NT 6.3; WOW64) AppleWebKit/537.36 (KHTML, like Gecko) Chrome/41.0.2272.118 Safari/537.36" "crowd-coding-dev.appspot.com" ms=343 cpu_ms=36 cpm_usd=0.000081 instance=00c61b117c6eeee6beec32809ef77dfc1ecae9eb app_engine_release=1.9.18
A 12:19:47.931 2015-04-04  200       0 B   1.32s /worker
0.1.0.2 - - [04/Apr/2015:12:19:47 -0700] "POST /worker HTTP/1.1" 200 0 "http://crowd-coding-dev.appspot.com/allTogetherDrawV10/ajax/enqueue?type=Review&key=4732853707341824-5741031244955648&skip=false&disablepoint=false" "AppEngine-Google; (+http://code.google.com/appengine)" "crowd-coding-dev.appspot.com" ms=1320 cpu_ms=247 cpm_usd=0.000921 queue_name=default task_name=99882049031958583511 instance=00c61b117c6eeee6beec32809ef77dfc1ecae9eb app_engine_release=1.9.18
A 12:19:48.544 2015-04-04  200     106 B   308ms /allTogetherDrawV10/ajax/enqueue?type=WriteFunctionDescription&key=6535090704220160-5649050225344512&skip=false&disablepoint=false
190.55.216.196 - charig [04/Apr/2015:12:19:48 -0700] "POST /allTogetherDrawV10/ajax/enqueue?type=WriteFunctionDescription&key=6535090704220160-5649050225344512&skip=false&disablepoint=false HTTP/1.1" 200 106 - "Mozilla/5.0 (Macintosh; Intel Mac OS X 10_10_2) AppleWebKit/537.36 (KHTML, like Gecko) Chrome/41.0.2272.89 Safari/537.36" "crowd-coding-dev.appspot.com" ms=308 cpu_ms=63 cpm_usd=0.000255 instance=00c61b117c6eeee6beec32809ef77dfc1ecae9eb app_engine_release=1.9.18
A 12:19:48.860 2015-04-04  200       0 B   362ms /worker
0.1.0.2 - - [04/Apr/2015:12:19:48 -0700] "POST /worker HTTP/1.1" 200 0 "http://crowd-coding-dev.appspot.com/allTogetherDrawV10/ajax/enqueue?type=WriteFunction&key=6559197281910784-5676830073815040&skip=false&disablepoint=false" "AppEngine-Google; (+http://code.google.com/appengine)" "crowd-coding-dev.appspot.com" ms=362 cpu_ms=122 cpm_usd=0.000335 queue_name=default task_name=1695480927388605327 instance=00c61b117c6eeee6beec32809ef77dfc1ecae9eb app_engine_release=1.9.18
A 12:19:50.841 2015-04-04  200       0 B   1.34s /worker
0.1.0.2 - - [04/Apr/2015:12:19:50 -0700] "POST /worker HTTP/1.1" 200 0 "http://crowd-coding-dev.appspot.com/allTogetherDrawV10/ajax/enqueue?type=WriteFunctionDescription&key=6535090704220160-5649050225344512&skip=false&disablepoint=false" "AppEngine-Google; (+http://code.google.com/appengine)" "crowd-coding-dev.appspot.com" ms=1343 cpu_ms=145 cpm_usd=0.000335 queue_name=default task_name=5326480927388605327 instance=00c61b117c6eeee6beec32809ef77dfc1ecae9eb app_engine_release=1.9.18
A 12:19:56.225 2015-04-04  200     106 B   327ms /allTogetherDrawV10/ajax/enqueue?type=Review&key=4762813788585984-5741031244955648&skip=false&disablepoint=false
169.234.40.197 - ejshin1 [04/Apr/2015:12:19:56 -0700] "POST /allTogetherDrawV10/ajax/enqueue?type=Review&key=4762813788585984-5741031244955648&skip=false&disablepoint=false HTTP/1.1" 200 106 "http://crowd-coding-dev.appspot.com/allTogetherDrawV10" "Mozilla/5.0 (Windows NT 6.3; WOW64) AppleWebKit/537.36 (KHTML, like Gecko) Chrome/41.0.2272.118 Safari/537.36" "crowd-coding-dev.appspot.com" ms=327 cpu_ms=103 cpm_usd=0.000257 instance=00c61b117c6eeee6beec32809ef77dfc1ecae9eb app_engine_release=1.9.18
A 12:19:56.797 2015-04-04  200       0 B   626ms /worker
0.1.0.2 - - [04/Apr/2015:12:19:56 -0700] "POST /worker HTTP/1.1" 200 0 "http://crowd-coding-dev.appspot.com/allTogetherDrawV10/ajax/enqueue?type=Review&key=4762813788585984-5741031244955648&skip=false&disablepoint=false" "AppEngine-Google; (+http://code.google.com/appengine)" "crowd-coding-dev.appspot.com" ms=626 cpu_ms=249 cpm_usd=0.000915 queue_name=default task_name=9056480927388605327 instance=00c61b117c6eeee6beec32809ef77dfc1ecae9eb app_engine_release=1.9.18
A 12:20:03.365 2015-04-04  200     106 B   460ms /allTogetherDrawV10/ajax/fetch
174.109.240.56 - aglawand [04/Apr/2015:12:20:03 -0700] "GET /allTogetherDrawV10/ajax/fetch HTTP/1.1" 200 106 "http://crowd-coding-dev.appspot.com/allTogetherDrawV10" "Mozilla/5.0 (Windows NT 6.3; WOW64) AppleWebKit/537.36 (KHTML, like Gecko) Chrome/41.0.2272.118 Safari/537.36" "crowd-coding-dev.appspot.com" ms=460 cpu_ms=41 cpm_usd=0.000206 instance=00c61b117c6eeee6beec32809ef77dfc1ecae9eb app_engine_release=1.9.18
A 12:20:48.560 2015-04-04  200       0 B   1.52s /worker
0.1.0.2 - - [04/Apr/2015:12:20:48 -0700] "POST /worker HTTP/1.1" 200 0 "http://crowd-coding-dev.appspot.com/allTogetherDrawV10/ajax/enqueue?type=Review&key=6535090704220160-5724160613416960&skip=false&disablepoint=false" "AppEngine-Google; (+http://code.google.com/appengine)" "crowd-coding-dev.appspot.com" ms=1517 cpu_ms=178 cpm_usd=0.000916 queue_name=default task_name=8870788336305402547 instance=00c61b117c6eeee6beec32809ef77dfc1ecae9eb app_engine_release=1.9.18
A 12:20:50.129 2015-04-04  200     106 B   3.31s /allTogetherDrawV10/ajax/enqueue?type=Review&key=6535090704220160-5724160613416960&skip=false&disablepoint=false
174.109.240.56 - aglawand [04/Apr/2015:12:20:50 -0700] "POST /allTogetherDrawV10/ajax/enqueue?type=Review&key=6535090704220160-5724160613416960&skip=false&disablepoint=false HTTP/1.1" 200 106 "http://crowd-coding-dev.appspot.com/allTogetherDrawV10" "Mozilla/5.0 (Windows NT 6.3; WOW64) AppleWebKit/537.36 (KHTML, like Gecko) Chrome/41.0.2272.118 Safari/537.36" "crowd-coding-dev.appspot.com" ms=3311 cpu_ms=217 cpm_usd=0.000259 instance=00c61b117c6eeee6beec32809ef77dfc1ecae9eb app_engine_release=1.9.18
A 12:20:55.512 2015-04-04  200       0 B   845ms /worker
0.1.0.2 - - [04/Apr/2015:12:20:55 -0700] "POST /worker HTTP/1.1" 200 0 "http://crowd-coding-dev.appspot.com/allTogetherDrawV10/ajax/enqueue?type=Review&key=6559197281910784-5105650963054592&skip=false&disablepoint=false" "AppEngine-Google; (+http://code.google.com/appengine)" "crowd-coding-dev.appspot.com" ms=845 cpu_ms=225 cpm_usd=0.000965 queue_name=default task_name=3876480927388605327 instance=00c61b117c6eeee6beec32809ef77dfc1ecae9eb app_engine_release=1.9.18
A 12:20:55.897 2015-04-04  200     106 B   1.49s /allTogetherDrawV10/ajax/enqueue?type=Review&key=6559197281910784-5105650963054592&skip=false&disablepoint=false
169.234.40.197 - ejshin1 [04/Apr/2015:12:20:55 -0700] "POST /allTogetherDrawV10/ajax/enqueue?type=Review&key=6559197281910784-5105650963054592&skip=false&disablepoint=false HTTP/1.1" 200 106 "http://crowd-coding-dev.appspot.com/allTogetherDrawV10" "Mozilla/5.0 (Windows NT 6.3; WOW64) AppleWebKit/537.36 (KHTML, like Gecko) Chrome/41.0.2272.118 Safari/537.36" "crowd-coding-dev.appspot.com" ms=1492 cpu_ms=212 cpm_usd=0.000261 instance=00c61b117c6eeee6beec32809ef77dfc1ecae9eb app_engine_release=1.9.18
A 12:21:01.644 2015-04-04  200     106 B   336ms /allTogetherDrawV10/ajax/enqueue?type=WriteTest&key=4762813788585984-5649050225344512&skip=false&disablepoint=false
174.109.240.56 - aglawand [04/Apr/2015:12:21:01 -0700] "POST /allTogetherDrawV10/ajax/enqueue?type=WriteTest&key=4762813788585984-5649050225344512&skip=false&disablepoint=false HTTP/1.1" 200 106 "http://crowd-coding-dev.appspot.com/allTogetherDrawV10" "Mozilla/5.0 (Windows NT 6.3; WOW64) AppleWebKit/537.36 (KHTML, like Gecko) Chrome/41.0.2272.118 Safari/537.36" "crowd-coding-dev.appspot.com" ms=336 cpu_ms=71 cpm_usd=0.000255 instance=00c61b117c6eeee6beec32809ef77dfc1ecae9eb app_engine_release=1.9.18
A 12:21:01.997 2015-04-04  200       0 B   451ms /worker
0.1.0.2 - - [04/Apr/2015:12:21:01 -0700] "POST /worker HTTP/1.1" 200 0 "http://crowd-coding-dev.appspot.com/allTogetherDrawV10/ajax/enqueue?type=WriteTest&key=4762813788585984-5649050225344512&skip=false&disablepoint=false" "AppEngine-Google; (+http://code.google.com/appengine)" "crowd-coding-dev.appspot.com" ms=451 cpu_ms=136 cpm_usd=0.000344 queue_name=default task_name=7507480927388605327 instance=00c61b117c6eeee6beec32809ef77dfc1ecae9eb app_engine_release=1.9.18
A 12:21:08.113 2015-04-04  200     106 B   345ms /allTogetherDrawV10/ajax/enqueue?type=WriteFunction&key=6604251220410368-6197337160417280&skip=false&disablepoint=false
169.234.207.226 - hosubl [04/Apr/2015:12:21:08 -0700] "POST /allTogetherDrawV10/ajax/enqueue?type=WriteFunction&key=6604251220410368-6197337160417280&skip=false&disablepoint=false HTTP/1.1" 200 106 "http://crowd-coding-dev.appspot.com/allTogetherDrawV10" "Mozilla/5.0 (Windows NT 6.1) AppleWebKit/537.36 (KHTML, like Gecko) Chrome/41.0.2272.118 Safari/537.36" "crowd-coding-dev.appspot.com" ms=345 cpu_ms=70 cpm_usd=0.000254 instance=00c61b117c6eeee6beec32809ef77dfc1ecae9eb app_engine_release=1.9.18
A 12:21:08.429 2015-04-04  200       0 B   428ms /worker
0.1.0.2 - - [04/Apr/2015:12:21:08 -0700] "POST /worker HTTP/1.1" 200 0 "http://crowd-coding-dev.appspot.com/allTogetherDrawV10/ajax/enqueue?type=WriteFunction&key=6604251220410368-6197337160417280&skip=false&disablepoint=false" "AppEngine-Google; (+http://code.google.com/appengine)" "crowd-coding-dev.appspot.com" ms=428 cpu_ms=158 cpm_usd=0.000329 queue_name=default task_name=1337480927388605327 instance=00c61b117c6eeee6beec32809ef77dfc1ecae9eb app_engine_release=1.9.18
A 12:21:08.996 2015-04-04  200     106 B   423ms /allTogetherDrawV10/ajax/enqueue?type=WriteTest&key=4732853707341824-5649050225344512&skip=false&disablepoint=false
169.234.40.197 - ejshin1 [04/Apr/2015:12:21:08 -0700] "POST /allTogetherDrawV10/ajax/enqueue?type=WriteTest&key=4732853707341824-5649050225344512&skip=false&disablepoint=false HTTP/1.1" 200 106 - "Mozilla/5.0 (Windows NT 6.3; WOW64) AppleWebKit/537.36 (KHTML, like Gecko) Chrome/41.0.2272.118 Safari/537.36" "crowd-coding-dev.appspot.com" ms=423 cpu_ms=82 cpm_usd=0.000251 instance=00c61b117c6eeee6beec32809ef77dfc1ecae9eb app_engine_release=1.9.18
A 12:21:09.459 2015-04-04  200       0 B   408ms /worker
0.1.0.2 - - [04/Apr/2015:12:21:09 -0700] "POST /worker HTTP/1.1" 200 0 "http://crowd-coding-dev.appspot.com/allTogetherDrawV10/ajax/enqueue?type=WriteTest&key=4732853707341824-5649050225344512&skip=false&disablepoint=false" "AppEngine-Google; (+http://code.google.com/appengine)" "crowd-coding-dev.appspot.com" ms=408 cpu_ms=145 cpm_usd=0.000346 queue_name=default task_name=5067480927388605327 instance=00c61b117c6eeee6beec32809ef77dfc1ecae9eb app_engine_release=1.9.18
A 12:21:23.327 2015-04-04  200     106 B   1.56s /allTogetherDrawV10/ajax/enqueue?type=Review&key=4762813788585984-5724160613416960&skip=false&disablepoint=false
169.234.207.226 - hosubl [04/Apr/2015:12:21:23 -0700] "POST /allTogetherDrawV10/ajax/enqueue?type=Review&key=4762813788585984-5724160613416960&skip=false&disablepoint=false HTTP/1.1" 200 106 "http://crowd-coding-dev.appspot.com/allTogetherDrawV10" "Mozilla/5.0 (Windows NT 6.1) AppleWebKit/537.36 (KHTML, like Gecko) Chrome/41.0.2272.118 Safari/537.36" "crowd-coding-dev.appspot.com" ms=1561 cpu_ms=79 cpm_usd=0.000258 instance=00c61b117c6eeee6beec32809ef77dfc1ecae9eb app_engine_release=1.9.18
A 12:21:23.423 2015-04-04  200       0 B   1.39s /worker
0.1.0.2 - - [04/Apr/2015:12:21:23 -0700] "POST /worker HTTP/1.1" 200 0 "http://crowd-coding-dev.appspot.com/allTogetherDrawV10/ajax/enqueue?type=Review&key=4762813788585984-5724160613416960&skip=false&disablepoint=false" "AppEngine-Google; (+http://code.google.com/appengine)" "crowd-coding-dev.appspot.com" ms=1387 cpu_ms=361 cpm_usd=0.000944 queue_name=default task_name=9787480927388605327 instance=00c61b117c6eeee6beec32809ef77dfc1ecae9eb app_engine_release=1.9.18
A 12:21:35.162 2015-04-04  200      36 B   1.27s /allTogetherDrawV10/ajax/enqueue?type=Review&key=4732853707341824-5724160613416960&skip=false&disablepoint=false
169.234.207.226 - hosubl [04/Apr/2015:12:21:35 -0700] "POST /allTogetherDrawV10/ajax/enqueue?type=Review&key=4732853707341824-5724160613416960&skip=false&disablepoint=false HTTP/1.1" 200 36 "http://crowd-coding-dev.appspot.com/allTogetherDrawV10" "Mozilla/5.0 (Windows NT 6.1) AppleWebKit/537.36 (KHTML, like Gecko) Chrome/41.0.2272.118 Safari/537.36" "crowd-coding-dev.appspot.com" ms=1273 cpu_ms=69 cpm_usd=0.000082 instance=00c61b117c6eeee6beec32809ef77dfc1ecae9eb app_engine_release=1.9.18
A 12:21:35.336 2015-04-04  200       0 B    1.3s /worker
0.1.0.2 - - [04/Apr/2015:12:21:35 -0700] "POST /worker HTTP/1.1" 200 0 "http://crowd-coding-dev.appspot.com/allTogetherDrawV10/ajax/enqueue?type=Review&key=4732853707341824-5724160613416960&skip=false&disablepoint=false" "AppEngine-Google; (+http://code.google.com/appengine)" "crowd-coding-dev.appspot.com" ms=1303 cpu_ms=312 cpm_usd=0.000947 queue_name=default task_name=2441788336305402547 instance=00c61b117c6eeee6beec32809ef77dfc1ecae9eb app_engine_release=1.9.18
A 12:21:41.188 2015-04-04  200      36 B   298ms /allTogetherDrawV10/ajax/enqueue?type=WriteTestCases&key=6559197281910784-5657382461898752&skip=false&disablepoint=false
131.193.76.131 - francesco.paduano91 [04/Apr/2015:12:21:41 -0700] "POST /allTogetherDrawV10/ajax/enqueue?type=WriteTestCases&key=6559197281910784-5657382461898752&skip=false&disablepoint=false HTTP/1.1" 200 36 - "Mozilla/5.0 (Macintosh; Intel Mac OS X 10_10_2) AppleWebKit/537.36 (KHTML, like Gecko) Chrome/41.0.2272.118 Safari/537.36" "crowd-coding-dev.appspot.com" ms=298 cpu_ms=82 cpm_usd=0.000081 instance=00c61b117c6eeee6beec32809ef77dfc1ecae9eb app_engine_release=1.9.18
A 12:21:41.565 2015-04-04  200       0 B   487ms /worker
0.1.0.2 - - [04/Apr/2015:12:21:41 -0700] "POST /worker HTTP/1.1" 200 0 "http://crowd-coding-dev.appspot.com/allTogetherDrawV10/ajax/enqueue?type=WriteTestCases&key=6559197281910784-5657382461898752&skip=false&disablepoint=false" "AppEngine-Google; (+http://code.google.com/appengine)" "crowd-coding-dev.appspot.com" ms=487 cpu_ms=103 cpm_usd=0.000336 queue_name=default task_name=3518480927388605327 instance=00c61b117c6eeee6beec32809ef77dfc1ecae9eb app_engine_release=1.9.18
A 12:21:47.046 2015-04-04  200     106 B   1.28s /allTogetherDrawV10/ajax/enqueue?type=Review&key=6604251220410368-5738600293466112&skip=false&disablepoint=false
169.234.40.197 - ejshin1 [04/Apr/2015:12:21:47 -0700] "POST /allTogetherDrawV10/ajax/enqueue?type=Review&key=6604251220410368-5738600293466112&skip=false&disablepoint=false HTTP/1.1" 200 106 - "Mozilla/5.0 (Windows NT 6.3; WOW64) AppleWebKit/537.36 (KHTML, like Gecko) Chrome/41.0.2272.118 Safari/537.36" "crowd-coding-dev.appspot.com" ms=1284 cpu_ms=83 cpm_usd=0.000250 instance=00c61b117c6eeee6beec32809ef77dfc1ecae9eb app_engine_release=1.9.18
A 12:21:48.240 2015-04-04  200       0 B   2.32s /worker
0.1.0.2 - - [04/Apr/2015:12:21:48 -0700] "POST /worker HTTP/1.1" 200 0 "http://crowd-coding-dev.appspot.com/allTogetherDrawV10/ajax/enqueue?type=Review&key=6604251220410368-5738600293466112&skip=false&disablepoint=false" "AppEngine-Google; (+http://code.google.com/appengine)" "crowd-coding-dev.appspot.com" ms=2317 cpu_ms=394 cpm_usd=0.001241 queue_name=default task_name=12513694936966910541 instance=00c61b117c6eeee6beec32809ef77dfc1ecae9eb app_engine_release=1.9.18
A 12:21:50.677 2015-04-04  200     106 B   360ms /allTogetherDrawV10/ajax/fetch
169.234.207.226 - hosubl [04/Apr/2015:12:21:50 -0700] "GET /allTogetherDrawV10/ajax/fetch HTTP/1.1" 200 106 "http://crowd-coding-dev.appspot.com/allTogetherDrawV10" "Mozilla/5.0 (Windows NT 6.1) AppleWebKit/537.36 (KHTML, like Gecko) Chrome/41.0.2272.118 Safari/537.36" "crowd-coding-dev.appspot.com" ms=360 cpu_ms=62 cpm_usd=0.000207 instance=00c61b117c6eeee6beec32809ef77dfc1ecae9eb app_engine_release=1.9.18
A 12:21:57.214 2015-04-04  200      36 B   443ms /allTogetherDrawV10/ajax/fetch
131.193.76.131 - francesco.paduano91 [04/Apr/2015:12:21:57 -0700] "GET /allTogetherDrawV10/ajax/fetch HTTP/1.1" 200 36 - "Mozilla/5.0 (Macintosh; Intel Mac OS X 10_10_2) AppleWebKit/537.36 (KHTML, like Gecko) Chrome/41.0.2272.118 Safari/537.36" "crowd-coding-dev.appspot.com" ms=443 cpu_ms=62 cpm_usd=0.000004 instance=00c61b117c6eeee6beec32809ef77dfc1ecae9eb app_engine_release=1.9.18
A 12:22:09.314 2015-04-04  200      36 B   271ms /allTogetherDrawV10/ajax/enqueue?type=WriteTest&key=6600717804503040-5668600916475904&skip=false&disablepoint=false
128.195.58.186 - vijay.0288 [04/Apr/2015:12:22:09 -0700] "POST /allTogetherDrawV10/ajax/enqueue?type=WriteTest&key=6600717804503040-5668600916475904&skip=false&disablepoint=false HTTP/1.1" 200 36 - "Mozilla/5.0 (Windows NT 6.1; WOW64) AppleWebKit/537.36 (KHTML, like Gecko) Chrome/41.0.2272.118 Safari/537.36" "crowd-coding-dev.appspot.com" ms=271 cpu_ms=58 cpm_usd=0.000083 instance=00c61b117c6eeee6beec32809ef77dfc1ecae9eb app_engine_release=1.9.18
A 12:22:09.713 2015-04-04  200       0 B   473ms /worker
0.1.0.2 - - [04/Apr/2015:12:22:09 -0700] "POST /worker HTTP/1.1" 200 0 "http://crowd-coding-dev.appspot.com/allTogetherDrawV10/ajax/enqueue?type=WriteTest&key=6600717804503040-5668600916475904&skip=false&disablepoint=false" "AppEngine-Google; (+http://code.google.com/appengine)" "crowd-coding-dev.appspot.com" ms=473 cpu_ms=128 cpm_usd=0.000346 queue_name=default task_name=56372049031958583511 instance=00c61b117c6eeee6beec32809ef77dfc1ecae9eb app_engine_release=1.9.18
A 12:22:13.328 2015-04-04  200     106 B   441ms /allTogetherDrawV10/ajax/fetch
131.193.76.131 - francesco.paduano91 [04/Apr/2015:12:22:13 -0700] "GET /allTogetherDrawV10/ajax/fetch HTTP/1.1" 200 106 - "Mozilla/5.0 (Macintosh; Intel Mac OS X 10_10_2) AppleWebKit/537.36 (KHTML, like Gecko) Chrome/41.0.2272.118 Safari/537.36" "crowd-coding-dev.appspot.com" ms=441 cpu_ms=103 cpm_usd=0.000214 instance=00c61b117c6eeee6beec32809ef77dfc1ecae9eb app_engine_release=1.9.18
A 12:22:21.764 2015-04-04  200      36 B   267ms /allTogetherDrawV10/ajax/enqueue?type=WriteFunction&key=6604251220410368-6287110566838272&skip=false&disablepoint=false
169.234.207.226 - hosubl [04/Apr/2015:12:22:21 -0700] "POST /allTogetherDrawV10/ajax/enqueue?type=WriteFunction&key=6604251220410368-6287110566838272&skip=false&disablepoint=false HTTP/1.1" 200 36 "http://crowd-coding-dev.appspot.com/allTogetherDrawV10" "Mozilla/5.0 (Windows NT 6.1) AppleWebKit/537.36 (KHTML, like Gecko) Chrome/41.0.2272.118 Safari/537.36" "crowd-coding-dev.appspot.com" ms=267 cpu_ms=48 cpm_usd=0.000079 instance=00c61b117c6eeee6beec32809ef77dfc1ecae9eb app_engine_release=1.9.18
A 12:22:22.019 2015-04-04  200       0 B   385ms /worker
0.1.0.2 - - [04/Apr/2015:12:22:22 -0700] "POST /worker HTTP/1.1" 200 0 "http://crowd-coding-dev.appspot.com/allTogetherDrawV10/ajax/enqueue?type=WriteFunction&key=6604251220410368-6287110566838272&skip=false&disablepoint=false" "AppEngine-Google; (+http://code.google.com/appengine)" "crowd-coding-dev.appspot.com" ms=385 cpu_ms=118 cpm_usd=0.000329 queue_name=default task_name=6902788336305402547 instance=00c61b117c6eeee6beec32809ef77dfc1ecae9eb app_engine_release=1.9.18
A 12:22:25.238 2015-04-04  200     106 B   295ms /allTogetherDrawV10/ajax/fetch
128.195.58.186 - vijay.0288 [04/Apr/2015:12:22:25 -0700] "GET /allTogetherDrawV10/ajax/fetch HTTP/1.1" 200 106 - "Mozilla/5.0 (Windows NT 6.1; WOW64) AppleWebKit/537.36 (KHTML, like Gecko) Chrome/41.0.2272.118 Safari/537.36" "crowd-coding-dev.appspot.com" ms=295 cpu_ms=82 cpm_usd=0.000205 instance=00c61b117c6eeee6beec32809ef77dfc1ecae9eb app_engine_release=1.9.18
A 12:22:36.987 2015-04-04  200      36 B    75ms /allTogetherDrawV10/ajax/fetch
